Archive member included to satisfy reference by file (symbol)

/home/mkhuthir/.pico-sdk/toolchain/13_2_Rel1/bin/../lib/gcc/arm-none-eabi/13.2.1/thumb/v6-m/nofp/libgcc.a(_dvmd_tls.o)
                              CMakeFiles/hello_uart.dir/home/mkhuthir/.pico-sdk/sdk/2.0.0/src/rp2_common/pico_divider/divider_hardware.S.obj (__aeabi_idiv0)
/home/mkhuthir/.pico-sdk/toolchain/13_2_Rel1/bin/../lib/gcc/arm-none-eabi/13.2.1/../../../../arm-none-eabi/lib/thumb/v6-m/nofp/libg.a(libc_a-lcltime_r.o)
                              CMakeFiles/hello_uart.dir/home/mkhuthir/.pico-sdk/sdk/2.0.0/src/common/pico_util/datetime.c.obj (localtime_r)
/home/mkhuthir/.pico-sdk/toolchain/13_2_Rel1/bin/../lib/gcc/arm-none-eabi/13.2.1/../../../../arm-none-eabi/lib/thumb/v6-m/nofp/libg.a(libc_a-mktime.o)
                              CMakeFiles/hello_uart.dir/home/mkhuthir/.pico-sdk/sdk/2.0.0/src/common/pico_util/datetime.c.obj (mktime)
/home/mkhuthir/.pico-sdk/toolchain/13_2_Rel1/bin/../lib/gcc/arm-none-eabi/13.2.1/../../../../arm-none-eabi/lib/thumb/v6-m/nofp/libg.a(libc_a-month_lengths.o)
                              /home/mkhuthir/.pico-sdk/toolchain/13_2_Rel1/bin/../lib/gcc/arm-none-eabi/13.2.1/../../../../arm-none-eabi/lib/thumb/v6-m/nofp/libg.a(libc_a-lcltime_r.o) (__month_lengths)
/home/mkhuthir/.pico-sdk/toolchain/13_2_Rel1/bin/../lib/gcc/arm-none-eabi/13.2.1/../../../../arm-none-eabi/lib/thumb/v6-m/nofp/libg.a(libc_a-tzcalc_limits.o)
                              /home/mkhuthir/.pico-sdk/toolchain/13_2_Rel1/bin/../lib/gcc/arm-none-eabi/13.2.1/../../../../arm-none-eabi/lib/thumb/v6-m/nofp/libg.a(libc_a-lcltime_r.o) (__tzcalc_limits)
/home/mkhuthir/.pico-sdk/toolchain/13_2_Rel1/bin/../lib/gcc/arm-none-eabi/13.2.1/../../../../arm-none-eabi/lib/thumb/v6-m/nofp/libg.a(libc_a-tzlock.o)
                              /home/mkhuthir/.pico-sdk/toolchain/13_2_Rel1/bin/../lib/gcc/arm-none-eabi/13.2.1/../../../../arm-none-eabi/lib/thumb/v6-m/nofp/libg.a(libc_a-lcltime_r.o) (__tz_lock)
/home/mkhuthir/.pico-sdk/toolchain/13_2_Rel1/bin/../lib/gcc/arm-none-eabi/13.2.1/../../../../arm-none-eabi/lib/thumb/v6-m/nofp/libg.a(libc_a-malloc.o)
                              CMakeFiles/hello_uart.dir/home/mkhuthir/.pico-sdk/sdk/2.0.0/src/rp2_common/pico_malloc/malloc.c.obj (malloc)
/home/mkhuthir/.pico-sdk/toolchain/13_2_Rel1/bin/../lib/gcc/arm-none-eabi/13.2.1/../../../../arm-none-eabi/lib/thumb/v6-m/nofp/libg.a(libc_a-mallocr.o)
                              /home/mkhuthir/.pico-sdk/toolchain/13_2_Rel1/bin/../lib/gcc/arm-none-eabi/13.2.1/../../../../arm-none-eabi/lib/thumb/v6-m/nofp/libg.a(libc_a-malloc.o) (_malloc_r)
/home/mkhuthir/.pico-sdk/toolchain/13_2_Rel1/bin/../lib/gcc/arm-none-eabi/13.2.1/../../../../arm-none-eabi/lib/thumb/v6-m/nofp/libg.a(libc_a-memcmp.o)
                              CMakeFiles/hello_uart.dir/home/mkhuthir/.pico-sdk/sdk/2.0.0/src/rp2_common/pico_atomic/atomic.c.obj (memcmp)
/home/mkhuthir/.pico-sdk/toolchain/13_2_Rel1/bin/../lib/gcc/arm-none-eabi/13.2.1/../../../../arm-none-eabi/lib/thumb/v6-m/nofp/libg.a(libc_a-tzset.o)
                              /home/mkhuthir/.pico-sdk/toolchain/13_2_Rel1/bin/../lib/gcc/arm-none-eabi/13.2.1/../../../../arm-none-eabi/lib/thumb/v6-m/nofp/libg.a(libc_a-lcltime_r.o) (_tzset_unlocked)
/home/mkhuthir/.pico-sdk/toolchain/13_2_Rel1/bin/../lib/gcc/arm-none-eabi/13.2.1/../../../../arm-none-eabi/lib/thumb/v6-m/nofp/libg.a(libc_a-tzset_r.o)
                              /home/mkhuthir/.pico-sdk/toolchain/13_2_Rel1/bin/../lib/gcc/arm-none-eabi/13.2.1/../../../../arm-none-eabi/lib/thumb/v6-m/nofp/libg.a(libc_a-tzset.o) (_tzset_unlocked_r)
/home/mkhuthir/.pico-sdk/toolchain/13_2_Rel1/bin/../lib/gcc/arm-none-eabi/13.2.1/../../../../arm-none-eabi/lib/thumb/v6-m/nofp/libg.a(libc_a-init.o)
                              /home/mkhuthir/.pico-sdk/toolchain/13_2_Rel1/bin/../lib/gcc/arm-none-eabi/13.2.1/../../../../arm-none-eabi/lib/thumb/v6-m/nofp/crt0.o (__libc_init_array)
/home/mkhuthir/.pico-sdk/toolchain/13_2_Rel1/bin/../lib/gcc/arm-none-eabi/13.2.1/../../../../arm-none-eabi/lib/thumb/v6-m/nofp/libg.a(libc_a-tzvars.o)
                              /home/mkhuthir/.pico-sdk/toolchain/13_2_Rel1/bin/../lib/gcc/arm-none-eabi/13.2.1/../../../../arm-none-eabi/lib/thumb/v6-m/nofp/libg.a(libc_a-tzset_r.o) (_timezone)
/home/mkhuthir/.pico-sdk/toolchain/13_2_Rel1/bin/../lib/gcc/arm-none-eabi/13.2.1/../../../../arm-none-eabi/lib/thumb/v6-m/nofp/libg.a(libc_a-lock.o)
                              /home/mkhuthir/.pico-sdk/toolchain/13_2_Rel1/bin/../lib/gcc/arm-none-eabi/13.2.1/../../../../arm-none-eabi/lib/thumb/v6-m/nofp/libg.a(libc_a-tzlock.o) (__retarget_lock_acquire)
/home/mkhuthir/.pico-sdk/toolchain/13_2_Rel1/bin/../lib/gcc/arm-none-eabi/13.2.1/../../../../arm-none-eabi/lib/thumb/v6-m/nofp/libg.a(libc_a-sysconf.o)
                              /home/mkhuthir/.pico-sdk/toolchain/13_2_Rel1/bin/../lib/gcc/arm-none-eabi/13.2.1/../../../../arm-none-eabi/lib/thumb/v6-m/nofp/libg.a(libc_a-mallocr.o) (sysconf)
[...]
Memory Configuration

Name             Origin             Length             Attributes
FLASH            0x10000000         0x00200000         xr
RAM              0x20000000         0x00040000         xrw
SCRATCH_X        0x20040000         0x00001000         xrw
SCRATCH_Y        0x20041000         0x00001000         xrw
*default*        0x00000000         0xffffffff

Linker script and memory map

LOAD /home/mkhuthir/.pico-sdk/toolchain/13_2_Rel1/bin/../lib/gcc/arm-none-eabi/13.2.1/thumb/v6-m/nofp/crti.o
LOAD /home/mkhuthir/.pico-sdk/toolchain/13_2_Rel1/bin/../lib/gcc/arm-none-eabi/13.2.1/thumb/v6-m/nofp/crtbegin.o
LOAD /home/mkhuthir/.pico-sdk/toolchain/13_2_Rel1/bin/../lib/gcc/arm-none-eabi/13.2.1/../../../../arm-none-eabi/lib/thumb/v6-m/nofp/crt0.o

.flash_begin    0x10000000        0x0
                0x10000000                        __flash_binary_start = .

.boot2          0x10000000      0x100
                0x10000000                        __boot2_start__ = .
 *(.boot2)
 .boot2         0x10000000      0x100 /tmp/ccCxvPJp.o
                0x10000100                        __boot2_end__ = .
                0x00000001                        ASSERT (((__boot2_end__ - __boot2_start__) == 0x100), ERROR: Pico second stage bootloader must be 256 bytes in size)

.text           0x10000100     0x35f8
                0x10000100                        __logical_binary_start = .
 *(.vectors)
 .vectors       0x10000100       0xd4 CMakeFiles/hello_uart.dir/home/mkhuthir/.pico-sdk/sdk/2.0.0/src/rp2_common/pico_crt0/crt0.S.obj
                0x10000100                __vectors
                0x10000100                __VECTOR_TABLE
                0x100001c0                isr_invalid
                0x100001c0                __default_isrs_start
                0x100001c2                isr_nmi
                0x100001c4                isr_hardfault
                0x100001c6                isr_svcall
                0x100001c8                isr_pendsv
                0x100001ca                isr_systick
                0x100001cc                isr_irq30
                0x100001cc                __unhandled_user_irq
                0x100001cc                isr_irq13
                0x100001cc                isr_irq27
                0x100001cc                isr_irq31
                0x100001cc                isr_irq5
                0x100001cc                isr_irq11
                0x100001cc                isr_irq23
                0x100001cc                isr_irq18
                0x100001cc                isr_irq28
                0x100001cc                isr_irq19
                0x100001cc                isr_irq0
                0x100001cc                isr_irq6
                0x100001cc                isr_irq22
                0x100001cc                isr_irq17
                0x100001cc                isr_irq14
                0x100001cc                isr_irq2
                0x100001cc                isr_irq10
                0x100001cc                isr_irq8
                0x100001cc                isr_irq24
                0x100001cc                isr_irq1
                0x100001cc                isr_irq7
                0x100001cc                isr_irq21
                0x100001cc                isr_irq20
                0x100001cc                isr_irq15
                0x100001cc                isr_irq25
                0x100001cc                isr_irq4
                0x100001cc                isr_irq16
                0x100001cc                isr_irq29
                0x100001cc                isr_irq26
                0x100001cc                __default_isrs_end
                0x100001cc                isr_irq3
                0x100001cc                isr_irq12
                0x100001cc                isr_irq9
                0x100001d2                unhandled_user_irq_num_in_r0
 *(.binary_info_header)
 .binary_info_header
                0x100001d4       0x14 CMakeFiles/hello_uart.dir/home/mkhuthir/.pico-sdk/sdk/2.0.0/src/rp2_common/pico_crt0/crt0.S.obj
                0x100001e8                        __binary_info_header_end = .
 *(.embedded_block)
                0x100001e8                        __embedded_block_end = .
 *(.reset)
 .reset         0x100001e8       0x9c CMakeFiles/hello_uart.dir/home/mkhuthir/.pico-sdk/sdk/2.0.0/src/rp2_common/pico_crt0/crt0.S.obj
                0x100001e8                _entry_point
 *(.init)
 .init          0x10000284        0x4 /home/mkhuthir/.pico-sdk/toolchain/13_2_Rel1/bin/../lib/gcc/arm-none-eabi/13.2.1/thumb/v6-m/nofp/crti.o
                0x10000284                _init
 *(EXCLUDE_FILE(*libm.a: *libc.a:*lib_a-mem*.o *libgcc.a:) .text*)
 .text.register_tm_clones
                0x10000288       0x28 /home/mkhuthir/.pico-sdk/toolchain/13_2_Rel1/bin/../lib/gcc/arm-none-eabi/13.2.1/thumb/v6-m/nofp/crtbegin.o
 .text.frame_dummy
                0x100002b0       0x24 /home/mkhuthir/.pico-sdk/toolchain/13_2_Rel1/bin/../lib/gcc/arm-none-eabi/13.2.1/thumb/v6-m/nofp/crtbegin.o
 .text.uart_putc
                0x100002d4       0x60 CMakeFiles/hello_uart.dir/hello_uart.c.obj
 .text.uart_puts
                0x10000334       0x4a CMakeFiles/hello_uart.dir/hello_uart.c.obj
 *fill*         0x1000037e        0x2 
 .text.main     0x10000380       0x60 CMakeFiles/hello_uart.dir/hello_uart.c.obj
                0x10000380                main
 .text.gpio_set_function
                0x100003e0       0x34 CMakeFiles/hello_uart.dir/home/mkhuthir/.pico-sdk/sdk/2.0.0/src/rp2_common/hardware_gpio/gpio.c.obj
                0x100003e0                gpio_set_function
 .text.panic    0x10000414       0x30 CMakeFiles/hello_uart.dir/home/mkhuthir/.pico-sdk/sdk/2.0.0/src/rp2_common/pico_platform_panic/panic.c.obj
                0x10000414                panic
 .text.hw_claim_lock
                0x10000444       0x18 CMakeFiles/hello_uart.dir/home/mkhuthir/.pico-sdk/sdk/2.0.0/src/common/hardware_claim/claim.c.obj
                0x10000444                hw_claim_lock
 .text.hw_claim_unlock
                0x1000045c       0x14 CMakeFiles/hello_uart.dir/home/mkhuthir/.pico-sdk/sdk/2.0.0/src/common/hardware_claim/claim.c.obj
                0x1000045c                hw_claim_unlock
 .text.hw_claim_or_assert
                0x10000470       0x32 CMakeFiles/hello_uart.dir/home/mkhuthir/.pico-sdk/sdk/2.0.0/src/common/hardware_claim/claim.c.obj
                0x10000470                hw_claim_or_assert
 *fill*         0x100004a2        0x2 
 .text.next_striped_spin_lock_num
                0x100004a4       0x1c CMakeFiles/hello_uart.dir/home/mkhuthir/.pico-sdk/sdk/2.0.0/src/rp2_common/hardware_sync/sync.c.obj
                0x100004a4                next_striped_spin_lock_num
 .text.spin_locks_reset
                0x100004c0       0x20 CMakeFiles/hello_uart.dir/home/mkhuthir/.pico-sdk/sdk/2.0.0/src/rp2_common/hardware_sync_spin_lock/sync_spin_lock.c.obj
                0x100004c0                spin_locks_reset
 .text.set_raw_irq_handler_and_unlock
                0x100004e0       0x28 CMakeFiles/hello_uart.dir/home/mkhuthir/.pico-sdk/sdk/2.0.0/src/rp2_common/hardware_irq/irq.c.obj
 .text.nvic_ipr0
                0x10000508        0x8 CMakeFiles/hello_uart.dir/home/mkhuthir/.pico-sdk/sdk/2.0.0/src/rp2_common/hardware_irq/irq.c.obj
 .text.runtime_init_per_core_irq_priorities
                0x10000510       0x1c CMakeFiles/hello_uart.dir/home/mkhuthir/.pico-sdk/sdk/2.0.0/src/rp2_common/hardware_irq/irq.c.obj
                0x10000510                runtime_init_per_core_irq_priorities
 .text.irq_set_mask_n_enabled
                0x1000052c       0x1c CMakeFiles/hello_uart.dir/home/mkhuthir/.pico-sdk/sdk/2.0.0/src/rp2_common/hardware_irq/irq.c.obj
                0x1000052c                irq_set_mask_n_enabled
 .text.irq_set_enabled
                0x10000548       0x14 CMakeFiles/hello_uart.dir/home/mkhuthir/.pico-sdk/sdk/2.0.0/src/rp2_common/hardware_irq/irq.c.obj
                0x10000548                irq_set_enabled
 .text.irq_get_vtable_handler
                0x1000055c       0x10 CMakeFiles/hello_uart.dir/home/mkhuthir/.pico-sdk/sdk/2.0.0/src/rp2_common/hardware_irq/irq.c.obj
                0x1000055c                irq_get_vtable_handler
 .text.irq_set_exclusive_handler
                0x1000056c       0x54 CMakeFiles/hello_uart.dir/home/mkhuthir/.pico-sdk/sdk/2.0.0/src/rp2_common/hardware_irq/irq.c.obj
                0x1000056c                irq_set_exclusive_handler
 .text.lock_init
                0x100005c0       0x10 CMakeFiles/hello_uart.dir/home/mkhuthir/.pico-sdk/sdk/2.0.0/src/common/pico_sync/lock_core.c.obj
                0x100005c0                lock_init
 .text.mutex_init
                0x100005d0       0x1a CMakeFiles/hello_uart.dir/home/mkhuthir/.pico-sdk/sdk/2.0.0/src/common/pico_sync/mutex.c.obj
                0x100005d0                mutex_init
 .text.recursive_mutex_init
                0x100005ea       0x1e CMakeFiles/hello_uart.dir/home/mkhuthir/.pico-sdk/sdk/2.0.0/src/common/pico_sync/mutex.c.obj
                0x100005ea                recursive_mutex_init
 .text.runtime_init_mutex
                0x10000608       0x4c CMakeFiles/hello_uart.dir/home/mkhuthir/.pico-sdk/sdk/2.0.0/src/common/pico_sync/mutex.c.obj
                0x10000608                runtime_init_mutex
 .text.make_alarm_id
                0x10000654        0x6 CMakeFiles/hello_uart.dir/home/mkhuthir/.pico-sdk/sdk/2.0.0/src/common/pico_time/time.c.obj
 *fill*         0x1000065a        0x2 
 .text.sleep_until_callback
                0x1000065c       0x30 CMakeFiles/hello_uart.dir/home/mkhuthir/.pico-sdk/sdk/2.0.0/src/common/pico_time/time.c.obj
 .text.alarm_pool_irq_handler
                0x1000068c      0x2e0 CMakeFiles/hello_uart.dir/home/mkhuthir/.pico-sdk/sdk/2.0.0/src/common/pico_time/time.c.obj
 .text.ta_enable_irq_handler
                0x1000096c       0x2c CMakeFiles/hello_uart.dir/home/mkhuthir/.pico-sdk/sdk/2.0.0/src/common/pico_time/time.c.obj
 .text.alarm_pool_post_alloc_init
                0x10000998       0x78 CMakeFiles/hello_uart.dir/home/mkhuthir/.pico-sdk/sdk/2.0.0/src/common/pico_time/time.c.obj
 .text.alarm_pool_get_default
                0x10000a10       0x2c CMakeFiles/hello_uart.dir/home/mkhuthir/.pico-sdk/sdk/2.0.0/src/common/pico_time/time.c.obj
                0x10000a10                alarm_pool_get_default
 .text.alarm_pool_add_alarm_at_force_in_context
                0x10000a3c       0xa4 CMakeFiles/hello_uart.dir/home/mkhuthir/.pico-sdk/sdk/2.0.0/src/common/pico_time/time.c.obj
                0x10000a3c                alarm_pool_add_alarm_at_force_in_context
 .text.alarm_pool_add_alarm_at
                0x10000ae0       0x3c CMakeFiles/hello_uart.dir/home/mkhuthir/.pico-sdk/sdk/2.0.0/src/common/pico_time/time.c.obj
                0x10000ae0                alarm_pool_add_alarm_at
 .text.add_alarm_at
                0x10000b1c       0x2e CMakeFiles/hello_uart.dir/home/mkhuthir/.pico-sdk/sdk/2.0.0/src/common/pico_time/time.c.obj
 *fill*         0x10000b4a        0x2 
 .text.alarm_pool_cancel_alarm
                0x10000b4c       0x78 CMakeFiles/hello_uart.dir/home/mkhuthir/.pico-sdk/sdk/2.0.0/src/common/pico_time/time.c.obj
                0x10000b4c                alarm_pool_cancel_alarm
 .text.cancel_alarm
                0x10000bc4       0x10 CMakeFiles/hello_uart.dir/home/mkhuthir/.pico-sdk/sdk/2.0.0/src/common/pico_time/time.c.obj
 .text.best_effort_wfe_or_timeout
                0x10000bd4       0xc4 CMakeFiles/hello_uart.dir/home/mkhuthir/.pico-sdk/sdk/2.0.0/src/common/pico_time/time.c.obj
                0x10000bd4                best_effort_wfe_or_timeout
 .text.alarm_pool_get_default_timer
                0x10000c98        0x8 CMakeFiles/hello_uart.dir/home/mkhuthir/.pico-sdk/sdk/2.0.0/src/common/pico_time/time.c.obj
                0x10000c98                alarm_pool_get_default_timer
 .text.runtime_init_default_alarm_pool
                0x10000ca0       0x38 CMakeFiles/hello_uart.dir/home/mkhuthir/.pico-sdk/sdk/2.0.0/src/common/pico_time/time.c.obj
                0x10000ca0                runtime_init_default_alarm_pool
 .text.timer_hardware_alarm_claim
                0x10000cd8       0x14 CMakeFiles/hello_uart.dir/home/mkhuthir/.pico-sdk/sdk/2.0.0/src/rp2_common/hardware_timer/timer.c.obj
                0x10000cd8                timer_hardware_alarm_claim
 .text.timer_time_us_64
                0x10000cec       0x10 CMakeFiles/hello_uart.dir/home/mkhuthir/.pico-sdk/sdk/2.0.0/src/rp2_common/hardware_timer/timer.c.obj
                0x10000cec                timer_time_us_64
 .text.timer_busy_wait_until
                0x10000cfc       0x1a CMakeFiles/hello_uart.dir/home/mkhuthir/.pico-sdk/sdk/2.0.0/src/rp2_common/hardware_timer/timer.c.obj
                0x10000cfc                timer_busy_wait_until
 .text.timer_busy_wait_us
                0x10000d16       0x38 CMakeFiles/hello_uart.dir/home/mkhuthir/.pico-sdk/sdk/2.0.0/src/rp2_common/hardware_timer/timer.c.obj
                0x10000d16                timer_busy_wait_us
 *fill*         0x10000d4e        0x2 
 .text.time_us_64
                0x10000d50       0x10 CMakeFiles/hello_uart.dir/home/mkhuthir/.pico-sdk/sdk/2.0.0/src/rp2_common/hardware_timer/timer.c.obj
                0x10000d50                time_us_64
 .text.busy_wait_us
                0x10000d60       0x14 CMakeFiles/hello_uart.dir/home/mkhuthir/.pico-sdk/sdk/2.0.0/src/rp2_common/hardware_timer/timer.c.obj
                0x10000d60                busy_wait_us
 .text.uart_unreset
                0x10000d74       0x2c CMakeFiles/hello_uart.dir/home/mkhuthir/.pico-sdk/sdk/2.0.0/src/rp2_common/hardware_uart/uart.c.obj
 .text.uart_disable_before_lcr_write
                0x10000da0       0x48 CMakeFiles/hello_uart.dir/home/mkhuthir/.pico-sdk/sdk/2.0.0/src/rp2_common/hardware_uart/uart.c.obj
 .text.uart_write_lcr_bits_masked
                0x10000de8       0x20 CMakeFiles/hello_uart.dir/home/mkhuthir/.pico-sdk/sdk/2.0.0/src/rp2_common/hardware_uart/uart.c.obj
 .text.uart_set_baudrate
                0x10000e08       0x5c CMakeFiles/hello_uart.dir/home/mkhuthir/.pico-sdk/sdk/2.0.0/src/rp2_common/hardware_uart/uart.c.obj
                0x10000e08                uart_set_baudrate
 .text.uart_set_translate_crlf
                0x10000e64       0x28 CMakeFiles/hello_uart.dir/home/mkhuthir/.pico-sdk/sdk/2.0.0/src/rp2_common/hardware_uart/uart.c.obj
                0x10000e64                uart_set_translate_crlf
 .text.uart_init
                0x10000e8c       0x64 CMakeFiles/hello_uart.dir/home/mkhuthir/.pico-sdk/sdk/2.0.0/src/rp2_common/hardware_uart/uart.c.obj
                0x10000e8c                uart_init
 .text.clock_configure_internal
                0x10000ef0       0xc4 CMakeFiles/hello_uart.dir/home/mkhuthir/.pico-sdk/sdk/2.0.0/src/rp2_common/hardware_clocks/clocks.c.obj
 .text.clock_configure_int_divider
                0x10000fb4       0x28 CMakeFiles/hello_uart.dir/home/mkhuthir/.pico-sdk/sdk/2.0.0/src/rp2_common/hardware_clocks/clocks.c.obj
                0x10000fb4                clock_configure_int_divider
 .text.clock_configure_undivided
                0x10000fdc       0x12 CMakeFiles/hello_uart.dir/home/mkhuthir/.pico-sdk/sdk/2.0.0/src/rp2_common/hardware_clocks/clocks.c.obj
                0x10000fdc                clock_configure_undivided
 *fill*         0x10000fee        0x2 
 .text.clock_get_hz
                0x10000ff0        0xc CMakeFiles/hello_uart.dir/home/mkhuthir/.pico-sdk/sdk/2.0.0/src/rp2_common/hardware_clocks/clocks.c.obj
                0x10000ff0                clock_get_hz
 .text.pll_init
                0x10000ffc      0x124 CMakeFiles/hello_uart.dir/home/mkhuthir/.pico-sdk/sdk/2.0.0/src/rp2_common/hardware_pll/pll.c.obj
                0x10000ffc                pll_init
 .text.tick_start
                0x10001120       0x10 CMakeFiles/hello_uart.dir/home/mkhuthir/.pico-sdk/sdk/2.0.0/src/rp2_common/hardware_ticks/ticks.c.obj
                0x10001120                tick_start
 .text.xosc_init
                0x10001130       0x28 CMakeFiles/hello_uart.dir/home/mkhuthir/.pico-sdk/sdk/2.0.0/src/rp2_common/hardware_xosc/xosc.c.obj
                0x10001130                xosc_init
 .text.runtime_run_initializers_from
                0x10001158       0x18 CMakeFiles/hello_uart.dir/home/mkhuthir/.pico-sdk/sdk/2.0.0/src/rp2_common/pico_runtime/runtime.c.obj
 .text.first_per_core_initializer
                0x10001170        0x2 CMakeFiles/hello_uart.dir/home/mkhuthir/.pico-sdk/sdk/2.0.0/src/rp2_common/pico_runtime/runtime.c.obj
 *fill*         0x10001172        0x2 
 .text.runtime_run_initializers
                0x10001174       0x10 CMakeFiles/hello_uart.dir/home/mkhuthir/.pico-sdk/sdk/2.0.0/src/rp2_common/pico_runtime/runtime.c.obj
                0x10001174                runtime_run_initializers
 .text.runtime_init_early_resets
                0x10001184       0x2c CMakeFiles/hello_uart.dir/home/mkhuthir/.pico-sdk/sdk/2.0.0/src/rp2_common/pico_runtime_init/runtime_init.c.obj
                0x10001184                runtime_init_early_resets
 .text.runtime_init_usb_power_down
                0x100011b0       0x1c CMakeFiles/hello_uart.dir/home/mkhuthir/.pico-sdk/sdk/2.0.0/src/rp2_common/pico_runtime_init/runtime_init.c.obj
                0x100011b0                runtime_init_usb_power_down
 .text.runtime_init_post_clock_resets
                0x100011cc       0x20 CMakeFiles/hello_uart.dir/home/mkhuthir/.pico-sdk/sdk/2.0.0/src/rp2_common/pico_runtime_init/runtime_init.c.obj
                0x100011cc                runtime_init_post_clock_resets
 .text.runtime_init_rp2040_gpio_ie_disable
                0x100011ec       0x14 CMakeFiles/hello_uart.dir/home/mkhuthir/.pico-sdk/sdk/2.0.0/src/rp2_common/pico_runtime_init/runtime_init.c.obj
                0x100011ec                runtime_init_rp2040_gpio_ie_disable
 .text.runtime_init_spin_locks_reset
                0x10001200        0x8 CMakeFiles/hello_uart.dir/home/mkhuthir/.pico-sdk/sdk/2.0.0/src/rp2_common/pico_runtime_init/runtime_init.c.obj
                0x10001200                runtime_init_spin_locks_reset
 .text.runtime_init_install_ram_vector_table
                0x10001208       0x1c CMakeFiles/hello_uart.dir/home/mkhuthir/.pico-sdk/sdk/2.0.0/src/rp2_common/pico_runtime_init/runtime_init.c.obj
                0x10001208                runtime_init_install_ram_vector_table
 .text.start_all_ticks
                0x10001224       0x28 CMakeFiles/hello_uart.dir/home/mkhuthir/.pico-sdk/sdk/2.0.0/src/rp2_common/pico_runtime_init/runtime_init_clocks.c.obj
 .text.runtime_init_clocks
                0x1000124c       0xcc CMakeFiles/hello_uart.dir/home/mkhuthir/.pico-sdk/sdk/2.0.0/src/rp2_common/pico_runtime_init/runtime_init_clocks.c.obj
                0x1000124c                runtime_init_clocks
 .text          0x10001318       0x10 CMakeFiles/hello_uart.dir/home/mkhuthir/.pico-sdk/sdk/2.0.0/src/rp2_common/pico_bit_ops/bit_ops_aeabi.S.obj
 .text.rom_func_lookup
                0x10001328       0x10 CMakeFiles/hello_uart.dir/home/mkhuthir/.pico-sdk/sdk/2.0.0/src/rp2_common/pico_bootrom/bootrom.c.obj
                0x10001328                rom_func_lookup
 .text.rom_data_lookup
                0x10001338       0x10 CMakeFiles/hello_uart.dir/home/mkhuthir/.pico-sdk/sdk/2.0.0/src/rp2_common/pico_bootrom/bootrom.c.obj
                0x10001338                rom_data_lookup
 .text.rom_funcs_lookup
                0x10001348       0x36 CMakeFiles/hello_uart.dir/home/mkhuthir/.pico-sdk/sdk/2.0.0/src/rp2_common/pico_bootrom/bootrom.c.obj
                0x10001348                rom_funcs_lookup
 *fill*         0x1000137e        0x2 
 .text.__wrap___aeabi_idiv
                0x10001380       0x50 CMakeFiles/hello_uart.dir/home/mkhuthir/.pico-sdk/sdk/2.0.0/src/rp2_common/pico_divider/divider_hardware.S.obj
                0x10001380                __wrap___aeabi_idivmod
                0x10001380                divmod_s32s32
                0x10001380                div_s32s32
                0x10001380                __wrap___aeabi_idiv
                0x10001388                divmod_s32s32_unsafe
                0x100013b4                divmod_s32s32_savestate
 .text.__wrap___aeabi_uidiv
                0x100013d0       0x4c CMakeFiles/hello_uart.dir/home/mkhuthir/.pico-sdk/sdk/2.0.0/src/rp2_common/pico_divider/divider_hardware.S.obj
                0x100013d0                __wrap___aeabi_uidiv
                0x100013d0                __wrap___aeabi_uidivmod
                0x100013d0                div_u32u32
                0x100013d0                divmod_u32u32
                0x100013d8                divmod_u32u32_unsafe
                0x10001400                divmod_u32u32_savestate
 .text.__wrap___aeabi_ldiv
                0x1000141c      0x424 CMakeFiles/hello_uart.dir/home/mkhuthir/.pico-sdk/sdk/2.0.0/src/rp2_common/pico_divider/divider_hardware.S.obj
                0x1000141c                div_s64s64
                0x1000141c                divmod_s64s64
                0x1000141c                __wrap___aeabi_ldivmod
                0x1000144c                div_u64u64
                0x1000144c                divmod_u64u64
                0x1000144c                __wrap___aeabi_uldivmod
                0x1000145c                divmod_u64u64_savestate
                0x1000147c                divmod_s64s64_unsafe
                0x10001504                divmod_u64u64_unsafe
 .text.__wrap___aeabi_darithmetic
                0x10001840       0x80 CMakeFiles/hello_uart.dir/home/mkhuthir/.pico-sdk/sdk/2.0.0/src/rp2_common/pico_double/double_aeabi_rp2040.S.obj
                0x10001840                __wrap___aeabi_drsub
                0x10001846                __wrap___aeabi_dsub
                0x10001858                __wrap___aeabi_dadd
                0x1000186a                __wrap___aeabi_ddiv
                0x100018a6                __wrap___aeabi_dmul
 .text.__wrap___aeabi_cdcmple
                0x100018c0       0x6c CMakeFiles/hello_uart.dir/home/mkhuthir/.pico-sdk/sdk/2.0.0/src/rp2_common/pico_double/double_aeabi_rp2040.S.obj
                0x100018c0                __wrap___aeabi_cdrcmple
                0x100018d0                __wrap___aeabi_cdcmple
                0x100018d0                __wrap___aeabi_cdcmpeq
 .text.__wrap___aeabi_dcmplt
                0x1000192c        0xc CMakeFiles/hello_uart.dir/home/mkhuthir/.pico-sdk/sdk/2.0.0/src/rp2_common/pico_double/double_aeabi_rp2040.S.obj
                0x1000192c                __wrap___aeabi_dcmplt
 .text.__wrap___aeabi_dcmple
                0x10001938       0x10 CMakeFiles/hello_uart.dir/home/mkhuthir/.pico-sdk/sdk/2.0.0/src/rp2_common/pico_double/double_aeabi_rp2040.S.obj
                0x10001938                __wrap___aeabi_dcmple
 .text.__wrap___aeabi_dcmpge
                0x10001948       0x10 CMakeFiles/hello_uart.dir/home/mkhuthir/.pico-sdk/sdk/2.0.0/src/rp2_common/pico_double/double_aeabi_rp2040.S.obj
                0x10001948                __wrap___aeabi_dcmpge
 .text.__wrap___aeabi_dcmpgt
                0x10001958        0xa CMakeFiles/hello_uart.dir/home/mkhuthir/.pico-sdk/sdk/2.0.0/src/rp2_common/pico_double/double_aeabi_rp2040.S.obj
                0x10001958                __wrap___aeabi_dcmpgt
 .text.__wrap___aeabi_dcmpun
                0x10001962       0x18 CMakeFiles/hello_uart.dir/home/mkhuthir/.pico-sdk/sdk/2.0.0/src/rp2_common/pico_double/double_aeabi_rp2040.S.obj
                0x10001962                __wrap___aeabi_dcmpun
 *fill*         0x1000197a        0x2 
 .text.__wrap___aeabi_i2d
                0x1000197c       0x38 CMakeFiles/hello_uart.dir/home/mkhuthir/.pico-sdk/sdk/2.0.0/src/rp2_common/pico_double/double_aeabi_rp2040.S.obj
                0x1000197c                __wrap___aeabi_ui2d
                0x10001984                __wrap___aeabi_i2d
 .text.__wrap___aeabi_d2iz
                0x100019b4       0x48 CMakeFiles/hello_uart.dir/home/mkhuthir/.pico-sdk/sdk/2.0.0/src/rp2_common/pico_double/double_aeabi_rp2040.S.obj
                0x100019b4                __wrap___aeabi_d2iz
                0x100019b4                double2int_z
 .text.__wrap___aeabi_d2uiz
                0x100019fc       0x18 CMakeFiles/hello_uart.dir/home/mkhuthir/.pico-sdk/sdk/2.0.0/src/rp2_common/pico_double/double_aeabi_rp2040.S.obj
                0x100019fc                double2uint
                0x100019fc                __wrap___aeabi_d2uiz
 .text.__aeabi_double_init
                0x10001a14       0xcc CMakeFiles/hello_uart.dir/home/mkhuthir/.pico-sdk/sdk/2.0.0/src/rp2_common/pico_double/double_init_rom_rp2040.c.obj
                0x10001a14                __aeabi_double_init
 .text.double_table_shim_on_use_helper
                0x10001ae0       0x34 CMakeFiles/hello_uart.dir/home/mkhuthir/.pico-sdk/sdk/2.0.0/src/rp2_common/pico_double/double_v1_rom_shim_rp2040.S.obj
                0x10001ae0                double_table_shim_on_use_helper
 .text.__wrap___aeabi_dsub
                0x10001b14       0x10 CMakeFiles/hello_uart.dir/home/mkhuthir/.pico-sdk/sdk/2.0.0/src/rp2_common/pico_double/double_v1_rom_shim_rp2040.S.obj
                0x10001b14                drsub_shim
                0x10001b1a                dsub_shim
 .text.dadd_shim
                0x10001b24      0x15c CMakeFiles/hello_uart.dir/home/mkhuthir/.pico-sdk/sdk/2.0.0/src/rp2_common/pico_double/double_v1_rom_shim_rp2040.S.obj
                0x10001b24                dadd_shim
 .text.dmul_shim
                0x10001c80      0x15c CMakeFiles/hello_uart.dir/home/mkhuthir/.pico-sdk/sdk/2.0.0/src/rp2_common/pico_double/double_v1_rom_shim_rp2040.S.obj
                0x10001c80                dmul_shim
 .text.ddiv_shim
                0x10001ddc      0x1b0 CMakeFiles/hello_uart.dir/home/mkhuthir/.pico-sdk/sdk/2.0.0/src/rp2_common/pico_double/double_v1_rom_shim_rp2040.S.obj
                0x10001ddc                ddiv_shim
 .text.double2uint_shim
                0x10001f8c        0xe CMakeFiles/hello_uart.dir/home/mkhuthir/.pico-sdk/sdk/2.0.0/src/rp2_common/pico_double/double_v1_rom_shim_rp2040.S.obj
                0x10001f8c                double2uint_shim
                0x10001f8e                double2ufix_shim
 *fill*         0x10001f9a        0x2 
 .text.double2uint64_shim
                0x10001f9c       0x70 CMakeFiles/hello_uart.dir/home/mkhuthir/.pico-sdk/sdk/2.0.0/src/rp2_common/pico_double/double_v1_rom_shim_rp2040.S.obj
                0x10001f9c                double2uint64_shim
                0x10001f9e                double2ufix64_shim
                0x10001fbe                d2fix_a
 .text.dunpacks
                0x1000200c       0x3c CMakeFiles/hello_uart.dir/home/mkhuthir/.pico-sdk/sdk/2.0.0/src/rp2_common/pico_double/double_v1_rom_shim_rp2040.S.obj
                0x1000200c                dunpacks
 .text.__aeabi_float_init
                0x10002048       0xfc CMakeFiles/hello_uart.dir/home/mkhuthir/.pico-sdk/sdk/2.0.0/src/rp2_common/pico_float/float_init_rom_rp2040.c.obj
                0x10002048                __aeabi_float_init
 .text.float_table_shim_on_use_helper
                0x10002144       0x34 CMakeFiles/hello_uart.dir/home/mkhuthir/.pico-sdk/sdk/2.0.0/src/rp2_common/pico_float/float_v1_rom_shim_rp2040.S.obj
                0x10002144                float_table_shim_on_use_helper
 .text          0x10002178       0x10 CMakeFiles/hello_uart.dir/home/mkhuthir/.pico-sdk/sdk/2.0.0/src/rp2_common/pico_mem_ops/mem_ops_aeabi.S.obj
                0x10002178                __aeabi_mem_init
 .text.memcpy   0x10002188        0xc CMakeFiles/hello_uart.dir/home/mkhuthir/.pico-sdk/sdk/2.0.0/src/rp2_common/pico_mem_ops/mem_ops_aeabi.S.obj
                0x10002188                __wrap___aeabi_memcpy
                0x10002188                __wrap_memcpy
 .text._out_null
                0x10002194        0x2 CMakeFiles/hello_uart.dir/home/mkhuthir/.pico-sdk/sdk/2.0.0/src/rp2_common/pico_printf/printf.c.obj
 .text._out_fct
                0x10002196        0xe CMakeFiles/hello_uart.dir/home/mkhuthir/.pico-sdk/sdk/2.0.0/src/rp2_common/pico_printf/printf.c.obj
 .text._atoi    0x100021a4       0x24 CMakeFiles/hello_uart.dir/home/mkhuthir/.pico-sdk/sdk/2.0.0/src/rp2_common/pico_printf/printf.c.obj
 .text._out_rev
                0x100021c8       0xae CMakeFiles/hello_uart.dir/home/mkhuthir/.pico-sdk/sdk/2.0.0/src/rp2_common/pico_printf/printf.c.obj
 .text._ntoa_format
                0x10002276      0x110 CMakeFiles/hello_uart.dir/home/mkhuthir/.pico-sdk/sdk/2.0.0/src/rp2_common/pico_printf/printf.c.obj
 .text._ntoa_long
                0x10002386       0xbc CMakeFiles/hello_uart.dir/home/mkhuthir/.pico-sdk/sdk/2.0.0/src/rp2_common/pico_printf/printf.c.obj
 .text._ntoa_long_long
                0x10002442      0x10e CMakeFiles/hello_uart.dir/home/mkhuthir/.pico-sdk/sdk/2.0.0/src/rp2_common/pico_printf/printf.c.obj
 .text._etoa    0x10002550      0x420 CMakeFiles/hello_uart.dir/home/mkhuthir/.pico-sdk/sdk/2.0.0/src/rp2_common/pico_printf/printf.c.obj
 .text._ftoa    0x10002970      0x354 CMakeFiles/hello_uart.dir/home/mkhuthir/.pico-sdk/sdk/2.0.0/src/rp2_common/pico_printf/printf.c.obj
 .text._vsnprintf
                0x10002cc4      0x668 CMakeFiles/hello_uart.dir/home/mkhuthir/.pico-sdk/sdk/2.0.0/src/rp2_common/pico_printf/printf.c.obj
 .text.vfctprintf
                0x1000332c       0x20 CMakeFiles/hello_uart.dir/home/mkhuthir/.pico-sdk/sdk/2.0.0/src/rp2_common/pico_printf/printf.c.obj
                0x1000332c                vfctprintf
 .text._exit    0x1000334c        0x4 CMakeFiles/hello_uart.dir/home/mkhuthir/.pico-sdk/sdk/2.0.0/src/rp2_common/pico_clib_interface/newlib_interface.c.obj
                0x1000334c                _exit
 .text.exit     0x10003350        0x6 CMakeFiles/hello_uart.dir/home/mkhuthir/.pico-sdk/sdk/2.0.0/src/rp2_common/pico_clib_interface/newlib_interface.c.obj
                0x10003350                exit
 *fill*         0x10003356        0x2 
 .text.__assert_func
                0x10003358       0x38 CMakeFiles/hello_uart.dir/home/mkhuthir/.pico-sdk/sdk/2.0.0/src/rp2_common/pico_clib_interface/newlib_interface.c.obj
                0x10003358                __assert_func
 .text.runtime_init
                0x10003390       0x28 CMakeFiles/hello_uart.dir/home/mkhuthir/.pico-sdk/sdk/2.0.0/src/rp2_common/pico_clib_interface/newlib_interface.c.obj
                0x10003390                runtime_init
 .text.stdio_out_chars_no_crlf
                0x100033b8        0xe CMakeFiles/hello_uart.dir/home/mkhuthir/.pico-sdk/sdk/2.0.0/src/rp2_common/pico_stdio/stdio.c.obj
 *fill*         0x100033c6        0x2 
 .text.stdio_out_chars_crlf
                0x100033c8       0x80 CMakeFiles/hello_uart.dir/home/mkhuthir/.pico-sdk/sdk/2.0.0/src/rp2_common/pico_stdio/stdio.c.obj
 .text.stdio_stack_buffer_flush
                0x10003448       0x44 CMakeFiles/hello_uart.dir/home/mkhuthir/.pico-sdk/sdk/2.0.0/src/rp2_common/pico_stdio/stdio.c.obj
 .text.stdio_buffered_printer
                0x1000348c       0x20 CMakeFiles/hello_uart.dir/home/mkhuthir/.pico-sdk/sdk/2.0.0/src/rp2_common/pico_stdio/stdio.c.obj
 .text.stdout_serialize_begin
                0x100034ac       0x30 CMakeFiles/hello_uart.dir/home/mkhuthir/.pico-sdk/sdk/2.0.0/src/rp2_common/pico_stdio/stdio.c.obj
                0x100034ac                stdout_serialize_begin
 .text.stdout_serialize_end
                0x100034dc       0x10 CMakeFiles/hello_uart.dir/home/mkhuthir/.pico-sdk/sdk/2.0.0/src/rp2_common/pico_stdio/stdio.c.obj
                0x100034dc                stdout_serialize_end
 .text.stdio_put_string
                0x100034ec       0x94 CMakeFiles/hello_uart.dir/home/mkhuthir/.pico-sdk/sdk/2.0.0/src/rp2_common/pico_stdio/stdio.c.obj
                0x100034ec                stdio_put_string
 .text.stdio_flush
                0x10003580       0x20 CMakeFiles/hello_uart.dir/home/mkhuthir/.pico-sdk/sdk/2.0.0/src/rp2_common/pico_stdio/stdio.c.obj
                0x10003580                stdio_flush
 .text.__wrap_puts
                0x100035a0       0x1e CMakeFiles/hello_uart.dir/home/mkhuthir/.pico-sdk/sdk/2.0.0/src/rp2_common/pico_stdio/stdio.c.obj
                0x100035a0                __wrap_puts
                0x100035a0                stdio_puts
 *fill*         0x100035be        0x2 
 .text.__wrap_vprintf
                0x100035c0       0x40 CMakeFiles/hello_uart.dir/home/mkhuthir/.pico-sdk/sdk/2.0.0/src/rp2_common/pico_stdio/stdio.c.obj
                0x100035c0                __wrap_vprintf
                0x100035c0                stdio_vprintf
 .text.__wrap_printf
                0x10003600       0x18 CMakeFiles/hello_uart.dir/home/mkhuthir/.pico-sdk/sdk/2.0.0/src/rp2_common/pico_stdio/stdio.c.obj
                0x10003600                stdio_printf
                0x10003600                __wrap_printf
 .text.strlen   0x10003618       0x5c /home/mkhuthir/.pico-sdk/toolchain/13_2_Rel1/bin/../lib/gcc/arm-none-eabi/13.2.1/../../../../arm-none-eabi/lib/thumb/v6-m/nofp/libg.a(libc_a-strlen-stub.o)
                0x10003618                strlen
 *(.fini)
 .fini          0x10003674        0x4 /home/mkhuthir/.pico-sdk/toolchain/13_2_Rel1/bin/../lib/gcc/arm-none-eabi/13.2.1/thumb/v6-m/nofp/crti.o
                0x10003674                _fini
 .fini.__stub   0x10003678       0x40 linker stubs
 *crtbegin.o(.ctors)
 *crtbegin?.o(.ctors)
 *(EXCLUDE_FILE(*crtend.o *crtend?.o) .ctors)
 *(SORT_BY_NAME(.ctors.*))
 *(.ctors)
 *crtbegin.o(.dtors)
 *crtbegin?.o(.dtors)
 *(EXCLUDE_FILE(*crtend.o *crtend?.o) .dtors)
 *(SORT_BY_NAME(.dtors.*))
 *(.dtors)
                0x100036b8                        . = ALIGN (0x4)
                0x100036b8                        PROVIDE (__preinit_array_start = .)
 *(SORT_BY_NAME(.preinit_array.*))
 .preinit_array.00100
                0x100036b8        0x4 CMakeFiles/hello_uart.dir/home/mkhuthir/.pico-sdk/sdk/2.0.0/src/rp2_common/pico_runtime_init/runtime_init.c.obj
                0x100036b8                __pre_init_runtime_init_early_resets
 .preinit_array.00101
                0x100036bc        0x4 CMakeFiles/hello_uart.dir/home/mkhuthir/.pico-sdk/sdk/2.0.0/src/rp2_common/pico_runtime_init/runtime_init.c.obj
                0x100036bc                __pre_init_runtime_init_usb_power_down
 .preinit_array.00275
                0x100036c0        0x4 CMakeFiles/hello_uart.dir/home/mkhuthir/.pico-sdk/sdk/2.0.0/src/rp2_common/pico_bit_ops/bit_ops_aeabi.S.obj
 .preinit_array.00300
                0x100036c4        0x4 CMakeFiles/hello_uart.dir/home/mkhuthir/.pico-sdk/sdk/2.0.0/src/rp2_common/pico_mem_ops/mem_ops_aeabi.S.obj
 .preinit_array.00350
                0x100036c8        0x4 CMakeFiles/hello_uart.dir/home/mkhuthir/.pico-sdk/sdk/2.0.0/src/rp2_common/pico_double/double_aeabi_rp2040.S.obj
 .preinit_array.00350
                0x100036cc        0x4 CMakeFiles/hello_uart.dir/home/mkhuthir/.pico-sdk/sdk/2.0.0/src/rp2_common/pico_float/float_aeabi_rp2040.S.obj
 .preinit_array.00500
                0x100036d0        0x4 CMakeFiles/hello_uart.dir/home/mkhuthir/.pico-sdk/sdk/2.0.0/src/rp2_common/pico_runtime_init/runtime_init.c.obj
                0x100036d0                __pre_init_runtime_init_clocks
 .preinit_array.00600
                0x100036d4        0x4 CMakeFiles/hello_uart.dir/home/mkhuthir/.pico-sdk/sdk/2.0.0/src/rp2_common/pico_runtime_init/runtime_init.c.obj
                0x100036d4                __pre_init_runtime_init_post_clock_resets
 .preinit_array.00700
                0x100036d8        0x4 CMakeFiles/hello_uart.dir/home/mkhuthir/.pico-sdk/sdk/2.0.0/src/rp2_common/pico_runtime_init/runtime_init.c.obj
                0x100036d8                __pre_init_runtime_init_rp2040_gpio_ie_disable
 .preinit_array.01000
                0x100036dc        0x4 CMakeFiles/hello_uart.dir/home/mkhuthir/.pico-sdk/sdk/2.0.0/src/rp2_common/pico_runtime_init/runtime_init.c.obj
                0x100036dc                __pre_init_runtime_init_spin_locks_reset
 .preinit_array.01100
                0x100036e0        0x4 CMakeFiles/hello_uart.dir/home/mkhuthir/.pico-sdk/sdk/2.0.0/src/common/pico_sync/mutex.c.obj
                0x100036e0                __pre_init_runtime_init_mutex
 .preinit_array.10080
                0x100036e4        0x4 CMakeFiles/hello_uart.dir/home/mkhuthir/.pico-sdk/sdk/2.0.0/src/rp2_common/pico_runtime_init/runtime_init.c.obj
                0x100036e4                __pre_init_runtime_init_install_ram_vector_table
 .preinit_array.11000
                0x100036e8        0x4 CMakeFiles/hello_uart.dir/home/mkhuthir/.pico-sdk/sdk/2.0.0/src/common/pico_time/time.c.obj
                0x100036e8                __pre_init_runtime_init_default_alarm_pool
 .preinit_array.YYYYY
                0x100036ec        0x4 CMakeFiles/hello_uart.dir/home/mkhuthir/.pico-sdk/sdk/2.0.0/src/rp2_common/pico_runtime/runtime.c.obj
                0x100036ec                __pre_init_first_per_core_initializer
 .preinit_array.ZZZZZ.01200
                0x100036f0        0x4 CMakeFiles/hello_uart.dir/home/mkhuthir/.pico-sdk/sdk/2.0.0/src/rp2_common/hardware_irq/irq.c.obj
                0x100036f0                __pre_init_runtime_init_per_core_irq_priorities
 *(.preinit_array)
                0x100036f4                        PROVIDE (__preinit_array_end = .)
                0x100036f4                        . = ALIGN (0x4)
                0x100036f4                        PROVIDE (__init_array_start = .)
 *(SORT_BY_NAME(.init_array.*))
 *(.init_array)
 .init_array    0x100036f4        0x4 /home/mkhuthir/.pico-sdk/toolchain/13_2_Rel1/bin/../lib/gcc/arm-none-eabi/13.2.1/thumb/v6-m/nofp/crtbegin.o
                0x100036f8                        PROVIDE (__init_array_end = .)
                0x100036f8                        . = ALIGN (0x4)
                [!provide]                        PROVIDE (__fini_array_start = .)
 *(SORT_BY_NAME(.fini_array.*))
 *(.fini_array)
                [!provide]                        PROVIDE (__fini_array_end = .)
 *(.eh_frame*)
 .eh_frame      0x100036f8        0x0 /home/mkhuthir/.pico-sdk/toolchain/13_2_Rel1/bin/../lib/gcc/arm-none-eabi/13.2.1/thumb/v6-m/nofp/crtbegin.o
                0x100036f8                        . = ALIGN (0x4)

.glue_7         0x100036f8        0x0
 .glue_7        0x100036f8        0x0 linker stubs

.glue_7t        0x100036f8        0x0
 .glue_7t       0x100036f8        0x0 linker stubs

.vfp11_veneer   0x100036f8        0x0
 .vfp11_veneer  0x100036f8        0x0 linker stubs

.v4_bx          0x100036f8        0x0
 .v4_bx         0x100036f8        0x0 linker stubs

.iplt           0x100036f8        0x0
 .iplt          0x100036f8        0x0 /home/mkhuthir/.pico-sdk/toolchain/13_2_Rel1/bin/../lib/gcc/arm-none-eabi/13.2.1/thumb/v6-m/nofp/crtbegin.o

.rodata         0x100036f8      0x7e4
 *(EXCLUDE_FILE(*libm.a: *libc.a:*lib_a-mem*.o *libgcc.a:) .rodata*)
 .rodata.main.str1.4
                0x100036f8      0x4ef CMakeFiles/hello_uart.dir/hello_uart.c.obj
                                  0xf (size before relaxing)
 .rodata.panic.str1.4
                0x10003be7       0x12 CMakeFiles/hello_uart.dir/home/mkhuthir/.pico-sdk/sdk/2.0.0/src/rp2_common/pico_platform_panic/panic.c.obj
 .rodata.resolve_j_16.str1.4
                0x10003be7       0x5d CMakeFiles/hello_uart.dir/home/mkhuthir/.pico-sdk/sdk/2.0.0/src/rp2_common/hardware_irq/irq.c.obj
 .rodata.irq_set_exclusive_handler.str1.4
                0x10003be7       0x36 CMakeFiles/hello_uart.dir/home/mkhuthir/.pico-sdk/sdk/2.0.0/src/rp2_common/hardware_irq/irq.c.obj
 *fill*         0x10003be7        0x1 
 .rodata.__func__.6
                0x10003be8       0x1a CMakeFiles/hello_uart.dir/home/mkhuthir/.pico-sdk/sdk/2.0.0/src/rp2_common/hardware_irq/irq.c.obj
 .rodata.runtime_init_mutex.str1.4
                0x10003c02       0x60 CMakeFiles/hello_uart.dir/home/mkhuthir/.pico-sdk/sdk/2.0.0/src/common/pico_sync/mutex.c.obj
 .rodata.str1.4
                0x10003c02       0x51 CMakeFiles/hello_uart.dir/home/mkhuthir/.pico-sdk/sdk/2.0.0/src/common/pico_sync/mutex.c.obj
 *fill*         0x10003c02        0x2 
 .rodata.__func__.1
                0x10003c04        0xb CMakeFiles/hello_uart.dir/home/mkhuthir/.pico-sdk/sdk/2.0.0/src/common/pico_sync/mutex.c.obj
 *fill*         0x10003c0f        0x1 
 .rodata.__func__.3
                0x10003c10       0x18 CMakeFiles/hello_uart.dir/home/mkhuthir/.pico-sdk/sdk/2.0.0/src/common/pico_sync/mutex.c.obj
 .rodata.__func__.6
                0x10003c28       0x13 CMakeFiles/hello_uart.dir/home/mkhuthir/.pico-sdk/sdk/2.0.0/src/common/pico_sync/mutex.c.obj
 .rodata.alarm_pool_irq_handler.str1.4
                0x10003c3b       0x6b CMakeFiles/hello_uart.dir/home/mkhuthir/.pico-sdk/sdk/2.0.0/src/common/pico_time/time.c.obj
 .rodata.alarm_pool_get_default.str1.4
                0x10003c3b       0x21 CMakeFiles/hello_uart.dir/home/mkhuthir/.pico-sdk/sdk/2.0.0/src/common/pico_time/time.c.obj
 *fill*         0x10003c3b        0x1 
 .rodata.__func__.1
                0x10003c3c       0x17 CMakeFiles/hello_uart.dir/home/mkhuthir/.pico-sdk/sdk/2.0.0/src/common/pico_time/time.c.obj
 *fill*         0x10003c53        0x1 
 .rodata.__func__.2
                0x10003c54       0x17 CMakeFiles/hello_uart.dir/home/mkhuthir/.pico-sdk/sdk/2.0.0/src/common/pico_time/time.c.obj
 .rodata.timer_hardware_alarm_claim.str1.4
                0x10003c6b       0x22 CMakeFiles/hello_uart.dir/home/mkhuthir/.pico-sdk/sdk/2.0.0/src/rp2_common/hardware_timer/timer.c.obj
 .rodata.pll_init.str1.4
                0x10003c6b      0x11c CMakeFiles/hello_uart.dir/home/mkhuthir/.pico-sdk/sdk/2.0.0/src/rp2_common/hardware_pll/pll.c.obj
 *fill*         0x10003c6b        0x1 
 .rodata.__func__.0
                0x10003c6c        0x9 CMakeFiles/hello_uart.dir/home/mkhuthir/.pico-sdk/sdk/2.0.0/src/rp2_common/hardware_pll/pll.c.obj
 .rodata.__aeabi_double_init.str1.4
                0x10003c75       0x9b CMakeFiles/hello_uart.dir/home/mkhuthir/.pico-sdk/sdk/2.0.0/src/rp2_common/pico_double/double_init_rom_rp2040.c.obj
 *fill*         0x10003c75        0x3 
 .rodata.__func__.0
                0x10003c78       0x14 CMakeFiles/hello_uart.dir/home/mkhuthir/.pico-sdk/sdk/2.0.0/src/rp2_common/pico_double/double_init_rom_rp2040.c.obj
 .rodata.__aeabi_float_init.str1.4
                0x10003c8c       0x8d CMakeFiles/hello_uart.dir/home/mkhuthir/.pico-sdk/sdk/2.0.0/src/rp2_common/pico_float/float_init_rom_rp2040.c.obj
 .rodata.__func__.0
                0x10003c8c       0x13 CMakeFiles/hello_uart.dir/home/mkhuthir/.pico-sdk/sdk/2.0.0/src/rp2_common/pico_float/float_init_rom_rp2040.c.obj
 .rodata.str1.4
                0x10003c9f       0x30 CMakeFiles/hello_uart.dir/home/mkhuthir/.pico-sdk/sdk/2.0.0/src/rp2_common/pico_standard_binary_info/standard_binary_info.c.obj
 *fill*         0x10003c9f        0x1 
 .rodata.__bi_84
                0x10003ca0        0xc CMakeFiles/hello_uart.dir/home/mkhuthir/.pico-sdk/sdk/2.0.0/src/rp2_common/pico_standard_binary_info/standard_binary_info.c.obj
 .rodata.__bi_54
                0x10003cac        0xc CMakeFiles/hello_uart.dir/home/mkhuthir/.pico-sdk/sdk/2.0.0/src/rp2_common/pico_standard_binary_info/standard_binary_info.c.obj
 .rodata.__bi_48
                0x10003cb8        0xc CMakeFiles/hello_uart.dir/home/mkhuthir/.pico-sdk/sdk/2.0.0/src/rp2_common/pico_standard_binary_info/standard_binary_info.c.obj
 .rodata.__bi_42
                0x10003cc4        0xc CMakeFiles/hello_uart.dir/home/mkhuthir/.pico-sdk/sdk/2.0.0/src/rp2_common/pico_standard_binary_info/standard_binary_info.c.obj
 .rodata.__bi_34
                0x10003cd0        0xc CMakeFiles/hello_uart.dir/home/mkhuthir/.pico-sdk/sdk/2.0.0/src/rp2_common/pico_standard_binary_info/standard_binary_info.c.obj
 .rodata.__bi_26
                0x10003cdc        0xc CMakeFiles/hello_uart.dir/home/mkhuthir/.pico-sdk/sdk/2.0.0/src/rp2_common/pico_standard_binary_info/standard_binary_info.c.obj
 .rodata._ftoa.str1.4
                0x10003ce8       0x15 CMakeFiles/hello_uart.dir/home/mkhuthir/.pico-sdk/sdk/2.0.0/src/rp2_common/pico_printf/printf.c.obj
 .rodata._vsnprintf
                0x10003ce8      0x19c CMakeFiles/hello_uart.dir/home/mkhuthir/.pico-sdk/sdk/2.0.0/src/rp2_common/pico_printf/printf.c.obj
 *fill*         0x10003e84        0x4 
 .rodata.pow10.0
                0x10003e88       0x50 CMakeFiles/hello_uart.dir/home/mkhuthir/.pico-sdk/sdk/2.0.0/src/rp2_common/pico_printf/printf.c.obj
 .rodata.__assert_func.str1.4
                0x10003ed8       0x43 CMakeFiles/hello_uart.dir/home/mkhuthir/.pico-sdk/sdk/2.0.0/src/rp2_common/pico_clib_interface/newlib_interface.c.obj
 .rodata.crlf_str.0
                0x10003ed8        0x2 CMakeFiles/hello_uart.dir/home/mkhuthir/.pico-sdk/sdk/2.0.0/src/rp2_common/pico_stdio/stdio.c.obj
                0x10003f1c                        . = ALIGN (0x4)
 *fill*         0x10003eda        0x2 
 *(SORT_BY_ALIGNMENT(SORT_BY_NAME(.flashdata*)))
                0x10003edc                        . = ALIGN (0x4)

.ARM.extab
 *(.ARM.extab* .gnu.linkonce.armextab.*)
                0x10003edc                        __exidx_start = .

.ARM.exidx
 *(.ARM.exidx* .gnu.linkonce.armexidx.*)
                0x10003edc                        __exidx_end = .
                0x10003edc                        . = ALIGN (0x4)
                0x10003edc                        __binary_info_start = .

.binary_info    0x10003edc       0x18
 *(.binary_info.keep.*)
 .binary_info.keep.__bi_ptr84
                0x10003edc        0x4 CMakeFiles/hello_uart.dir/home/mkhuthir/.pico-sdk/sdk/2.0.0/src/rp2_common/pico_standard_binary_info/standard_binary_info.c.obj
 .binary_info.keep.__bi_ptr54
                0x10003ee0        0x4 CMakeFiles/hello_uart.dir/home/mkhuthir/.pico-sdk/sdk/2.0.0/src/rp2_common/pico_standard_binary_info/standard_binary_info.c.obj
 .binary_info.keep.__bi_ptr48
                0x10003ee4        0x4 CMakeFiles/hello_uart.dir/home/mkhuthir/.pico-sdk/sdk/2.0.0/src/rp2_common/pico_standard_binary_info/standard_binary_info.c.obj
 .binary_info.keep.__bi_ptr42
                0x10003ee8        0x4 CMakeFiles/hello_uart.dir/home/mkhuthir/.pico-sdk/sdk/2.0.0/src/rp2_common/pico_standard_binary_info/standard_binary_info.c.obj
 .binary_info.keep.__bi_ptr34
                0x10003eec        0x4 CMakeFiles/hello_uart.dir/home/mkhuthir/.pico-sdk/sdk/2.0.0/src/rp2_common/pico_standard_binary_info/standard_binary_info.c.obj
 .binary_info.keep.__bi_ptr26
                0x10003ef0        0x4 CMakeFiles/hello_uart.dir/home/mkhuthir/.pico-sdk/sdk/2.0.0/src/rp2_common/pico_standard_binary_info/standard_binary_info.c.obj
 *(.binary_info.*)
                0x10003ef4                        __binary_info_end = .

.rel.dyn        0x10003ef4        0x0
 .rel.iplt      0x10003ef4        0x0 /home/mkhuthir/.pico-sdk/toolchain/13_2_Rel1/bin/../lib/gcc/arm-none-eabi/13.2.1/thumb/v6-m/nofp/crtbegin.o
                0x10003ef4                        . = ALIGN (0x4)

.ram_vector_table
                0x20000000       0xc0
 *(.ram_vector_table)
 .ram_vector_table
                0x20000000       0xc0 CMakeFiles/hello_uart.dir/home/mkhuthir/.pico-sdk/sdk/2.0.0/src/rp2_common/pico_runtime_init/runtime_init.c.obj
                0x20000000                ram_vector_table

.uninitialized_data
                0x200000c0        0x0
                0x200000c0                        . = ALIGN (0x4)
 *(.uninitialized_data*)

.data           0x200000c0      0x1c8 load address 0x10003ef4
                0x200000c0                        __data_start__ = .
 *(vtable)
 *(.time_critical*)
 .time_critical.mutex_try_enter
                0x200000c0       0x48 CMakeFiles/hello_uart.dir/home/mkhuthir/.pico-sdk/sdk/2.0.0/src/common/pico_sync/mutex.c.obj
                0x200000c0                mutex_try_enter
 .time_critical.mutex_enter_block_until
                0x20000108       0x90 CMakeFiles/hello_uart.dir/home/mkhuthir/.pico-sdk/sdk/2.0.0/src/common/pico_sync/mutex.c.obj
                0x20000108                mutex_enter_block_until
 .time_critical.mutex_try_enter_block_until
                0x20000198       0x34 CMakeFiles/hello_uart.dir/home/mkhuthir/.pico-sdk/sdk/2.0.0/src/common/pico_sync/mutex.c.obj
                0x20000198                mutex_try_enter_block_until
 .time_critical.mutex_exit
                0x200001cc       0x4c CMakeFiles/hello_uart.dir/home/mkhuthir/.pico-sdk/sdk/2.0.0/src/common/pico_sync/mutex.c.obj
                0x200001cc                mutex_exit
 *(.text*)
 .text          0x20000218        0x4 /home/mkhuthir/.pico-sdk/toolchain/13_2_Rel1/bin/../lib/gcc/arm-none-eabi/13.2.1/thumb/v6-m/nofp/libgcc.a(_dvmd_tls.o)
                0x20000218                __aeabi_ldiv0
                0x20000218                __aeabi_idiv0
 *fill*         0x2000021c        0x4 
 .text.__stub   0x20000220       0x20 linker stubs
                0x20000240                        . = ALIGN (0x4)
 *(.rodata*)
                0x20000240                        . = ALIGN (0x4)
 *(.data*)
 .data.striped_spin_lock_num
                0x20000240        0x1 CMakeFiles/hello_uart.dir/home/mkhuthir/.pico-sdk/sdk/2.0.0/src/rp2_common/hardware_sync/sync.c.obj
 *fill*         0x20000241        0x3 
 .data.default_alarm_pool
                0x20000244       0x18 CMakeFiles/hello_uart.dir/home/mkhuthir/.pico-sdk/sdk/2.0.0/src/common/pico_time/time.c.obj
 *fill*         0x2000025c        0x4 
 .data.aeabi_bits_funcs
                0x20000260       0x10 CMakeFiles/hello_uart.dir/home/mkhuthir/.pico-sdk/sdk/2.0.0/src/rp2_common/pico_bit_ops/bit_ops_aeabi.S.obj
                0x20000260                aeabi_bits_funcs
                0x20000270                aeabi_bits_funcs_end
 .data.aeabi_mem_funcs
                0x20000270       0x10 CMakeFiles/hello_uart.dir/home/mkhuthir/.pico-sdk/sdk/2.0.0/src/rp2_common/pico_mem_ops/mem_ops_aeabi.S.obj
                0x20000270                aeabi_mem_funcs
                0x20000280                aeabi_mem_funcs_end
                0x20000280                        . = ALIGN (0x4)
 *(.after_data.*)
                0x20000280                        . = ALIGN (0x4)
                0x20000280                        PROVIDE (__mutex_array_start = .)
 *(SORT_BY_NAME(.mutex_array.*))
 *(.mutex_array)
 .mutex_array   0x20000280        0x8 CMakeFiles/hello_uart.dir/home/mkhuthir/.pico-sdk/sdk/2.0.0/src/rp2_common/pico_stdio/stdio.c.obj
                0x20000288                        PROVIDE (__mutex_array_end = .)
                0x20000288                        . = ALIGN (0x4)
 *(.jcr)
                0x20000288                        . = ALIGN (0x4)

.tm_clone_table
                0x20000288        0x0 load address 0x100040bc
 .tm_clone_table
                0x20000288        0x0 /home/mkhuthir/.pico-sdk/toolchain/13_2_Rel1/bin/../lib/gcc/arm-none-eabi/13.2.1/thumb/v6-m/nofp/crtbegin.o
 .tm_clone_table
                0x20000288        0x0 /home/mkhuthir/.pico-sdk/toolchain/13_2_Rel1/bin/../lib/gcc/arm-none-eabi/13.2.1/thumb/v6-m/nofp/crtend.o

.igot.plt       0x20000288        0x0 load address 0x100040bc
 .igot.plt      0x20000288        0x0 /home/mkhuthir/.pico-sdk/toolchain/13_2_Rel1/bin/../lib/gcc/arm-none-eabi/13.2.1/thumb/v6-m/nofp/crtbegin.o

.tdata          0x20000288        0x0 load address 0x100040bc
                0x20000288                        . = ALIGN (0x4)
 *(.tdata .tdata.* .gnu.linkonce.td.*)
                0x20000288                        __tdata_end = .
                0x20000288                        PROVIDE (__data_end__ = .)
                0x10003ef4                        __etext = LOADADDR (.data)

.tbss           0x20000288        0x0 load address 0x100040bc
                0x20000288                        . = ALIGN (0x4)
                0x20000288                        __bss_start__ = .
                0x20000288                        __tls_base = .
 *(.tbss .tbss.* .gnu.linkonce.tb.*)
 *(.tcommon)
                0x20000288                        __tls_end = .

.bss            0x20000288      0x3e8 load address 0x100040bc
                0x20000288                        . = ALIGN (0x4)
                0x20000288                        __tbss_end = .
 *(SORT_BY_ALIGNMENT(SORT_BY_NAME(.bss*)))
 .bss.default_alarm_pool_entries
                0x20000288      0x180 CMakeFiles/hello_uart.dir/home/mkhuthir/.pico-sdk/sdk/2.0.0/src/common/pico_time/time.c.obj
 .bss.claimed   0x20000408        0x1 CMakeFiles/hello_uart.dir/home/mkhuthir/.pico-sdk/sdk/2.0.0/src/rp2_common/hardware_timer/timer.c.obj
 *fill*         0x20000409        0x3 
 .bss.configured_freq
                0x2000040c       0x28 CMakeFiles/hello_uart.dir/home/mkhuthir/.pico-sdk/sdk/2.0.0/src/rp2_common/hardware_clocks/clocks.c.obj
 .bss.drivers   0x20000434        0x4 CMakeFiles/hello_uart.dir/home/mkhuthir/.pico-sdk/sdk/2.0.0/src/rp2_common/pico_stdio/stdio.c.obj
 .bss.filter    0x20000438        0x4 CMakeFiles/hello_uart.dir/home/mkhuthir/.pico-sdk/sdk/2.0.0/src/rp2_common/pico_stdio/stdio.c.obj
 .bss.object.0  0x2000043c       0x18 /home/mkhuthir/.pico-sdk/toolchain/13_2_Rel1/bin/../lib/gcc/arm-none-eabi/13.2.1/thumb/v6-m/nofp/crtbegin.o
 .bss.pools     0x20000454       0x10 CMakeFiles/hello_uart.dir/home/mkhuthir/.pico-sdk/sdk/2.0.0/src/common/pico_time/time.c.obj
 .bss.sd_table  0x20000464      0x100 CMakeFiles/hello_uart.dir/home/mkhuthir/.pico-sdk/sdk/2.0.0/src/rp2_common/pico_double/double_init_rom_rp2040.c.obj
                0x20000464                sd_table
 .bss.sf_clz_func
                0x20000564        0x4 CMakeFiles/hello_uart.dir/home/mkhuthir/.pico-sdk/sdk/2.0.0/src/rp2_common/pico_double/double_init_rom_rp2040.c.obj
                0x20000564                sf_clz_func
 .bss.sf_table  0x20000568      0x100 CMakeFiles/hello_uart.dir/home/mkhuthir/.pico-sdk/sdk/2.0.0/src/rp2_common/pico_float/float_init_rom_rp2040.c.obj
                0x20000568                sf_table
 .bss.sleep_notifier
                0x20000668        0x4 CMakeFiles/hello_uart.dir/home/mkhuthir/.pico-sdk/sdk/2.0.0/src/common/pico_time/time.c.obj
 .bss.uart_char_to_line_feed
                0x2000066c        0x4 CMakeFiles/hello_uart.dir/home/mkhuthir/.pico-sdk/sdk/2.0.0/src/rp2_common/hardware_uart/uart.c.obj
                0x2000066c                uart_char_to_line_feed
 *(COMMON)
                0x20000670                        . = ALIGN (0x4)
                0x20000670                        __bss_end__ = .

.heap           0x20000670    0x3f990 load address 0x100040bc
                0x20000670                        __end__ = .
                0x20000670                        end = __end__
 *(.heap*)
 .heap          0x20000670      0x800 CMakeFiles/hello_uart.dir/home/mkhuthir/.pico-sdk/sdk/2.0.0/src/rp2_common/pico_crt0/crt0.S.obj
                0x20040000                        . = (ORIGIN (RAM) + LENGTH (RAM))
 *fill*         0x20000e70    0x3f190 
                0x20040000                        __HeapLimit = .

.scratch_x      0x20040000        0x0 load address 0x100040bc
                0x20040000                        __scratch_x_start__ = .
 *(.scratch_x.*)
                0x20040000                        . = ALIGN (0x4)
                0x20040000                        __scratch_x_end__ = .
                0x100040bc                        __scratch_x_source__ = LOADADDR (.scratch_x)

.scratch_y      0x20041000        0x0 load address 0x100040bc
                0x20041000                        __scratch_y_start__ = .
 *(.scratch_y.*)
                0x20041000                        . = ALIGN (0x4)
                0x20041000                        __scratch_y_end__ = .
                0x100040bc                        __scratch_y_source__ = LOADADDR (.scratch_y)

.stack1_dummy
 *(.stack1*)

.stack_dummy    0x20041000      0x800
 *(.stack*)
 .stack         0x20041000      0x800 CMakeFiles/hello_uart.dir/home/mkhuthir/.pico-sdk/sdk/2.0.0/src/rp2_common/pico_crt0/crt0.S.obj

.flash_end      0x100040bc        0x0
 *(.embedded_end_block*)
                0x100040bc                        PROVIDE (__flash_binary_end = .)
                0x20040000                        __StackLimit = (ORIGIN (RAM) + LENGTH (RAM))
                0x20041000                        __StackOneTop = (ORIGIN (SCRATCH_X) + LENGTH (SCRATCH_X))
                0x20042000                        __StackTop = (ORIGIN (SCRATCH_Y) + LENGTH (SCRATCH_Y))
                0x20041000                        __StackOneBottom = (__StackOneTop - SIZEOF (.stack1_dummy))
                0x20041800                        __StackBottom = (__StackTop - SIZEOF (.stack_dummy))
                0x20042000                        PROVIDE (__stack = __StackTop)
                [!provide]                        PROVIDE (__heap_start = __end__)
                [!provide]                        PROVIDE (__heap_end = __HeapLimit)
                [!provide]                        PROVIDE (__tls_align = MAX (ALIGNOF (.tdata), ALIGNOF (.tbss)))
                [!provide]                        PROVIDE (__tls_size_align = (((__tls_size + __tls_align) - 0x1) & ~ ((__tls_align - 0x1))))
                [!provide]                        PROVIDE (__arm32_tls_tcb_offset = MAX (0x8, __tls_align))
                [!provide]                        PROVIDE (_end = __end__)
                [!provide]                        PROVIDE (__llvm_libc_heap_limit = __HeapLimit)
                0x00000001                        ASSERT ((__StackLimit >= __HeapLimit), region RAM overflowed)
                0x00000001                        ASSERT (((__binary_info_header_end - __logical_binary_start) <= 0x100), Binary info must be in first 256 bytes of the binary)
LOAD CMakeFiles/hello_uart.dir/hello_uart.c.obj
LOAD CMakeFiles/hello_uart.dir/home/mkhuthir/.pico-sdk/sdk/2.0.0/src/rp2_common/pico_stdlib/stdlib.c.obj
LOAD CMakeFiles/hello_uart.dir/home/mkhuthir/.pico-sdk/sdk/2.0.0/src/rp2_common/hardware_gpio/gpio.c.obj
LOAD CMakeFiles/hello_uart.dir/home/mkhuthir/.pico-sdk/sdk/2.0.0/src/rp2040/pico_platform/platform.c.obj
LOAD CMakeFiles/hello_uart.dir/home/mkhuthir/.pico-sdk/sdk/2.0.0/src/rp2_common/pico_platform_panic/panic.c.obj
LOAD CMakeFiles/hello_uart.dir/home/mkhuthir/.pico-sdk/sdk/2.0.0/src/common/hardware_claim/claim.c.obj
LOAD CMakeFiles/hello_uart.dir/home/mkhuthir/.pico-sdk/sdk/2.0.0/src/rp2_common/hardware_sync/sync.c.obj
LOAD CMakeFiles/hello_uart.dir/home/mkhuthir/.pico-sdk/sdk/2.0.0/src/rp2_common/hardware_sync_spin_lock/sync_spin_lock.c.obj
LOAD CMakeFiles/hello_uart.dir/home/mkhuthir/.pico-sdk/sdk/2.0.0/src/rp2_common/hardware_irq/irq.c.obj
LOAD CMakeFiles/hello_uart.dir/home/mkhuthir/.pico-sdk/sdk/2.0.0/src/rp2_common/hardware_irq/irq_handler_chain.S.obj
LOAD CMakeFiles/hello_uart.dir/home/mkhuthir/.pico-sdk/sdk/2.0.0/src/common/pico_sync/sem.c.obj
LOAD CMakeFiles/hello_uart.dir/home/mkhuthir/.pico-sdk/sdk/2.0.0/src/common/pico_sync/lock_core.c.obj
LOAD CMakeFiles/hello_uart.dir/home/mkhuthir/.pico-sdk/sdk/2.0.0/src/common/pico_sync/mutex.c.obj
LOAD CMakeFiles/hello_uart.dir/home/mkhuthir/.pico-sdk/sdk/2.0.0/src/common/pico_sync/critical_section.c.obj
LOAD CMakeFiles/hello_uart.dir/home/mkhuthir/.pico-sdk/sdk/2.0.0/src/common/pico_time/time.c.obj
LOAD CMakeFiles/hello_uart.dir/home/mkhuthir/.pico-sdk/sdk/2.0.0/src/common/pico_time/timeout_helper.c.obj
LOAD CMakeFiles/hello_uart.dir/home/mkhuthir/.pico-sdk/sdk/2.0.0/src/rp2_common/hardware_timer/timer.c.obj
LOAD CMakeFiles/hello_uart.dir/home/mkhuthir/.pico-sdk/sdk/2.0.0/src/common/pico_util/datetime.c.obj
LOAD CMakeFiles/hello_uart.dir/home/mkhuthir/.pico-sdk/sdk/2.0.0/src/common/pico_util/pheap.c.obj
LOAD CMakeFiles/hello_uart.dir/home/mkhuthir/.pico-sdk/sdk/2.0.0/src/common/pico_util/queue.c.obj
LOAD CMakeFiles/hello_uart.dir/home/mkhuthir/.pico-sdk/sdk/2.0.0/src/rp2_common/hardware_uart/uart.c.obj
LOAD CMakeFiles/hello_uart.dir/home/mkhuthir/.pico-sdk/sdk/2.0.0/src/rp2_common/hardware_clocks/clocks.c.obj
LOAD CMakeFiles/hello_uart.dir/home/mkhuthir/.pico-sdk/sdk/2.0.0/src/rp2_common/hardware_pll/pll.c.obj
LOAD CMakeFiles/hello_uart.dir/home/mkhuthir/.pico-sdk/sdk/2.0.0/src/rp2_common/hardware_vreg/vreg.c.obj
LOAD CMakeFiles/hello_uart.dir/home/mkhuthir/.pico-sdk/sdk/2.0.0/src/rp2_common/hardware_watchdog/watchdog.c.obj
LOAD CMakeFiles/hello_uart.dir/home/mkhuthir/.pico-sdk/sdk/2.0.0/src/rp2_common/hardware_ticks/ticks.c.obj
LOAD CMakeFiles/hello_uart.dir/home/mkhuthir/.pico-sdk/sdk/2.0.0/src/rp2_common/hardware_xosc/xosc.c.obj
LOAD CMakeFiles/hello_uart.dir/home/mkhuthir/.pico-sdk/sdk/2.0.0/src/rp2_common/hardware_divider/divider.S.obj
LOAD CMakeFiles/hello_uart.dir/home/mkhuthir/.pico-sdk/sdk/2.0.0/src/rp2_common/pico_runtime/runtime.c.obj
LOAD CMakeFiles/hello_uart.dir/home/mkhuthir/.pico-sdk/sdk/2.0.0/src/rp2_common/pico_runtime_init/runtime_init.c.obj
LOAD CMakeFiles/hello_uart.dir/home/mkhuthir/.pico-sdk/sdk/2.0.0/src/rp2_common/pico_runtime_init/runtime_init_clocks.c.obj
LOAD CMakeFiles/hello_uart.dir/home/mkhuthir/.pico-sdk/sdk/2.0.0/src/rp2_common/pico_runtime_init/runtime_init_stack_guard.c.obj
LOAD CMakeFiles/hello_uart.dir/home/mkhuthir/.pico-sdk/sdk/2.0.0/src/rp2_common/pico_bit_ops/bit_ops_aeabi.S.obj
LOAD CMakeFiles/hello_uart.dir/home/mkhuthir/.pico-sdk/sdk/2.0.0/src/rp2_common/pico_bootrom/bootrom.c.obj
LOAD CMakeFiles/hello_uart.dir/home/mkhuthir/.pico-sdk/sdk/2.0.0/src/rp2_common/pico_bootrom/bootrom_lock.c.obj
LOAD CMakeFiles/hello_uart.dir/home/mkhuthir/.pico-sdk/sdk/2.0.0/src/rp2_common/hardware_boot_lock/boot_lock.c.obj
LOAD CMakeFiles/hello_uart.dir/home/mkhuthir/.pico-sdk/sdk/2.0.0/src/rp2_common/pico_divider/divider_hardware.S.obj
LOAD CMakeFiles/hello_uart.dir/home/mkhuthir/.pico-sdk/sdk/2.0.0/src/rp2_common/pico_double/double_aeabi_rp2040.S.obj
LOAD CMakeFiles/hello_uart.dir/home/mkhuthir/.pico-sdk/sdk/2.0.0/src/rp2_common/pico_double/double_init_rom_rp2040.c.obj
LOAD CMakeFiles/hello_uart.dir/home/mkhuthir/.pico-sdk/sdk/2.0.0/src/rp2_common/pico_double/double_math.c.obj
LOAD CMakeFiles/hello_uart.dir/home/mkhuthir/.pico-sdk/sdk/2.0.0/src/rp2_common/pico_double/double_v1_rom_shim_rp2040.S.obj
LOAD CMakeFiles/hello_uart.dir/home/mkhuthir/.pico-sdk/sdk/2.0.0/src/rp2_common/pico_int64_ops/pico_int64_ops_aeabi.S.obj
LOAD CMakeFiles/hello_uart.dir/home/mkhuthir/.pico-sdk/sdk/2.0.0/src/rp2_common/pico_float/float_aeabi_rp2040.S.obj
LOAD CMakeFiles/hello_uart.dir/home/mkhuthir/.pico-sdk/sdk/2.0.0/src/rp2_common/pico_float/float_init_rom_rp2040.c.obj
LOAD CMakeFiles/hello_uart.dir/home/mkhuthir/.pico-sdk/sdk/2.0.0/src/rp2_common/pico_float/float_math.c.obj
LOAD CMakeFiles/hello_uart.dir/home/mkhuthir/.pico-sdk/sdk/2.0.0/src/rp2_common/pico_float/float_v1_rom_shim_rp2040.S.obj
LOAD CMakeFiles/hello_uart.dir/home/mkhuthir/.pico-sdk/sdk/2.0.0/src/rp2_common/pico_malloc/malloc.c.obj
LOAD CMakeFiles/hello_uart.dir/home/mkhuthir/.pico-sdk/sdk/2.0.0/src/rp2_common/pico_mem_ops/mem_ops_aeabi.S.obj
LOAD CMakeFiles/hello_uart.dir/home/mkhuthir/.pico-sdk/sdk/2.0.0/src/rp2_common/pico_atomic/atomic.c.obj
LOAD CMakeFiles/hello_uart.dir/home/mkhuthir/.pico-sdk/sdk/2.0.0/src/rp2_common/pico_cxx_options/new_delete.cpp.obj
LOAD CMakeFiles/hello_uart.dir/home/mkhuthir/.pico-sdk/sdk/2.0.0/src/rp2_common/pico_standard_binary_info/standard_binary_info.c.obj
LOAD CMakeFiles/hello_uart.dir/home/mkhuthir/.pico-sdk/sdk/2.0.0/src/rp2_common/pico_printf/printf.c.obj
LOAD CMakeFiles/hello_uart.dir/home/mkhuthir/.pico-sdk/sdk/2.0.0/src/rp2_common/pico_crt0/crt0.S.obj
LOAD CMakeFiles/hello_uart.dir/home/mkhuthir/.pico-sdk/sdk/2.0.0/src/rp2_common/pico_clib_interface/newlib_interface.c.obj
LOAD CMakeFiles/hello_uart.dir/home/mkhuthir/.pico-sdk/sdk/2.0.0/src/rp2_common/pico_stdio/stdio.c.obj
LOAD CMakeFiles/hello_uart.dir/home/mkhuthir/.pico-sdk/sdk/2.0.0/src/rp2_common/pico_stdio_uart/stdio_uart.c.obj
LOAD /tmp/ccCxvPJp.o
LOAD /home/mkhuthir/.pico-sdk/toolchain/13_2_Rel1/bin/../lib/gcc/arm-none-eabi/13.2.1/../../../../arm-none-eabi/lib/thumb/v6-m/nofp/libstdc++.a
LOAD /home/mkhuthir/.pico-sdk/toolchain/13_2_Rel1/bin/../lib/gcc/arm-none-eabi/13.2.1/../../../../arm-none-eabi/lib/thumb/v6-m/nofp/libm.a
START GROUP
LOAD /home/mkhuthir/.pico-sdk/toolchain/13_2_Rel1/bin/../lib/gcc/arm-none-eabi/13.2.1/thumb/v6-m/nofp/libgcc.a
LOAD /home/mkhuthir/.pico-sdk/toolchain/13_2_Rel1/bin/../lib/gcc/arm-none-eabi/13.2.1/../../../../arm-none-eabi/lib/thumb/v6-m/nofp/libg.a
LOAD /home/mkhuthir/.pico-sdk/toolchain/13_2_Rel1/bin/../lib/gcc/arm-none-eabi/13.2.1/../../../../arm-none-eabi/lib/thumb/v6-m/nofp/libc.a
END GROUP
START GROUP
LOAD /home/mkhuthir/.pico-sdk/toolchain/13_2_Rel1/bin/../lib/gcc/arm-none-eabi/13.2.1/thumb/v6-m/nofp/libgcc.a
LOAD /home/mkhuthir/.pico-sdk/toolchain/13_2_Rel1/bin/../lib/gcc/arm-none-eabi/13.2.1/../../../../arm-none-eabi/lib/thumb/v6-m/nofp/libc.a
LOAD /home/mkhuthir/.pico-sdk/toolchain/13_2_Rel1/bin/../lib/gcc/arm-none-eabi/13.2.1/../../../../arm-none-eabi/lib/thumb/v6-m/nofp/libnosys.a
END GROUP
LOAD /home/mkhuthir/.pico-sdk/toolchain/13_2_Rel1/bin/../lib/gcc/arm-none-eabi/13.2.1/thumb/v6-m/nofp/crtend.o
LOAD /home/mkhuthir/.pico-sdk/toolchain/13_2_Rel1/bin/../lib/gcc/arm-none-eabi/13.2.1/thumb/v6-m/nofp/crtn.o
OUTPUT(hello_uart.elf elf32-littlearm)
LOAD linker stubs

.ARM.attributes
                0x00000000       0x28
 .ARM.attributes
                0x00000000       0x1e /home/mkhuthir/.pico-sdk/toolchain/13_2_Rel1/bin/../lib/gcc/arm-none-eabi/13.2.1/thumb/v6-m/nofp/crti.o
 .ARM.attributes
                0x0000001e       0x2c /home/mkhuthir/.pico-sdk/toolchain/13_2_Rel1/bin/../lib/gcc/arm-none-eabi/13.2.1/thumb/v6-m/nofp/crtbegin.o
 .ARM.attributes
                0x0000004a       0x2c CMakeFiles/hello_uart.dir/hello_uart.c.obj
 .ARM.attributes
                0x00000076       0x2c CMakeFiles/hello_uart.dir/home/mkhuthir/.pico-sdk/sdk/2.0.0/src/rp2_common/hardware_gpio/gpio.c.obj
 .ARM.attributes
                0x000000a2       0x2c CMakeFiles/hello_uart.dir/home/mkhuthir/.pico-sdk/sdk/2.0.0/src/rp2_common/pico_platform_panic/panic.c.obj
 .ARM.attributes
                0x000000ce       0x2c CMakeFiles/hello_uart.dir/home/mkhuthir/.pico-sdk/sdk/2.0.0/src/common/hardware_claim/claim.c.obj
 .ARM.attributes
                0x000000fa       0x2c CMakeFiles/hello_uart.dir/home/mkhuthir/.pico-sdk/sdk/2.0.0/src/rp2_common/hardware_sync/sync.c.obj
 .ARM.attributes
                0x00000126       0x2c CMakeFiles/hello_uart.dir/home/mkhuthir/.pico-sdk/sdk/2.0.0/src/rp2_common/hardware_sync_spin_lock/sync_spin_lock.c.obj
 .ARM.attributes
                0x00000152       0x2c CMakeFiles/hello_uart.dir/home/mkhuthir/.pico-sdk/sdk/2.0.0/src/rp2_common/hardware_irq/irq.c.obj
 .ARM.attributes
                0x0000017e       0x2c CMakeFiles/hello_uart.dir/home/mkhuthir/.pico-sdk/sdk/2.0.0/src/common/pico_sync/lock_core.c.obj
 .ARM.attributes
                0x000001aa       0x2c CMakeFiles/hello_uart.dir/home/mkhuthir/.pico-sdk/sdk/2.0.0/src/common/pico_sync/mutex.c.obj
 .ARM.attributes
                0x000001d6       0x2c CMakeFiles/hello_uart.dir/home/mkhuthir/.pico-sdk/sdk/2.0.0/src/common/pico_time/time.c.obj
 .ARM.attributes
                0x00000202       0x2c CMakeFiles/hello_uart.dir/home/mkhuthir/.pico-sdk/sdk/2.0.0/src/rp2_common/hardware_timer/timer.c.obj
 .ARM.attributes
                0x0000022e       0x2c CMakeFiles/hello_uart.dir/home/mkhuthir/.pico-sdk/sdk/2.0.0/src/rp2_common/hardware_uart/uart.c.obj
 .ARM.attributes
                0x0000025a       0x2c CMakeFiles/hello_uart.dir/home/mkhuthir/.pico-sdk/sdk/2.0.0/src/rp2_common/hardware_clocks/clocks.c.obj
 .ARM.attributes
                0x00000286       0x2c CMakeFiles/hello_uart.dir/home/mkhuthir/.pico-sdk/sdk/2.0.0/src/rp2_common/hardware_pll/pll.c.obj
 .ARM.attributes
                0x000002b2       0x2c CMakeFiles/hello_uart.dir/home/mkhuthir/.pico-sdk/sdk/2.0.0/src/rp2_common/hardware_ticks/ticks.c.obj
 .ARM.attributes
                0x000002de       0x2c CMakeFiles/hello_uart.dir/home/mkhuthir/.pico-sdk/sdk/2.0.0/src/rp2_common/hardware_xosc/xosc.c.obj
 .ARM.attributes
                0x0000030a       0x2c CMakeFiles/hello_uart.dir/home/mkhuthir/.pico-sdk/sdk/2.0.0/src/rp2_common/pico_runtime/runtime.c.obj
 .ARM.attributes
                0x00000336       0x2c CMakeFiles/hello_uart.dir/home/mkhuthir/.pico-sdk/sdk/2.0.0/src/rp2_common/pico_runtime_init/runtime_init.c.obj
 .ARM.attributes
                0x00000362       0x2c CMakeFiles/hello_uart.dir/home/mkhuthir/.pico-sdk/sdk/2.0.0/src/rp2_common/pico_runtime_init/runtime_init_clocks.c.obj
 .ARM.attributes
                0x0000038e       0x22 CMakeFiles/hello_uart.dir/home/mkhuthir/.pico-sdk/sdk/2.0.0/src/rp2_common/pico_bit_ops/bit_ops_aeabi.S.obj
 .ARM.attributes
                0x000003b0       0x2c CMakeFiles/hello_uart.dir/home/mkhuthir/.pico-sdk/sdk/2.0.0/src/rp2_common/pico_bootrom/bootrom.c.obj
 .ARM.attributes
                0x000003dc       0x22 CMakeFiles/hello_uart.dir/home/mkhuthir/.pico-sdk/sdk/2.0.0/src/rp2_common/pico_divider/divider_hardware.S.obj
 .ARM.attributes
                0x000003fe       0x22 CMakeFiles/hello_uart.dir/home/mkhuthir/.pico-sdk/sdk/2.0.0/src/rp2_common/pico_double/double_aeabi_rp2040.S.obj
 .ARM.attributes
                0x00000420       0x2c CMakeFiles/hello_uart.dir/home/mkhuthir/.pico-sdk/sdk/2.0.0/src/rp2_common/pico_double/double_init_rom_rp2040.c.obj
 .ARM.attributes
                0x0000044c       0x22 CMakeFiles/hello_uart.dir/home/mkhuthir/.pico-sdk/sdk/2.0.0/src/rp2_common/pico_double/double_v1_rom_shim_rp2040.S.obj
 .ARM.attributes
                0x0000046e       0x22 CMakeFiles/hello_uart.dir/home/mkhuthir/.pico-sdk/sdk/2.0.0/src/rp2_common/pico_float/float_aeabi_rp2040.S.obj
 .ARM.attributes
                0x00000490       0x2c CMakeFiles/hello_uart.dir/home/mkhuthir/.pico-sdk/sdk/2.0.0/src/rp2_common/pico_float/float_init_rom_rp2040.c.obj
 .ARM.attributes
                0x000004bc       0x22 CMakeFiles/hello_uart.dir/home/mkhuthir/.pico-sdk/sdk/2.0.0/src/rp2_common/pico_float/float_v1_rom_shim_rp2040.S.obj
 .ARM.attributes
                0x000004de       0x22 CMakeFiles/hello_uart.dir/home/mkhuthir/.pico-sdk/sdk/2.0.0/src/rp2_common/pico_mem_ops/mem_ops_aeabi.S.obj
 .ARM.attributes
                0x00000500       0x2c CMakeFiles/hello_uart.dir/home/mkhuthir/.pico-sdk/sdk/2.0.0/src/rp2_common/pico_standard_binary_info/standard_binary_info.c.obj
 .ARM.attributes
                0x0000052c       0x2c CMakeFiles/hello_uart.dir/home/mkhuthir/.pico-sdk/sdk/2.0.0/src/rp2_common/pico_printf/printf.c.obj
 .ARM.attributes
                0x00000558       0x22 CMakeFiles/hello_uart.dir/home/mkhuthir/.pico-sdk/sdk/2.0.0/src/rp2_common/pico_crt0/crt0.S.obj
 .ARM.attributes
                0x0000057a       0x2c CMakeFiles/hello_uart.dir/home/mkhuthir/.pico-sdk/sdk/2.0.0/src/rp2_common/pico_clib_interface/newlib_interface.c.obj
 .ARM.attributes
                0x000005a6       0x2c CMakeFiles/hello_uart.dir/home/mkhuthir/.pico-sdk/sdk/2.0.0/src/rp2_common/pico_stdio/stdio.c.obj
 .ARM.attributes
                0x000005d2       0x22 /tmp/ccCxvPJp.o
 .ARM.attributes
                0x000005f4       0x1e /home/mkhuthir/.pico-sdk/toolchain/13_2_Rel1/bin/../lib/gcc/arm-none-eabi/13.2.1/thumb/v6-m/nofp/libgcc.a(_dvmd_tls.o)
 .ARM.attributes
                0x00000612       0x2c /home/mkhuthir/.pico-sdk/toolchain/13_2_Rel1/bin/../lib/gcc/arm-none-eabi/13.2.1/../../../../arm-none-eabi/lib/thumb/v6-m/nofp/libg.a(libc_a-strlen-stub.o)
 .ARM.attributes
                0x0000063e       0x2c /home/mkhuthir/.pico-sdk/toolchain/13_2_Rel1/bin/../lib/gcc/arm-none-eabi/13.2.1/thumb/v6-m/nofp/crtend.o

.comment        0x00000000       0x44
 .comment       0x00000000       0x44 CMakeFiles/hello_uart.dir/hello_uart.c.obj
                                 0x45 (size before relaxing)
 .comment       0x00000044       0x45 CMakeFiles/hello_uart.dir/home/mkhuthir/.pico-sdk/sdk/2.0.0/src/rp2_common/hardware_gpio/gpio.c.obj
 .comment       0x00000044       0x45 CMakeFiles/hello_uart.dir/home/mkhuthir/.pico-sdk/sdk/2.0.0/src/rp2_common/pico_platform_panic/panic.c.obj
 .comment       0x00000044       0x45 CMakeFiles/hello_uart.dir/home/mkhuthir/.pico-sdk/sdk/2.0.0/src/common/hardware_claim/claim.c.obj
 .comment       0x00000044       0x45 CMakeFiles/hello_uart.dir/home/mkhuthir/.pico-sdk/sdk/2.0.0/src/rp2_common/hardware_sync/sync.c.obj
 .comment       0x00000044       0x45 CMakeFiles/hello_uart.dir/home/mkhuthir/.pico-sdk/sdk/2.0.0/src/rp2_common/hardware_sync_spin_lock/sync_spin_lock.c.obj
 .comment       0x00000044       0x45 CMakeFiles/hello_uart.dir/home/mkhuthir/.pico-sdk/sdk/2.0.0/src/rp2_common/hardware_irq/irq.c.obj
 .comment       0x00000044       0x45 CMakeFiles/hello_uart.dir/home/mkhuthir/.pico-sdk/sdk/2.0.0/src/common/pico_sync/lock_core.c.obj
 .comment       0x00000044       0x45 CMakeFiles/hello_uart.dir/home/mkhuthir/.pico-sdk/sdk/2.0.0/src/common/pico_sync/mutex.c.obj
 .comment       0x00000044       0x45 CMakeFiles/hello_uart.dir/home/mkhuthir/.pico-sdk/sdk/2.0.0/src/common/pico_time/time.c.obj
 .comment       0x00000044       0x45 CMakeFiles/hello_uart.dir/home/mkhuthir/.pico-sdk/sdk/2.0.0/src/rp2_common/hardware_timer/timer.c.obj
 .comment       0x00000044       0x45 CMakeFiles/hello_uart.dir/home/mkhuthir/.pico-sdk/sdk/2.0.0/src/rp2_common/hardware_uart/uart.c.obj
 .comment       0x00000044       0x45 CMakeFiles/hello_uart.dir/home/mkhuthir/.pico-sdk/sdk/2.0.0/src/rp2_common/hardware_clocks/clocks.c.obj
 .comment       0x00000044       0x45 CMakeFiles/hello_uart.dir/home/mkhuthir/.pico-sdk/sdk/2.0.0/src/rp2_common/hardware_pll/pll.c.obj
 .comment       0x00000044       0x45 CMakeFiles/hello_uart.dir/home/mkhuthir/.pico-sdk/sdk/2.0.0/src/rp2_common/hardware_ticks/ticks.c.obj
 .comment       0x00000044       0x45 CMakeFiles/hello_uart.dir/home/mkhuthir/.pico-sdk/sdk/2.0.0/src/rp2_common/hardware_xosc/xosc.c.obj
 .comment       0x00000044       0x45 CMakeFiles/hello_uart.dir/home/mkhuthir/.pico-sdk/sdk/2.0.0/src/rp2_common/pico_runtime/runtime.c.obj
 .comment       0x00000044       0x45 CMakeFiles/hello_uart.dir/home/mkhuthir/.pico-sdk/sdk/2.0.0/src/rp2_common/pico_runtime_init/runtime_init.c.obj
 .comment       0x00000044       0x45 CMakeFiles/hello_uart.dir/home/mkhuthir/.pico-sdk/sdk/2.0.0/src/rp2_common/pico_runtime_init/runtime_init_clocks.c.obj
 .comment       0x00000044       0x45 CMakeFiles/hello_uart.dir/home/mkhuthir/.pico-sdk/sdk/2.0.0/src/rp2_common/pico_bootrom/bootrom.c.obj
 .comment       0x00000044       0x45 CMakeFiles/hello_uart.dir/home/mkhuthir/.pico-sdk/sdk/2.0.0/src/rp2_common/pico_double/double_init_rom_rp2040.c.obj
 .comment       0x00000044       0x45 CMakeFiles/hello_uart.dir/home/mkhuthir/.pico-sdk/sdk/2.0.0/src/rp2_common/pico_float/float_init_rom_rp2040.c.obj
 .comment       0x00000044       0x45 CMakeFiles/hello_uart.dir/home/mkhuthir/.pico-sdk/sdk/2.0.0/src/rp2_common/pico_standard_binary_info/standard_binary_info.c.obj
 .comment       0x00000044       0x45 CMakeFiles/hello_uart.dir/home/mkhuthir/.pico-sdk/sdk/2.0.0/src/rp2_common/pico_printf/printf.c.obj
 .comment       0x00000044       0x45 CMakeFiles/hello_uart.dir/home/mkhuthir/.pico-sdk/sdk/2.0.0/src/rp2_common/pico_clib_interface/newlib_interface.c.obj
 .comment       0x00000044       0x45 CMakeFiles/hello_uart.dir/home/mkhuthir/.pico-sdk/sdk/2.0.0/src/rp2_common/pico_stdio/stdio.c.obj

.debug_info     0x00000000    0x14ded
 .debug_info    0x00000000      0x785 CMakeFiles/hello_uart.dir/hello_uart.c.obj
 .debug_info    0x00000785     0x1d3f CMakeFiles/hello_uart.dir/home/mkhuthir/.pico-sdk/sdk/2.0.0/src/rp2_common/hardware_gpio/gpio.c.obj
 .debug_info    0x000024c4      0x1b4 CMakeFiles/hello_uart.dir/home/mkhuthir/.pico-sdk/sdk/2.0.0/src/rp2_common/pico_platform_panic/panic.c.obj
 .debug_info    0x00002678      0x6b1 CMakeFiles/hello_uart.dir/home/mkhuthir/.pico-sdk/sdk/2.0.0/src/common/hardware_claim/claim.c.obj
 .debug_info    0x00002d29      0x465 CMakeFiles/hello_uart.dir/home/mkhuthir/.pico-sdk/sdk/2.0.0/src/rp2_common/hardware_sync/sync.c.obj
 .debug_info    0x0000318e      0x2f7 CMakeFiles/hello_uart.dir/home/mkhuthir/.pico-sdk/sdk/2.0.0/src/rp2_common/hardware_sync_spin_lock/sync_spin_lock.c.obj
 .debug_info    0x00003485     0x1fe9 CMakeFiles/hello_uart.dir/home/mkhuthir/.pico-sdk/sdk/2.0.0/src/rp2_common/hardware_irq/irq.c.obj
 .debug_info    0x0000546e      0x1af CMakeFiles/hello_uart.dir/home/mkhuthir/.pico-sdk/sdk/2.0.0/src/common/pico_sync/lock_core.c.obj
 .debug_info    0x0000561d     0x1e7c CMakeFiles/hello_uart.dir/home/mkhuthir/.pico-sdk/sdk/2.0.0/src/common/pico_sync/mutex.c.obj
 .debug_info    0x00007499     0x3353 CMakeFiles/hello_uart.dir/home/mkhuthir/.pico-sdk/sdk/2.0.0/src/common/pico_time/time.c.obj
 .debug_info    0x0000a7ec     0x19b0 CMakeFiles/hello_uart.dir/home/mkhuthir/.pico-sdk/sdk/2.0.0/src/rp2_common/hardware_timer/timer.c.obj
 .debug_info    0x0000c19c     0x12e5 CMakeFiles/hello_uart.dir/home/mkhuthir/.pico-sdk/sdk/2.0.0/src/rp2_common/hardware_uart/uart.c.obj
 .debug_info    0x0000d481     0x1509 CMakeFiles/hello_uart.dir/home/mkhuthir/.pico-sdk/sdk/2.0.0/src/rp2_common/hardware_clocks/clocks.c.obj
 .debug_info    0x0000e98a      0x64f CMakeFiles/hello_uart.dir/home/mkhuthir/.pico-sdk/sdk/2.0.0/src/rp2_common/hardware_pll/pll.c.obj
 .debug_info    0x0000efd9      0x2b2 CMakeFiles/hello_uart.dir/home/mkhuthir/.pico-sdk/sdk/2.0.0/src/rp2_common/hardware_ticks/ticks.c.obj
 .debug_info    0x0000f28b      0x1d0 CMakeFiles/hello_uart.dir/home/mkhuthir/.pico-sdk/sdk/2.0.0/src/rp2_common/hardware_xosc/xosc.c.obj
 .debug_info    0x0000f45b      0x1bc CMakeFiles/hello_uart.dir/home/mkhuthir/.pico-sdk/sdk/2.0.0/src/rp2_common/pico_runtime/runtime.c.obj
 .debug_info    0x0000f617      0x7ad CMakeFiles/hello_uart.dir/home/mkhuthir/.pico-sdk/sdk/2.0.0/src/rp2_common/pico_runtime_init/runtime_init.c.obj
 .debug_info    0x0000fdc4      0x765 CMakeFiles/hello_uart.dir/home/mkhuthir/.pico-sdk/sdk/2.0.0/src/rp2_common/pico_runtime_init/runtime_init_clocks.c.obj
 .debug_info    0x00010529       0x23 CMakeFiles/hello_uart.dir/home/mkhuthir/.pico-sdk/sdk/2.0.0/src/rp2_common/pico_bit_ops/bit_ops_aeabi.S.obj
 .debug_info    0x0001054c      0x3d6 CMakeFiles/hello_uart.dir/home/mkhuthir/.pico-sdk/sdk/2.0.0/src/rp2_common/pico_bootrom/bootrom.c.obj
 .debug_info    0x00010922       0x23 CMakeFiles/hello_uart.dir/home/mkhuthir/.pico-sdk/sdk/2.0.0/src/rp2_common/pico_divider/divider_hardware.S.obj
 .debug_info    0x00010945       0x23 CMakeFiles/hello_uart.dir/home/mkhuthir/.pico-sdk/sdk/2.0.0/src/rp2_common/pico_double/double_aeabi_rp2040.S.obj
 .debug_info    0x00010968      0x34c CMakeFiles/hello_uart.dir/home/mkhuthir/.pico-sdk/sdk/2.0.0/src/rp2_common/pico_double/double_init_rom_rp2040.c.obj
 .debug_info    0x00010cb4       0x23 CMakeFiles/hello_uart.dir/home/mkhuthir/.pico-sdk/sdk/2.0.0/src/rp2_common/pico_double/double_v1_rom_shim_rp2040.S.obj
 .debug_info    0x00010cd7       0x23 CMakeFiles/hello_uart.dir/home/mkhuthir/.pico-sdk/sdk/2.0.0/src/rp2_common/pico_float/float_aeabi_rp2040.S.obj
 .debug_info    0x00010cfa      0x34d CMakeFiles/hello_uart.dir/home/mkhuthir/.pico-sdk/sdk/2.0.0/src/rp2_common/pico_float/float_init_rom_rp2040.c.obj
 .debug_info    0x00011047       0x23 CMakeFiles/hello_uart.dir/home/mkhuthir/.pico-sdk/sdk/2.0.0/src/rp2_common/pico_float/float_v1_rom_shim_rp2040.S.obj
 .debug_info    0x0001106a       0x23 CMakeFiles/hello_uart.dir/home/mkhuthir/.pico-sdk/sdk/2.0.0/src/rp2_common/pico_mem_ops/mem_ops_aeabi.S.obj
 .debug_info    0x0001108d      0x28e CMakeFiles/hello_uart.dir/home/mkhuthir/.pico-sdk/sdk/2.0.0/src/rp2_common/pico_standard_binary_info/standard_binary_info.c.obj
 .debug_info    0x0001131b     0x19dc CMakeFiles/hello_uart.dir/home/mkhuthir/.pico-sdk/sdk/2.0.0/src/rp2_common/pico_printf/printf.c.obj
 .debug_info    0x00012cf7       0x23 CMakeFiles/hello_uart.dir/home/mkhuthir/.pico-sdk/sdk/2.0.0/src/rp2_common/pico_crt0/crt0.S.obj
 .debug_info    0x00012d1a      0xbb8 CMakeFiles/hello_uart.dir/home/mkhuthir/.pico-sdk/sdk/2.0.0/src/rp2_common/pico_clib_interface/newlib_interface.c.obj
 .debug_info    0x000138d2     0x151b CMakeFiles/hello_uart.dir/home/mkhuthir/.pico-sdk/sdk/2.0.0/src/rp2_common/pico_stdio/stdio.c.obj

.debug_abbrev   0x00000000     0x48d6
 .debug_abbrev  0x00000000      0x2e6 CMakeFiles/hello_uart.dir/hello_uart.c.obj
 .debug_abbrev  0x000002e6      0x42d CMakeFiles/hello_uart.dir/home/mkhuthir/.pico-sdk/sdk/2.0.0/src/rp2_common/hardware_gpio/gpio.c.obj
 .debug_abbrev  0x00000713      0x12d CMakeFiles/hello_uart.dir/home/mkhuthir/.pico-sdk/sdk/2.0.0/src/rp2_common/pico_platform_panic/panic.c.obj
 .debug_abbrev  0x00000840      0x2b4 CMakeFiles/hello_uart.dir/home/mkhuthir/.pico-sdk/sdk/2.0.0/src/common/hardware_claim/claim.c.obj
 .debug_abbrev  0x00000af4      0x1f4 CMakeFiles/hello_uart.dir/home/mkhuthir/.pico-sdk/sdk/2.0.0/src/rp2_common/hardware_sync/sync.c.obj
 .debug_abbrev  0x00000ce8      0x1f0 CMakeFiles/hello_uart.dir/home/mkhuthir/.pico-sdk/sdk/2.0.0/src/rp2_common/hardware_sync_spin_lock/sync_spin_lock.c.obj
 .debug_abbrev  0x00000ed8      0x5d8 CMakeFiles/hello_uart.dir/home/mkhuthir/.pico-sdk/sdk/2.0.0/src/rp2_common/hardware_irq/irq.c.obj
 .debug_abbrev  0x000014b0      0x116 CMakeFiles/hello_uart.dir/home/mkhuthir/.pico-sdk/sdk/2.0.0/src/common/pico_sync/lock_core.c.obj
 .debug_abbrev  0x000015c6      0x424 CMakeFiles/hello_uart.dir/home/mkhuthir/.pico-sdk/sdk/2.0.0/src/common/pico_sync/mutex.c.obj
 .debug_abbrev  0x000019ea      0x630 CMakeFiles/hello_uart.dir/home/mkhuthir/.pico-sdk/sdk/2.0.0/src/common/pico_time/time.c.obj
 .debug_abbrev  0x0000201a      0x473 CMakeFiles/hello_uart.dir/home/mkhuthir/.pico-sdk/sdk/2.0.0/src/rp2_common/hardware_timer/timer.c.obj
 .debug_abbrev  0x0000248d      0x342 CMakeFiles/hello_uart.dir/home/mkhuthir/.pico-sdk/sdk/2.0.0/src/rp2_common/hardware_uart/uart.c.obj
 .debug_abbrev  0x000027cf      0x431 CMakeFiles/hello_uart.dir/home/mkhuthir/.pico-sdk/sdk/2.0.0/src/rp2_common/hardware_clocks/clocks.c.obj
 .debug_abbrev  0x00002c00      0x20e CMakeFiles/hello_uart.dir/home/mkhuthir/.pico-sdk/sdk/2.0.0/src/rp2_common/hardware_pll/pll.c.obj
 .debug_abbrev  0x00002e0e      0x152 CMakeFiles/hello_uart.dir/home/mkhuthir/.pico-sdk/sdk/2.0.0/src/rp2_common/hardware_ticks/ticks.c.obj
 .debug_abbrev  0x00002f60      0x11d CMakeFiles/hello_uart.dir/home/mkhuthir/.pico-sdk/sdk/2.0.0/src/rp2_common/hardware_xosc/xosc.c.obj
 .debug_abbrev  0x0000307d      0x149 CMakeFiles/hello_uart.dir/home/mkhuthir/.pico-sdk/sdk/2.0.0/src/rp2_common/pico_runtime/runtime.c.obj
 .debug_abbrev  0x000031c6      0x20f CMakeFiles/hello_uart.dir/home/mkhuthir/.pico-sdk/sdk/2.0.0/src/rp2_common/pico_runtime_init/runtime_init.c.obj
 .debug_abbrev  0x000033d5      0x2b3 CMakeFiles/hello_uart.dir/home/mkhuthir/.pico-sdk/sdk/2.0.0/src/rp2_common/pico_runtime_init/runtime_init_clocks.c.obj
 .debug_abbrev  0x00003688       0x12 CMakeFiles/hello_uart.dir/home/mkhuthir/.pico-sdk/sdk/2.0.0/src/rp2_common/pico_bit_ops/bit_ops_aeabi.S.obj
 .debug_abbrev  0x0000369a      0x1a0 CMakeFiles/hello_uart.dir/home/mkhuthir/.pico-sdk/sdk/2.0.0/src/rp2_common/pico_bootrom/bootrom.c.obj
 .debug_abbrev  0x0000383a       0x12 CMakeFiles/hello_uart.dir/home/mkhuthir/.pico-sdk/sdk/2.0.0/src/rp2_common/pico_divider/divider_hardware.S.obj
 .debug_abbrev  0x0000384c       0x12 CMakeFiles/hello_uart.dir/home/mkhuthir/.pico-sdk/sdk/2.0.0/src/rp2_common/pico_double/double_aeabi_rp2040.S.obj
 .debug_abbrev  0x0000385e      0x1ab CMakeFiles/hello_uart.dir/home/mkhuthir/.pico-sdk/sdk/2.0.0/src/rp2_common/pico_double/double_init_rom_rp2040.c.obj
 .debug_abbrev  0x00003a09       0x12 CMakeFiles/hello_uart.dir/home/mkhuthir/.pico-sdk/sdk/2.0.0/src/rp2_common/pico_double/double_v1_rom_shim_rp2040.S.obj
 .debug_abbrev  0x00003a1b       0x12 CMakeFiles/hello_uart.dir/home/mkhuthir/.pico-sdk/sdk/2.0.0/src/rp2_common/pico_float/float_aeabi_rp2040.S.obj
 .debug_abbrev  0x00003a2d      0x1ae CMakeFiles/hello_uart.dir/home/mkhuthir/.pico-sdk/sdk/2.0.0/src/rp2_common/pico_float/float_init_rom_rp2040.c.obj
 .debug_abbrev  0x00003bdb       0x12 CMakeFiles/hello_uart.dir/home/mkhuthir/.pico-sdk/sdk/2.0.0/src/rp2_common/pico_float/float_v1_rom_shim_rp2040.S.obj
 .debug_abbrev  0x00003bed       0x12 CMakeFiles/hello_uart.dir/home/mkhuthir/.pico-sdk/sdk/2.0.0/src/rp2_common/pico_mem_ops/mem_ops_aeabi.S.obj
 .debug_abbrev  0x00003bff       0xb8 CMakeFiles/hello_uart.dir/home/mkhuthir/.pico-sdk/sdk/2.0.0/src/rp2_common/pico_standard_binary_info/standard_binary_info.c.obj
 .debug_abbrev  0x00003cb7      0x38e CMakeFiles/hello_uart.dir/home/mkhuthir/.pico-sdk/sdk/2.0.0/src/rp2_common/pico_printf/printf.c.obj
 .debug_abbrev  0x00004045       0x12 CMakeFiles/hello_uart.dir/home/mkhuthir/.pico-sdk/sdk/2.0.0/src/rp2_common/pico_crt0/crt0.S.obj
 .debug_abbrev  0x00004057      0x35f CMakeFiles/hello_uart.dir/home/mkhuthir/.pico-sdk/sdk/2.0.0/src/rp2_common/pico_clib_interface/newlib_interface.c.obj
 .debug_abbrev  0x000043b6      0x520 CMakeFiles/hello_uart.dir/home/mkhuthir/.pico-sdk/sdk/2.0.0/src/rp2_common/pico_stdio/stdio.c.obj

.debug_loclists
                0x00000000     0x8954
 .debug_loclists
                0x00000000      0x2af CMakeFiles/hello_uart.dir/hello_uart.c.obj
 .debug_loclists
                0x000002af      0xf31 CMakeFiles/hello_uart.dir/home/mkhuthir/.pico-sdk/sdk/2.0.0/src/rp2_common/hardware_gpio/gpio.c.obj
 .debug_loclists
                0x000011e0      0x2af CMakeFiles/hello_uart.dir/home/mkhuthir/.pico-sdk/sdk/2.0.0/src/common/hardware_claim/claim.c.obj
 .debug_loclists
                0x0000148f       0xe6 CMakeFiles/hello_uart.dir/home/mkhuthir/.pico-sdk/sdk/2.0.0/src/rp2_common/hardware_sync/sync.c.obj
 .debug_loclists
                0x00001575       0xa8 CMakeFiles/hello_uart.dir/home/mkhuthir/.pico-sdk/sdk/2.0.0/src/rp2_common/hardware_sync_spin_lock/sync_spin_lock.c.obj
 .debug_loclists
                0x0000161d      0xda2 CMakeFiles/hello_uart.dir/home/mkhuthir/.pico-sdk/sdk/2.0.0/src/rp2_common/hardware_irq/irq.c.obj
 .debug_loclists
                0x000023bf       0x50 CMakeFiles/hello_uart.dir/home/mkhuthir/.pico-sdk/sdk/2.0.0/src/common/pico_sync/lock_core.c.obj
 .debug_loclists
                0x0000240f      0xaec CMakeFiles/hello_uart.dir/home/mkhuthir/.pico-sdk/sdk/2.0.0/src/common/pico_sync/mutex.c.obj
 .debug_loclists
                0x00002efb     0x16eb CMakeFiles/hello_uart.dir/home/mkhuthir/.pico-sdk/sdk/2.0.0/src/common/pico_time/time.c.obj
 .debug_loclists
                0x000045e6      0x971 CMakeFiles/hello_uart.dir/home/mkhuthir/.pico-sdk/sdk/2.0.0/src/rp2_common/hardware_timer/timer.c.obj
 .debug_loclists
                0x00004f57      0x6a4 CMakeFiles/hello_uart.dir/home/mkhuthir/.pico-sdk/sdk/2.0.0/src/rp2_common/hardware_uart/uart.c.obj
 .debug_loclists
                0x000055fb      0x9d3 CMakeFiles/hello_uart.dir/home/mkhuthir/.pico-sdk/sdk/2.0.0/src/rp2_common/hardware_clocks/clocks.c.obj
 .debug_loclists
                0x00005fce      0x23b CMakeFiles/hello_uart.dir/home/mkhuthir/.pico-sdk/sdk/2.0.0/src/rp2_common/hardware_pll/pll.c.obj
 .debug_loclists
                0x00006209       0x47 CMakeFiles/hello_uart.dir/home/mkhuthir/.pico-sdk/sdk/2.0.0/src/rp2_common/hardware_ticks/ticks.c.obj
 .debug_loclists
                0x00006250       0x48 CMakeFiles/hello_uart.dir/home/mkhuthir/.pico-sdk/sdk/2.0.0/src/rp2_common/hardware_xosc/xosc.c.obj
 .debug_loclists
                0x00006298       0x58 CMakeFiles/hello_uart.dir/home/mkhuthir/.pico-sdk/sdk/2.0.0/src/rp2_common/pico_runtime/runtime.c.obj
 .debug_loclists
                0x000062f0       0xba CMakeFiles/hello_uart.dir/home/mkhuthir/.pico-sdk/sdk/2.0.0/src/rp2_common/pico_runtime_init/runtime_init.c.obj
 .debug_loclists
                0x000063aa       0x7b CMakeFiles/hello_uart.dir/home/mkhuthir/.pico-sdk/sdk/2.0.0/src/rp2_common/pico_runtime_init/runtime_init_clocks.c.obj
 .debug_loclists
                0x00006425      0x189 CMakeFiles/hello_uart.dir/home/mkhuthir/.pico-sdk/sdk/2.0.0/src/rp2_common/pico_bootrom/bootrom.c.obj
 .debug_loclists
                0x000065ae       0x60 CMakeFiles/hello_uart.dir/home/mkhuthir/.pico-sdk/sdk/2.0.0/src/rp2_common/pico_double/double_init_rom_rp2040.c.obj
 .debug_loclists
                0x0000660e       0x4f CMakeFiles/hello_uart.dir/home/mkhuthir/.pico-sdk/sdk/2.0.0/src/rp2_common/pico_float/float_init_rom_rp2040.c.obj
 .debug_loclists
                0x0000665d     0x16f9 CMakeFiles/hello_uart.dir/home/mkhuthir/.pico-sdk/sdk/2.0.0/src/rp2_common/pico_printf/printf.c.obj
 .debug_loclists
                0x00007d56      0x417 CMakeFiles/hello_uart.dir/home/mkhuthir/.pico-sdk/sdk/2.0.0/src/rp2_common/pico_clib_interface/newlib_interface.c.obj
 .debug_loclists
                0x0000816d      0x7e7 CMakeFiles/hello_uart.dir/home/mkhuthir/.pico-sdk/sdk/2.0.0/src/rp2_common/pico_stdio/stdio.c.obj

.debug_aranges  0x00000000      0xf30
 .debug_aranges
                0x00000000       0x30 CMakeFiles/hello_uart.dir/hello_uart.c.obj
 .debug_aranges
                0x00000030      0x128 CMakeFiles/hello_uart.dir/home/mkhuthir/.pico-sdk/sdk/2.0.0/src/rp2_common/hardware_gpio/gpio.c.obj
 .debug_aranges
                0x00000158       0x28 CMakeFiles/hello_uart.dir/home/mkhuthir/.pico-sdk/sdk/2.0.0/src/rp2_common/pico_platform_panic/panic.c.obj
 .debug_aranges
                0x00000180       0x48 CMakeFiles/hello_uart.dir/home/mkhuthir/.pico-sdk/sdk/2.0.0/src/common/hardware_claim/claim.c.obj
 .debug_aranges
                0x000001c8       0x48 CMakeFiles/hello_uart.dir/home/mkhuthir/.pico-sdk/sdk/2.0.0/src/rp2_common/hardware_sync/sync.c.obj
 .debug_aranges
                0x00000210       0x28 CMakeFiles/hello_uart.dir/home/mkhuthir/.pico-sdk/sdk/2.0.0/src/rp2_common/hardware_sync_spin_lock/sync_spin_lock.c.obj
 .debug_aranges
                0x00000238       0xe0 CMakeFiles/hello_uart.dir/home/mkhuthir/.pico-sdk/sdk/2.0.0/src/rp2_common/hardware_irq/irq.c.obj
 .debug_aranges
                0x00000318       0x20 CMakeFiles/hello_uart.dir/home/mkhuthir/.pico-sdk/sdk/2.0.0/src/common/pico_sync/lock_core.c.obj
 .debug_aranges
                0x00000338       0x98 CMakeFiles/hello_uart.dir/home/mkhuthir/.pico-sdk/sdk/2.0.0/src/common/pico_sync/mutex.c.obj
 .debug_aranges
                0x000003d0      0x110 CMakeFiles/hello_uart.dir/home/mkhuthir/.pico-sdk/sdk/2.0.0/src/common/pico_time/time.c.obj
 .debug_aranges
                0x000004e0       0xf0 CMakeFiles/hello_uart.dir/home/mkhuthir/.pico-sdk/sdk/2.0.0/src/rp2_common/hardware_timer/timer.c.obj
 .debug_aranges
                0x000005d0       0x70 CMakeFiles/hello_uart.dir/home/mkhuthir/.pico-sdk/sdk/2.0.0/src/rp2_common/hardware_uart/uart.c.obj
 .debug_aranges
                0x00000640       0xa0 CMakeFiles/hello_uart.dir/home/mkhuthir/.pico-sdk/sdk/2.0.0/src/rp2_common/hardware_clocks/clocks.c.obj
 .debug_aranges
                0x000006e0       0x28 CMakeFiles/hello_uart.dir/home/mkhuthir/.pico-sdk/sdk/2.0.0/src/rp2_common/hardware_pll/pll.c.obj
 .debug_aranges
                0x00000708       0x30 CMakeFiles/hello_uart.dir/home/mkhuthir/.pico-sdk/sdk/2.0.0/src/rp2_common/hardware_ticks/ticks.c.obj
 .debug_aranges
                0x00000738       0x30 CMakeFiles/hello_uart.dir/home/mkhuthir/.pico-sdk/sdk/2.0.0/src/rp2_common/hardware_xosc/xosc.c.obj
 .debug_aranges
                0x00000768       0x40 CMakeFiles/hello_uart.dir/home/mkhuthir/.pico-sdk/sdk/2.0.0/src/rp2_common/pico_runtime/runtime.c.obj
 .debug_aranges
                0x000007a8       0x48 CMakeFiles/hello_uart.dir/home/mkhuthir/.pico-sdk/sdk/2.0.0/src/rp2_common/pico_runtime_init/runtime_init.c.obj
 .debug_aranges
                0x000007f0       0x28 CMakeFiles/hello_uart.dir/home/mkhuthir/.pico-sdk/sdk/2.0.0/src/rp2_common/pico_runtime_init/runtime_init_clocks.c.obj
 .debug_aranges
                0x00000818       0x60 CMakeFiles/hello_uart.dir/home/mkhuthir/.pico-sdk/sdk/2.0.0/src/rp2_common/pico_bit_ops/bit_ops_aeabi.S.obj
 .debug_aranges
                0x00000878       0x38 CMakeFiles/hello_uart.dir/home/mkhuthir/.pico-sdk/sdk/2.0.0/src/rp2_common/pico_bootrom/bootrom.c.obj
 .debug_aranges
                0x000008b0       0x40 CMakeFiles/hello_uart.dir/home/mkhuthir/.pico-sdk/sdk/2.0.0/src/rp2_common/pico_divider/divider_hardware.S.obj
 .debug_aranges
                0x000008f0      0x140 CMakeFiles/hello_uart.dir/home/mkhuthir/.pico-sdk/sdk/2.0.0/src/rp2_common/pico_double/double_aeabi_rp2040.S.obj
 .debug_aranges
                0x00000a30       0x20 CMakeFiles/hello_uart.dir/home/mkhuthir/.pico-sdk/sdk/2.0.0/src/rp2_common/pico_double/double_init_rom_rp2040.c.obj
 .debug_aranges
                0x00000a50       0xc8 CMakeFiles/hello_uart.dir/home/mkhuthir/.pico-sdk/sdk/2.0.0/src/rp2_common/pico_double/double_v1_rom_shim_rp2040.S.obj
 .debug_aranges
                0x00000b18      0x130 CMakeFiles/hello_uart.dir/home/mkhuthir/.pico-sdk/sdk/2.0.0/src/rp2_common/pico_float/float_aeabi_rp2040.S.obj
 .debug_aranges
                0x00000c48       0x20 CMakeFiles/hello_uart.dir/home/mkhuthir/.pico-sdk/sdk/2.0.0/src/rp2_common/pico_float/float_init_rom_rp2040.c.obj
 .debug_aranges
                0x00000c68       0x50 CMakeFiles/hello_uart.dir/home/mkhuthir/.pico-sdk/sdk/2.0.0/src/rp2_common/pico_float/float_v1_rom_shim_rp2040.S.obj
 .debug_aranges
                0x00000cb8       0x38 CMakeFiles/hello_uart.dir/home/mkhuthir/.pico-sdk/sdk/2.0.0/src/rp2_common/pico_mem_ops/mem_ops_aeabi.S.obj
 .debug_aranges
                0x00000cf0       0x18 CMakeFiles/hello_uart.dir/home/mkhuthir/.pico-sdk/sdk/2.0.0/src/rp2_common/pico_standard_binary_info/standard_binary_info.c.obj
 .debug_aranges
                0x00000d08       0x90 CMakeFiles/hello_uart.dir/home/mkhuthir/.pico-sdk/sdk/2.0.0/src/rp2_common/pico_printf/printf.c.obj
 .debug_aranges
                0x00000d98       0x28 CMakeFiles/hello_uart.dir/home/mkhuthir/.pico-sdk/sdk/2.0.0/src/rp2_common/pico_crt0/crt0.S.obj
 .debug_aranges
                0x00000dc0       0xa0 CMakeFiles/hello_uart.dir/home/mkhuthir/.pico-sdk/sdk/2.0.0/src/rp2_common/pico_clib_interface/newlib_interface.c.obj
 .debug_aranges
                0x00000e60       0xd0 CMakeFiles/hello_uart.dir/home/mkhuthir/.pico-sdk/sdk/2.0.0/src/rp2_common/pico_stdio/stdio.c.obj

.debug_rnglists
                0x00000000      0xf1f
 .debug_rnglists
                0x00000000       0x43 CMakeFiles/hello_uart.dir/hello_uart.c.obj
 .debug_rnglists
                0x00000043      0x10a CMakeFiles/hello_uart.dir/home/mkhuthir/.pico-sdk/sdk/2.0.0/src/rp2_common/hardware_gpio/gpio.c.obj
 .debug_rnglists