ASxxxx Linker V03.00 + NoICE + sdld,  page 1.
Hexadecimal  [32-Bits]

Area                                    Addr        Size        Decimal Bytes (Attributes)
--------------------------------        ----        ----        ------- ----- ------------
CABS                                00000000    00000000 =           0. bytes (ABS,CON,CODE)

      Value  Global                              Global Defined In Module
      -----  --------------------------------   ------------------------
C:   00000000  l_BIT_BANK                      
C:   00000000  l_BSEG                          
C:   00000000  l_BSEG_BYTES                    
C:   00000000  l_CABS                          
C:   00000000  l_GSINIT                        
C:   00000000  l_GSINIT1                       
C:   00000000  l_GSINIT5                       
C:   00000000  l_IABS                          
C:   00000000  l_ISEG                          
C:   00000000  l_PSEG                          
C:   00000000  l_REG_BANK_1                    
C:   00000000  l_REG_BANK_2                    
C:   00000000  l_REG_BANK_3                    
C:   00000000  l_RSEG                          
C:   00000000  l_RSEG0                         
C:   00000000  l_RSEG1                         
C:   00000000  l_XABS                          
C:   00000000  l_XINIT                         
C:   00000000  l_XISEG                         
C:   00000000  l_XSEG                          
C:   00000000  l__CODE                         
C:   00000000  s_BSEG                          
C:   00000000  s_CABS                          
C:   00000000  s_DSEG                          
C:   00000000  s_HOME                          
C:   00000000  s_IABS                          
C:   00000000  s_ISEG                          
C:   00000000  s_REG_BANK_0                    
C:   00000000  s_RSEG                          
C:   00000000  s_RSEG0                         
C:   00000000  s_RSEG1                         
C:   00000000  s_XABS                          
C:   00000001  s_PSEG                          
C:   00000001  s_XISEG                         
C:   00000001  s_XSEG                          
C:   00000002  l_OSEG                          
C:   00000003  l_GSFINAL                       
C:   00000003  l_GSINIT0                       
C:   00000006  l_HOME                          
C:   00000006  s_GSINIT0                       
C:   00000008  l_REG_BANK_0                    
C:   00000008  s_REG_BANK_1                    
C:   00000009  s_GSINIT1                       
C:   00000009  s_GSINIT2                       
C:   0000000A  l_GSINIT2                       
C:   0000000D  l_CONST                         
C:   00000010  s_REG_BANK_2                    
C:   00000013  s_GSINIT3                       
C:   00000018  s_BIT_BANK                      
C:   00000018  s_REG_BANK_3                    
ASxxxx Linker V03.00 + NoICE + sdld,  page 2.
Hexadecimal  [32-Bits]

Area                                    Addr        Size        Decimal Bytes (Attributes)
--------------------------------        ----        ----        ------- ----- ------------
CABS                                00000000    00000000 =           0. bytes (ABS,CON,CODE)

      Value  Global                              Global Defined In Module
      -----  --------------------------------   ------------------------
C:   00000020  s_BSEG_BYTES                    
C:   00000020  s__CODE                         
C:   00000022  l_GSINIT3                       
C:   0000002A  l_GSINIT4                       
C:   0000002B  s_OSEG                          
C:   0000002D  s_SSEG                          
C:   00000035  s_GSINIT4                       
C:   0000005F  s_GSFINAL                       
C:   0000005F  s_GSINIT                        
C:   0000005F  s_GSINIT5                       
C:   00000062  s_CSEG                          
C:   00000080  l_DSEG                          
C:   000000D3  l_SSEG                          
C:   00000100  l_IRAM                          
C:   000003DF  l_CSEG                          
C:   00000441  s_CONST                         
C:   0000044E  s_XINIT                         

ASxxxx Linker V03.00 + NoICE + sdld,  page 3.
Hexadecimal  [32-Bits]

Area                                    Addr        Size        Decimal Bytes (Attributes)
--------------------------------        ----        ----        ------- ----- ------------
.  .ABS.                            00000000    00000000 =           0. bytes (ABS,CON)

      Value  Global                              Global Defined In Module
      -----  --------------------------------   ------------------------
     00000000  .__.ABS.                           _startup
     00000080  _P0                                lib_lcd1602
     00000080  _P0_0                              lib_lcd1602
     00000081  _P0_1                              lib_lcd1602
     00000081  _SP                                lib_lcd1602
     00000082  _DPL                               lib_lcd1602
     00000082  _P0_2                              lib_lcd1602
     00000083  _DPH                               lib_lcd1602
     00000083  _P0_3                              lib_lcd1602
     00000084  _P0_4                              lib_lcd1602
     00000085  _P0_5                              lib_lcd1602
     00000086  _P0_6                              lib_lcd1602
     00000087  _P0_7                              lib_lcd1602
     00000087  _PCON                              lib_lcd1602
     00000088  _IT0                               lib_lcd1602
     00000088  _TCON                              lib_lcd1602
     00000089  _IE0                               lib_lcd1602
     00000089  _TMOD                              lib_lcd1602
     0000008A  _IT1                               lib_lcd1602
     0000008A  _TL0                               lib_lcd1602
     0000008B  _IE1                               lib_lcd1602
     0000008B  _TL1                               lib_lcd1602
     0000008C  _TH0                               lib_lcd1602
     0000008C  _TR0                               lib_lcd1602
     0000008D  _TF0                               lib_lcd1602
     0000008D  _TH1                               lib_lcd1602
     0000008E  _TR1                               lib_lcd1602
     0000008F  _TF1                               lib_lcd1602
     00000090  _P1                                lib_lcd1602
     00000090  _P1_0                              lib_lcd1602
     00000091  _P1_1                              lib_lcd1602
     00000092  _P1_2                              lib_lcd1602
     00000093  _P1_3                              lib_lcd1602
     00000094  _P1_4                              lib_lcd1602
     00000095  _P1_5                              lib_lcd1602
     00000096  _P1_6                              lib_lcd1602
     00000097  _P1_7                              lib_lcd1602
     00000098  _RI                                lib_lcd1602
     00000098  _SCON                              lib_lcd1602
     00000099  _SBUF                              lib_lcd1602
     00000099  _TI                                lib_lcd1602
     0000009A  _RB8                               lib_lcd1602
     0000009B  _TB8                               lib_lcd1602
     0000009C  _REN                               lib_lcd1602
     0000009D  _SM2                               lib_lcd1602
     0000009E  _SM1                               lib_lcd1602
     0000009F  _SM0                               lib_lcd1602
     000000A0  _P2                                lib_lcd1602
     000000A0  _P2_0                              lib_lcd1602
     000000A0  __XPAGE                            
ASxxxx Linker V03.00 + NoICE + sdld,  page 4.
Hexadecimal  [32-Bits]

Area                                    Addr        Size        Decimal Bytes (Attributes)
--------------------------------        ----        ----        ------- ----- ------------
.  .ABS.                            00000000    00000000 =           0. bytes (ABS,CON)

      Value  Global                              Global Defined In Module
      -----  --------------------------------   ------------------------
     000000A1  _P2_1                              lib_lcd1602
     000000A2  _P2_2                              lib_lcd1602
     000000A3  _P2_3                              lib_lcd1602
     000000A4  _P2_4                              lib_lcd1602
     000000A5  _P2_5                              lib_lcd1602
     000000A6  _P2_6                              lib_lcd1602
     000000A7  _P2_7                              lib_lcd1602
     000000A8  _EX0                               lib_lcd1602
     000000A8  _IE                                lib_lcd1602
     000000A9  _ET0                               lib_lcd1602
     000000AA  _EX1                               lib_lcd1602
     000000AB  _ET1                               lib_lcd1602
     000000AC  _ES                                lib_lcd1602
     000000AD  _ET2                               lib_lcd1602
     000000AF  _EA                                lib_lcd1602
     000000B0  _P3                                lib_lcd1602
     000000B0  _P3_0                              lib_lcd1602
     000000B0  _RXD                               lib_lcd1602
     000000B1  _P3_1                              lib_lcd1602
     000000B1  _TXD                               lib_lcd1602
     000000B2  _INT0                              lib_lcd1602
     000000B2  _P3_2                              lib_lcd1602
     000000B3  _INT1                              lib_lcd1602
     000000B3  _P3_3                              lib_lcd1602
     000000B4  _P3_4                              lib_lcd1602
     000000B4  _T0                                lib_lcd1602
     000000B5  _P3_5                              lib_lcd1602
     000000B5  _T1                                lib_lcd1602
     000000B6  _P3_6                              lib_lcd1602
     000000B6  _WR                                lib_lcd1602
     000000B7  _P3_7                              lib_lcd1602
     000000B7  _RD                                lib_lcd1602
     000000B8  _IP                                lib_lcd1602
     000000B8  _PX0                               lib_lcd1602
     000000B9  _PT0                               lib_lcd1602
     000000BA  _PX1                               lib_lcd1602
     000000BB  _PT1                               lib_lcd1602
     000000BC  _PS                                lib_lcd1602
     000000BD  _PT2                               lib_lcd1602
     000000C8  _CP_RL2                            lib_lcd1602
     000000C8  _T2CON                             lib_lcd1602
     000000C8  _T2CON_0                           lib_lcd1602
     000000C9  _C_T2                              lib_lcd1602
     000000C9  _T2CON_1                           lib_lcd1602
     000000CA  _RCAP2L                            lib_lcd1602
     000000CA  _T2CON_2                           lib_lcd1602
     000000CA  _TR2                               lib_lcd1602
     000000CB  _EXEN2                             lib_lcd1602
     000000CB  _RCAP2H                            lib_lcd1602
     000000CB  _T2CON_3                           lib_lcd1602
     000000CC  _T2CON_4                           lib_lcd1602
ASxxxx Linker V03.00 + NoICE + sdld,  page 5.
Hexadecimal  [32-Bits]

Area                                    Addr        Size        Decimal Bytes (Attributes)
--------------------------------        ----        ----        ------- ----- ------------
.  .ABS.                            00000000    00000000 =           0. bytes (ABS,CON)

      Value  Global                              Global Defined In Module
      -----  --------------------------------   ------------------------
     000000CC  _TCLK                              lib_lcd1602
     000000CC  _TL2                               lib_lcd1602
     000000CD  _RCLK                              lib_lcd1602
     000000CD  _T2CON_5                           lib_lcd1602
     000000CD  _TH2                               lib_lcd1602
     000000CE  _EXF2                              lib_lcd1602
     000000CE  _T2CON_6                           lib_lcd1602
     000000CF  _T2CON_7                           lib_lcd1602
     000000CF  _TF2                               lib_lcd1602
     000000D0  _P                                 lib_lcd1602
     000000D0  _PSW                               lib_lcd1602
     000000D1  _F1                                lib_lcd1602
     000000D2  _OV                                lib_lcd1602
     000000D3  _RS0                               lib_lcd1602
     000000D4  _RS1                               lib_lcd1602
     000000D5  _F0                                lib_lcd1602
     000000D6  _AC                                lib_lcd1602
     000000D7  _CY                                lib_lcd1602
     000000E0  _ACC                               lib_lcd1602
     000000F0  _B                                 lib_lcd1602
     000000F5  _B_5                               _gptrget
     000000F6  _B_6                               _gptrget
     000000F7  _B_7                               _gptrget

ASxxxx Linker V03.00 + NoICE + sdld,  page 6.
Hexadecimal  [32-Bits]

Area                                    Addr        Size        Decimal Bytes (Attributes)
--------------------------------        ----        ----        ------- ----- ------------
REG_BANK_0                          00000000    00000008 =           8. bytes (REL,OVR)

      Value  Global                              Global Defined In Module
      -----  --------------------------------   ------------------------
ASxxxx Linker V03.00 + NoICE + sdld,  page 7.
Hexadecimal  [32-Bits]

Area                                    Addr        Size        Decimal Bytes (Attributes)
--------------------------------        ----        ----        ------- ----- ------------
DSEG                                00000000    00000080 =         128. bytes (REL,CON)

      Value  Global                              Global Defined In Module
      -----  --------------------------------   ------------------------
     00000008  _lcd_pow_PARM_2                    lib_lcd1602
     0000000A  _lcd_set_ac_PARM_2                 lib_lcd1602
     0000000C  _lcd_show_char_PARM_2              lib_lcd1602
     0000000E  _lcd_show_char_PARM_3              lib_lcd1602
     0000000F  _lcd_show_string_PARM_2            lib_lcd1602
     00000011  _lcd_show_string_PARM_3            lib_lcd1602
     00000014  _lcd_show_int_num_PARM_2           lib_lcd1602
     00000016  _lcd_show_int_num_PARM_3           lib_lcd1602
     00000018  _lcd_show_int_num_PARM_4           lib_lcd1602
     0000001A  _lcd_show_dec_num_PARM_2           lib_lcd1602
     0000001C  _lcd_show_dec_num_PARM_3           lib_lcd1602
     0000001E  _lcd_show_dec_num_PARM_4           lib_lcd1602
     00000020  _lcd_show_hex_num_PARM_2           lib_lcd1602
     00000022  _lcd_show_hex_num_PARM_3           lib_lcd1602
     00000023  _lcd_show_hex_num_PARM_4           lib_lcd1602
     00000025  _lcd_show_bin_num_PARM_2           lib_lcd1602
     00000027  _lcd_show_bin_num_PARM_3           lib_lcd1602
     00000029  _lcd_show_bin_num_PARM_4           lib_lcd1602
ASxxxx Linker V03.00 + NoICE + sdld,  page 8.
Hexadecimal  [32-Bits]

Area                                    Addr        Size        Decimal Bytes (Attributes)
--------------------------------        ----        ----        ------- ----- ------------
OSEG                                0000002B    00000002 =           2. bytes (REL,OVR)

      Value  Global                              Global Defined In Module
      -----  --------------------------------   ------------------------
     0000002B  __divsint_PARM_2                   _divuint
     0000002B  __divuint_PARM_2                   _divuint
     0000002B  __modsint_PARM_2                   _moduint
     0000002B  __moduint_PARM_2                   _moduint
     0000002B  __mulint_PARM_2                    _mulint

ASxxxx Linker V03.00 + NoICE + sdld,  page 9.
Hexadecimal  [32-Bits]

Area                                    Addr        Size        Decimal Bytes (Attributes)
--------------------------------        ----        ----        ------- ----- ------------
SSEG                                0000002D    000000D3 =         211. bytes (REL,OVR)

      Value  Global                              Global Defined In Module
      -----  --------------------------------   ------------------------
     0000002D  __start__stack                     lcd

ASxxxx Linker V03.00 + NoICE + sdld,  page 10.
Hexadecimal  [32-Bits]

Area                                    Addr        Size        Decimal Bytes (Attributes)
--------------------------------        ----        ----        ------- ----- ------------
HOME                                00000000    00000006 =           6. bytes (REL,CON,CODE)

      Value  Global                              Global Defined In Module
      -----  --------------------------------   ------------------------
C:   00000003  __sdcc_program_startup             lcd

ASxxxx Linker V03.00 + NoICE + sdld,  page 11.
Hexadecimal  [32-Bits]

Area                                    Addr        Size        Decimal Bytes (Attributes)
--------------------------------        ----        ----        ------- ----- ------------
GSINIT0                             00000006    00000003 =           3. bytes (REL,CON,CODE)

      Value  Global                              Global Defined In Module
      -----  --------------------------------   ------------------------
C:   00000006  __sdcc_gsinit_startup              

ASxxxx Linker V03.00 + NoICE + sdld,  page 12.
Hexadecimal  [32-Bits]

Area                                    Addr        Size        Decimal Bytes (Attributes)
--------------------------------        ----        ----        ------- ----- ------------
GSINIT2                             00000009    0000000A =          10. bytes (REL,CON,CODE)

      Value  Global                              Global Defined In Module
      -----  --------------------------------   ------------------------
ASxxxx Linker V03.00 + NoICE + sdld,  page 13.
Hexadecimal  [32-Bits]

Area                                    Addr        Size        Decimal Bytes (Attributes)
--------------------------------        ----        ----        ------- ----- ------------
GSINIT3                             00000013    00000022 =          34. bytes (REL,CON,CODE)

      Value  Global                              Global Defined In Module
      -----  --------------------------------   ------------------------
C:   00000013  __mcs51_genXINIT                   

ASxxxx Linker V03.00 + NoICE + sdld,  page 14.
Hexadecimal  [32-Bits]

Area                                    Addr        Size        Decimal Bytes (Attributes)
--------------------------------        ----        ----        ------- ----- ------------
GSINIT4                             00000035    0000002A =          42. bytes (REL,CON,CODE)

      Value  Global                              Global Defined In Module
      -----  --------------------------------   ------------------------
C:   00000035  __mcs51_genRAMCLEAR                
C:   0000003B  __mcs51_genXRAMCLEAR               

ASxxxx Linker V03.00 + NoICE + sdld,  page 15.
Hexadecimal  [32-Bits]

Area                                    Addr        Size        Decimal Bytes (Attributes)
--------------------------------        ----        ----        ------- ----- ------------
GSFINAL                             0000005F    00000003 =           3. bytes (REL,CON,CODE)

      Value  Global                              Global Defined In Module
      -----  --------------------------------   ------------------------
ASxxxx Linker V03.00 + NoICE + sdld,  page 16.
Hexadecimal  [32-Bits]

Area                                    Addr        Size        Decimal Bytes (Attributes)
--------------------------------        ----        ----        ------- ----- ------------
CSEG                                00000062    000003DF =         991. bytes (REL,CON,CODE)

      Value  Global                              Global Defined In Module
      -----  --------------------------------   ------------------------
C:   00000062  _main                              lcd
C:   000000E8  _lcd_delay                         lib_lcd1602
C:   000000F1  _lcd_pow                           lib_lcd1602
C:   00000131  _lcd_write_command                 lib_lcd1602
C:   00000143  _lcd_write_data                    lib_lcd1602
C:   00000155  _lcd_1602_init                     lib_lcd1602
C:   0000016D  _lcd_set_ac                        lib_lcd1602
C:   00000190  _lcd_show_char                     lib_lcd1602
C:   0000019F  _lcd_show_string                   lib_lcd1602
C:   000001D7  _lcd_show_int_num                  lib_lcd1602
C:   0000022B  _lcd_show_dec_num                  lib_lcd1602
C:   000002C6  _lcd_show_hex_num                  lib_lcd1602
C:   0000033F  _lcd_show_bin_num                  lib_lcd1602
C:   0000038E  __mulint                           _mulint
C:   0000038E  __mulint_dummy                     _mulint
C:   000003AB  __moduint                          _moduint
C:   000003F8  __divuint                          _divuint
C:   00000421  __gptrget                          _gptrget
C:   0000043D  __sdcc_external_startup            _startup

ASxxxx Linker V03.00 + NoICE + sdld,  page 17.
Hexadecimal  [32-Bits]

Area                                    Addr        Size        Decimal Bytes (Attributes)
--------------------------------        ----        ----        ------- ----- ------------
CONST                               00000441    0000000D =          13. bytes (REL,CON,CODE)

      Value  Global                              Global Defined In Module
      -----  --------------------------------   ------------------------
ASxxxx Linker V03.00 + NoICE + sdld,  page 18.

Files Linked                              [ module(s) ]

.pio/build/STC89C52RC/src/lcd.rel         [  ]


Libraries Linked                          [ object file ]

.pio/build/STC89C52RC/liba2b/liblcd1602.lib
                                          [ lib_lcd1602.rel ]
/home/mkhuthir/.platformio/packages/toolchain-sdcc/bin/../share/sdcc/lib/small/mcs51.lib
                                          [ crtclear.rel ]
/home/mkhuthir/.platformio/packages/toolchain-sdcc/bin/../share/sdcc/lib/small/mcs51.lib
                                          [ crtxinit.rel ]
/home/mkhuthir/.platformio/packages/toolchain-sdcc/bin/../share/sdcc/lib/small/libint.lib
                                          [ _mulint.rel ]
/home/mkhuthir/.platformio/packages/toolchain-sdcc/bin/../share/sdcc/lib/small/libint.lib
                                          [ _moduint.rel ]
/home/mkhuthir/.platformio/packages/toolchain-sdcc/bin/../share/sdcc/lib/small/mcs51.lib
                                          [ crtxclear.rel ]
/home/mkhuthir/.platformio/packages/toolchain-sdcc/bin/../share/sdcc/lib/small/libint.lib
                                          [ _divuint.rel ]
/home/mkhuthir/.platformio/packages/toolchain-sdcc/bin/../share/sdcc/lib/small/mcs51.lib
                                          [ crtpagesfr.rel ]
/home/mkhuthir/.platformio/packages/toolchain-sdcc/bin/../share/sdcc/lib/small/mcs51.lib
                                          [ crtstart.rel ]
/home/mkhuthir/.platformio/packages/toolchain-sdcc/bin/../share/sdcc/lib/small/libsdcc.lib
                                          [ _gptrget.rel ]
/home/mkhuthir/.platformio/packages/toolchain-sdcc/bin/../share/sdcc/lib/small/libsdcc.lib
                                          [ _startup.rel ]

ASxxxx Linker V03.00 + NoICE + sdld,  page 19.

User Base Address Definitions

HOME = 0x0000
XSEG = 0x0001
PSEG = 0x0001
ISEG = 0x0000
BSEG = 0x0000

