Archive member included to satisfy reference by file (symbol)

/home/mkhuthir/.pico-sdk/toolchain/13_2_Rel1/bin/../lib/gcc/arm-none-eabi/13.2.1/thumb/v6-m/nofp/libgcc.a(_dvmd_tls.o)
                              CMakeFiles/hello_usb.dir/home/mkhuthir/.pico-sdk/sdk/2.0.0/src/rp2_common/pico_divider/divider_hardware.S.obj (__aeabi_idiv0)
/home/mkhuthir/.pico-sdk/toolchain/13_2_Rel1/bin/../lib/gcc/arm-none-eabi/13.2.1/../../../../arm-none-eabi/lib/thumb/v6-m/nofp/libg.a(libc_a-lcltime_r.o)
                              CMakeFiles/hello_usb.dir/home/mkhuthir/.pico-sdk/sdk/2.0.0/src/common/pico_util/datetime.c.obj (localtime_r)
/home/mkhuthir/.pico-sdk/toolchain/13_2_Rel1/bin/../lib/gcc/arm-none-eabi/13.2.1/../../../../arm-none-eabi/lib/thumb/v6-m/nofp/libg.a(libc_a-mktime.o)
                              CMakeFiles/hello_usb.dir/home/mkhuthir/.pico-sdk/sdk/2.0.0/src/common/pico_util/datetime.c.obj (mktime)
/home/mkhuthir/.pico-sdk/toolchain/13_2_Rel1/bin/../lib/gcc/arm-none-eabi/13.2.1/../../../../arm-none-eabi/lib/thumb/v6-m/nofp/libg.a(libc_a-month_lengths.o)
                              /home/mkhuthir/.pico-sdk/toolchain/13_2_Rel1/bin/../lib/gcc/arm-none-eabi/13.2.1/../../../../arm-none-eabi/lib/thumb/v6-m/nofp/libg.a(libc_a-lcltime_r.o) (__month_lengths)
/home/mkhuthir/.pico-sdk/toolchain/13_2_Rel1/bin/../lib/gcc/arm-none-eabi/13.2.1/../../../../arm-none-eabi/lib/thumb/v6-m/nofp/libg.a(libc_a-tzcalc_limits.o)
                              /home/mkhuthir/.pico-sdk/toolchain/13_2_Rel1/bin/../lib/gcc/arm-none-eabi/13.2.1/../../../../arm-none-eabi/lib/thumb/v6-m/nofp/libg.a(libc_a-lcltime_r.o) (__tzcalc_limits)
/home/mkhuthir/.pico-sdk/toolchain/13_2_Rel1/bin/../lib/gcc/arm-none-eabi/13.2.1/../../../../arm-none-eabi/lib/thumb/v6-m/nofp/libg.a(libc_a-tzlock.o)
                              /home/mkhuthir/.pico-sdk/toolchain/13_2_Rel1/bin/../lib/gcc/arm-none-eabi/13.2.1/../../../../arm-none-eabi/lib/thumb/v6-m/nofp/libg.a(libc_a-lcltime_r.o) (__tz_lock)
/home/mkhuthir/.pico-sdk/toolchain/13_2_Rel1/bin/../lib/gcc/arm-none-eabi/13.2.1/../../../../arm-none-eabi/lib/thumb/v6-m/nofp/libg.a(libc_a-malloc.o)
                              CMakeFiles/hello_usb.dir/home/mkhuthir/.pico-sdk/sdk/2.0.0/src/rp2_common/pico_malloc/malloc.c.obj (malloc)
/home/mkhuthir/.pico-sdk/toolchain/13_2_Rel1/bin/../lib/gcc/arm-none-eabi/13.2.1/../../../../arm-none-eabi/lib/thumb/v6-m/nofp/libg.a(libc_a-mallocr.o)
                              /home/mkhuthir/.pico-sdk/toolchain/13_2_Rel1/bin/../lib/gcc/arm-none-eabi/13.2.1/../../../../arm-none-eabi/lib/thumb/v6-m/nofp/libg.a(libc_a-malloc.o) (_malloc_r)
/home/mkhuthir/.pico-sdk/toolchain/13_2_Rel1/bin/../lib/gcc/arm-none-eabi/13.2.1/../../../../arm-none-eabi/lib/thumb/v6-m/nofp/libg.a(libc_a-memcmp.o)
                              CMakeFiles/hello_usb.dir/home/mkhuthir/.pico-sdk/sdk/2.0.0/src/rp2_common/pico_atomic/atomic.c.obj (memcmp)
/home/mkhuthir/.pico-sdk/toolchain/13_2_Rel1/bin/../lib/gcc/arm-none-eabi/13.2.1/../../../../arm-none-eabi/lib/thumb/v6-m/nofp/libg.a(libc_a-tzset.o)
                              /home/mkhuthir/.pico-sdk/toolchain/13_2_Rel1/bin/../lib/gcc/arm-none-eabi/13.2.1/../../../../arm-none-eabi/lib/thumb/v6-m/nofp/libg.a(libc_a-lcltime_r.o) (_tzset_unlocked)
/home/mkhuthir/.pico-sdk/toolchain/13_2_Rel1/bin/../lib/gcc/arm-none-eabi/13.2.1/../../../../arm-none-eabi/lib/thumb/v6-m/nofp/libg.a(libc_a-tzset_r.o)
                              /home/mkhuthir/.pico-sdk/toolchain/13_2_Rel1/bin/../lib/gcc/arm-none-eabi/13.2.1/../../../../arm-none-eabi/lib/thumb/v6-m/nofp/libg.a(libc_a-tzset.o) (_tzset_unlocked_r)
/home/mkhuthir/.pico-sdk/toolchain/13_2_Rel1/bin/../lib/gcc/arm-none-eabi/13.2.1/../../../../arm-none-eabi/lib/thumb/v6-m/nofp/libg.a(libc_a-init.o)
                              /home/mkhuthir/.pico-sdk/toolchain/13_2_Rel1/bin/../lib/gcc/arm-none-eabi/13.2.1/../../../../arm-none-eabi/lib/thumb/v6-m/nofp/crt0.o (__libc_init_array)
/home/mkhuthir/.pico-sdk/toolchain/13_2_Rel1/bin/../lib/gcc/arm-none-eabi/13.2.1/../../../../arm-none-eabi/lib/thumb/v6-m/nofp/libg.a(libc_a-tzvars.o)
                              /home/mkhuthir/.pico-sdk/toolchain/13_2_Rel1/bin/../lib/gcc/arm-none-eabi/13.2.1/../../../../arm-none-eabi/lib/thumb/v6-m/nofp/libg.a(libc_a-tzset_r.o) (_timezone)
/home/mkhuthir/.pico-sdk/toolchain/13_2_Rel1/bin/../lib/gcc/arm-none-eabi/13.2.1/../../../../arm-none-eabi/lib/thumb/v6-m/nofp/libg.a(libc_a-lock.o)
                              /home/mkhuthir/.pico-sdk/toolchain/13_2_Rel1/bin/../lib/gcc/arm-none-eabi/13.2.1/../../../../arm-none-eabi/lib/thumb/v6-m/nofp/libg.a(libc_a-tzlock.o) (__retarget_lock_acquire)
/home/mkhuthir/.pico-sdk/toolchain/13_2_Rel1/bin/../lib/gcc/arm-none-eabi/13.2.1/../../../../arm-none-eabi/lib/thumb/v6-m/nofp/libg.a(libc_a-sysconf.o)
                              /home/mkhuthir/.pico-sdk/toolchain/13_2_Rel1/bin/../lib/gcc/arm-none-eabi/13.2.1/../../../../arm-none-eabi/lib/thumb/v6-m/nofp/libg.a(libc_a-mallocr.o) (sysconf)
[...]
Memory Configuration

Name             Origin             Length             Attributes
FLASH            0x10000000         0x00200000         xr
RAM              0x20000000         0x00040000         xrw
SCRATCH_X        0x20040000         0x00001000         xrw
SCRATCH_Y        0x20041000         0x00001000         xrw
*default*        0x00000000         0xffffffff

Linker script and memory map

LOAD /home/mkhuthir/.pico-sdk/toolchain/13_2_Rel1/bin/../lib/gcc/arm-none-eabi/13.2.1/thumb/v6-m/nofp/crti.o
LOAD /home/mkhuthir/.pico-sdk/toolchain/13_2_Rel1/bin/../lib/gcc/arm-none-eabi/13.2.1/thumb/v6-m/nofp/crtbegin.o
LOAD /home/mkhuthir/.pico-sdk/toolchain/13_2_Rel1/bin/../lib/gcc/arm-none-eabi/13.2.1/../../../../arm-none-eabi/lib/thumb/v6-m/nofp/crt0.o

.flash_begin    0x10000000        0x0
                0x10000000                        __flash_binary_start = .

.boot2          0x10000000      0x100
                0x10000000                        __boot2_start__ = .
 *(.boot2)
 .boot2         0x10000000      0x100 /tmp/cc6nN0tx.o
                0x10000100                        __boot2_end__ = .
                0x00000001                        ASSERT (((__boot2_end__ - __boot2_start__) == 0x100), ERROR: Pico second stage bootloader must be 256 bytes in size)

.text           0x10000100     0x5fc4
                0x10000100                        __logical_binary_start = .
 *(.vectors)
 .vectors       0x10000100       0xd4 CMakeFiles/hello_usb.dir/home/mkhuthir/.pico-sdk/sdk/2.0.0/src/rp2_common/pico_crt0/crt0.S.obj
                0x10000100                __vectors
                0x10000100                __VECTOR_TABLE
                0x100001c0                isr_invalid
                0x100001c0                __default_isrs_start
                0x100001c2                isr_nmi
                0x100001c4                isr_hardfault
                0x100001c6                isr_svcall
                0x100001c8                isr_pendsv
                0x100001ca                isr_systick
                0x100001cc                isr_irq30
                0x100001cc                __unhandled_user_irq
                0x100001cc                isr_irq13
                0x100001cc                isr_irq27
                0x100001cc                isr_irq31
                0x100001cc                isr_irq5
                0x100001cc                isr_irq11
                0x100001cc                isr_irq23
                0x100001cc                isr_irq18
                0x100001cc                isr_irq28
                0x100001cc                isr_irq19
                0x100001cc                isr_irq0
                0x100001cc                isr_irq6
                0x100001cc                isr_irq22
                0x100001cc                isr_irq17
                0x100001cc                isr_irq14
                0x100001cc                isr_irq2
                0x100001cc                isr_irq10
                0x100001cc                isr_irq8
                0x100001cc                isr_irq24
                0x100001cc                isr_irq1
                0x100001cc                isr_irq7
                0x100001cc                isr_irq21
                0x100001cc                isr_irq20
                0x100001cc                isr_irq15
                0x100001cc                isr_irq25
                0x100001cc                isr_irq4
                0x100001cc                isr_irq16
                0x100001cc                isr_irq29
                0x100001cc                isr_irq26
                0x100001cc                __default_isrs_end
                0x100001cc                isr_irq3
                0x100001cc                isr_irq12
                0x100001cc                isr_irq9
                0x100001d2                unhandled_user_irq_num_in_r0
 *(.binary_info_header)
 .binary_info_header
                0x100001d4       0x14 CMakeFiles/hello_usb.dir/home/mkhuthir/.pico-sdk/sdk/2.0.0/src/rp2_common/pico_crt0/crt0.S.obj
                0x100001e8                        __binary_info_header_end = .
 *(.embedded_block)
                0x100001e8                        __embedded_block_end = .
 *(.reset)
 .reset         0x100001e8       0x9c CMakeFiles/hello_usb.dir/home/mkhuthir/.pico-sdk/sdk/2.0.0/src/rp2_common/pico_crt0/crt0.S.obj
                0x100001e8                _entry_point
 *(.init)
 .init          0x10000284        0x4 /home/mkhuthir/.pico-sdk/toolchain/13_2_Rel1/bin/../lib/gcc/arm-none-eabi/13.2.1/thumb/v6-m/nofp/crti.o
                0x10000284                _init
 *(EXCLUDE_FILE(*libm.a: *libc.a:*lib_a-mem*.o *libgcc.a:) .text*)
 .text.register_tm_clones
                0x10000288       0x28 /home/mkhuthir/.pico-sdk/toolchain/13_2_Rel1/bin/../lib/gcc/arm-none-eabi/13.2.1/thumb/v6-m/nofp/crtbegin.o
 .text.frame_dummy
                0x100002b0       0x24 /home/mkhuthir/.pico-sdk/toolchain/13_2_Rel1/bin/../lib/gcc/arm-none-eabi/13.2.1/thumb/v6-m/nofp/crtbegin.o
 .text.main     0x100002d4       0x1c CMakeFiles/hello_usb.dir/hello_usb.c.obj
                0x100002d4                main
 .text.rp2040_chip_version
                0x100002f0       0x54 CMakeFiles/hello_usb.dir/home/mkhuthir/.pico-sdk/sdk/2.0.0/src/rp2040/pico_platform/platform.c.obj
                0x100002f0                rp2040_chip_version
 .text.panic    0x10000344       0x30 CMakeFiles/hello_usb.dir/home/mkhuthir/.pico-sdk/sdk/2.0.0/src/rp2_common/pico_platform_panic/panic.c.obj
                0x10000344                panic
 .text.hw_claim_lock
                0x10000374       0x18 CMakeFiles/hello_usb.dir/home/mkhuthir/.pico-sdk/sdk/2.0.0/src/common/hardware_claim/claim.c.obj
                0x10000374                hw_claim_lock
 .text.hw_claim_unlock
                0x1000038c       0x14 CMakeFiles/hello_usb.dir/home/mkhuthir/.pico-sdk/sdk/2.0.0/src/common/hardware_claim/claim.c.obj
                0x1000038c                hw_claim_unlock
 .text.hw_claim_or_assert
                0x100003a0       0x32 CMakeFiles/hello_usb.dir/home/mkhuthir/.pico-sdk/sdk/2.0.0/src/common/hardware_claim/claim.c.obj
                0x100003a0                hw_claim_or_assert
 .text.hw_claim_unused_from_range
                0x100003d2       0x50 CMakeFiles/hello_usb.dir/home/mkhuthir/.pico-sdk/sdk/2.0.0/src/common/hardware_claim/claim.c.obj
                0x100003d2                hw_claim_unused_from_range
 *fill*         0x10000422        0x2 
 .text.next_striped_spin_lock_num
                0x10000424       0x1c CMakeFiles/hello_usb.dir/home/mkhuthir/.pico-sdk/sdk/2.0.0/src/rp2_common/hardware_sync/sync.c.obj
                0x10000424                next_striped_spin_lock_num
 .text.spin_lock_claim_unused
                0x10000440       0x24 CMakeFiles/hello_usb.dir/home/mkhuthir/.pico-sdk/sdk/2.0.0/src/rp2_common/hardware_sync/sync.c.obj
                0x10000440                spin_lock_claim_unused
 .text.spin_locks_reset
                0x10000464       0x20 CMakeFiles/hello_usb.dir/home/mkhuthir/.pico-sdk/sdk/2.0.0/src/rp2_common/hardware_sync_spin_lock/sync_spin_lock.c.obj
                0x10000464                spin_locks_reset
 .text.set_raw_irq_handler_and_unlock
                0x10000484       0x28 CMakeFiles/hello_usb.dir/home/mkhuthir/.pico-sdk/sdk/2.0.0/src/rp2_common/hardware_irq/irq.c.obj
 .text.nvic_ipr0
                0x100004ac        0x8 CMakeFiles/hello_usb.dir/home/mkhuthir/.pico-sdk/sdk/2.0.0/src/rp2_common/hardware_irq/irq.c.obj
 .text.runtime_init_per_core_irq_priorities
                0x100004b4       0x1c CMakeFiles/hello_usb.dir/home/mkhuthir/.pico-sdk/sdk/2.0.0/src/rp2_common/hardware_irq/irq.c.obj
                0x100004b4                runtime_init_per_core_irq_priorities
 .text.resolve_j_16
                0x100004d0       0x30 CMakeFiles/hello_usb.dir/home/mkhuthir/.pico-sdk/sdk/2.0.0/src/rp2_common/hardware_irq/irq.c.obj
 .text.make_j_16
                0x10000500       0x48 CMakeFiles/hello_usb.dir/home/mkhuthir/.pico-sdk/sdk/2.0.0/src/rp2_common/hardware_irq/irq.c.obj
 .text.irq_is_enabled
                0x10000548       0x18 CMakeFiles/hello_usb.dir/home/mkhuthir/.pico-sdk/sdk/2.0.0/src/rp2_common/hardware_irq/irq.c.obj
                0x10000548                irq_is_enabled
 .text.irq_set_mask_n_enabled
                0x10000560       0x1c CMakeFiles/hello_usb.dir/home/mkhuthir/.pico-sdk/sdk/2.0.0/src/rp2_common/hardware_irq/irq.c.obj
                0x10000560                irq_set_mask_n_enabled
 .text.irq_set_enabled
                0x1000057c       0x14 CMakeFiles/hello_usb.dir/home/mkhuthir/.pico-sdk/sdk/2.0.0/src/rp2_common/hardware_irq/irq.c.obj
                0x1000057c                irq_set_enabled
 .text.irq_set_pending
                0x10000590       0x10 CMakeFiles/hello_usb.dir/home/mkhuthir/.pico-sdk/sdk/2.0.0/src/rp2_common/hardware_irq/irq.c.obj
                0x10000590                irq_set_pending
 .text.irq_get_vtable_handler
                0x100005a0       0x10 CMakeFiles/hello_usb.dir/home/mkhuthir/.pico-sdk/sdk/2.0.0/src/rp2_common/hardware_irq/irq.c.obj
                0x100005a0                irq_get_vtable_handler
 .text.irq_has_shared_handler
                0x100005b0       0x24 CMakeFiles/hello_usb.dir/home/mkhuthir/.pico-sdk/sdk/2.0.0/src/rp2_common/hardware_irq/irq.c.obj
                0x100005b0                irq_has_shared_handler
 .text.irq_set_exclusive_handler
                0x100005d4       0x54 CMakeFiles/hello_usb.dir/home/mkhuthir/.pico-sdk/sdk/2.0.0/src/rp2_common/hardware_irq/irq.c.obj
                0x100005d4                irq_set_exclusive_handler
 .text.irq_add_shared_handler
                0x10000628      0x218 CMakeFiles/hello_usb.dir/home/mkhuthir/.pico-sdk/sdk/2.0.0/src/rp2_common/hardware_irq/irq.c.obj
                0x10000628                irq_add_shared_handler
 .text.irq_add_tail_to_free_list
                0x10000840       0xf4 CMakeFiles/hello_usb.dir/home/mkhuthir/.pico-sdk/sdk/2.0.0/src/rp2_common/hardware_irq/irq.c.obj
                0x10000840                irq_add_tail_to_free_list
 .text.user_irq_claim_unused
                0x10000934       0x2c CMakeFiles/hello_usb.dir/home/mkhuthir/.pico-sdk/sdk/2.0.0/src/rp2_common/hardware_irq/irq.c.obj
                0x10000934                user_irq_claim_unused
 .text.lock_init
                0x10000960       0x10 CMakeFiles/hello_usb.dir/home/mkhuthir/.pico-sdk/sdk/2.0.0/src/common/pico_sync/lock_core.c.obj
                0x10000960                lock_init
 .text.mutex_init
                0x10000970       0x1a CMakeFiles/hello_usb.dir/home/mkhuthir/.pico-sdk/sdk/2.0.0/src/common/pico_sync/mutex.c.obj
                0x10000970                mutex_init
 .text.recursive_mutex_init
                0x1000098a       0x1e CMakeFiles/hello_usb.dir/home/mkhuthir/.pico-sdk/sdk/2.0.0/src/common/pico_sync/mutex.c.obj
                0x1000098a                recursive_mutex_init
 .text.runtime_init_mutex
                0x100009a8       0x4c CMakeFiles/hello_usb.dir/home/mkhuthir/.pico-sdk/sdk/2.0.0/src/common/pico_sync/mutex.c.obj
                0x100009a8                runtime_init_mutex
 .text.critical_section_init_with_lock_num
                0x100009f4       0x14 CMakeFiles/hello_usb.dir/home/mkhuthir/.pico-sdk/sdk/2.0.0/src/common/pico_sync/critical_section.c.obj
                0x100009f4                critical_section_init_with_lock_num
 .text.critical_section_init
                0x10000a08       0x14 CMakeFiles/hello_usb.dir/home/mkhuthir/.pico-sdk/sdk/2.0.0/src/common/pico_sync/critical_section.c.obj
                0x10000a08                critical_section_init
 .text.make_alarm_id
                0x10000a1c        0x6 CMakeFiles/hello_usb.dir/home/mkhuthir/.pico-sdk/sdk/2.0.0/src/common/pico_time/time.c.obj
 *fill*         0x10000a22        0x2 
 .text.sleep_until_callback
                0x10000a24       0x30 CMakeFiles/hello_usb.dir/home/mkhuthir/.pico-sdk/sdk/2.0.0/src/common/pico_time/time.c.obj
 .text.alarm_pool_irq_handler
                0x10000a54      0x2e0 CMakeFiles/hello_usb.dir/home/mkhuthir/.pico-sdk/sdk/2.0.0/src/common/pico_time/time.c.obj
 .text.ta_enable_irq_handler
                0x10000d34       0x2c CMakeFiles/hello_usb.dir/home/mkhuthir/.pico-sdk/sdk/2.0.0/src/common/pico_time/time.c.obj
 .text.alarm_pool_post_alloc_init
                0x10000d60       0x78 CMakeFiles/hello_usb.dir/home/mkhuthir/.pico-sdk/sdk/2.0.0/src/common/pico_time/time.c.obj
 .text.alarm_pool_get_default
                0x10000dd8       0x2c CMakeFiles/hello_usb.dir/home/mkhuthir/.pico-sdk/sdk/2.0.0/src/common/pico_time/time.c.obj
                0x10000dd8                alarm_pool_get_default
 .text.alarm_pool_add_alarm_at_force_in_context
                0x10000e04       0xa4 CMakeFiles/hello_usb.dir/home/mkhuthir/.pico-sdk/sdk/2.0.0/src/common/pico_time/time.c.obj
                0x10000e04                alarm_pool_add_alarm_at_force_in_context
 .text.alarm_pool_add_alarm_at
                0x10000ea8       0x3c CMakeFiles/hello_usb.dir/home/mkhuthir/.pico-sdk/sdk/2.0.0/src/common/pico_time/time.c.obj
                0x10000ea8                alarm_pool_add_alarm_at
 .text.add_alarm_at
                0x10000ee4       0x2e CMakeFiles/hello_usb.dir/home/mkhuthir/.pico-sdk/sdk/2.0.0/src/common/pico_time/time.c.obj
 *fill*         0x10000f12        0x2 
 .text.alarm_pool_cancel_alarm
                0x10000f14       0x78 CMakeFiles/hello_usb.dir/home/mkhuthir/.pico-sdk/sdk/2.0.0/src/common/pico_time/time.c.obj
                0x10000f14                alarm_pool_cancel_alarm
 .text.cancel_alarm
                0x10000f8c       0x10 CMakeFiles/hello_usb.dir/home/mkhuthir/.pico-sdk/sdk/2.0.0/src/common/pico_time/time.c.obj
 .text.alarm_pool_core_num
                0x10000f9c        0x4 CMakeFiles/hello_usb.dir/home/mkhuthir/.pico-sdk/sdk/2.0.0/src/common/pico_time/time.c.obj
                0x10000f9c                alarm_pool_core_num
 .text.sleep_until
                0x10000fa0       0xc0 CMakeFiles/hello_usb.dir/home/mkhuthir/.pico-sdk/sdk/2.0.0/src/common/pico_time/time.c.obj
                0x10000fa0                sleep_until
 .text.sleep_us
                0x10001060       0x24 CMakeFiles/hello_usb.dir/home/mkhuthir/.pico-sdk/sdk/2.0.0/src/common/pico_time/time.c.obj
                0x10001060                sleep_us
 .text.sleep_ms
                0x10001084       0x14 CMakeFiles/hello_usb.dir/home/mkhuthir/.pico-sdk/sdk/2.0.0/src/common/pico_time/time.c.obj
                0x10001084                sleep_ms
 .text.best_effort_wfe_or_timeout
                0x10001098       0xc4 CMakeFiles/hello_usb.dir/home/mkhuthir/.pico-sdk/sdk/2.0.0/src/common/pico_time/time.c.obj
                0x10001098                best_effort_wfe_or_timeout
 .text.alarm_pool_get_default_timer
                0x1000115c        0x8 CMakeFiles/hello_usb.dir/home/mkhuthir/.pico-sdk/sdk/2.0.0/src/common/pico_time/time.c.obj
                0x1000115c                alarm_pool_get_default_timer
 .text.runtime_init_default_alarm_pool
                0x10001164       0x38 CMakeFiles/hello_usb.dir/home/mkhuthir/.pico-sdk/sdk/2.0.0/src/common/pico_time/time.c.obj
                0x10001164                runtime_init_default_alarm_pool
 .text.timer_hardware_alarm_claim
                0x1000119c       0x14 CMakeFiles/hello_usb.dir/home/mkhuthir/.pico-sdk/sdk/2.0.0/src/rp2_common/hardware_timer/timer.c.obj
                0x1000119c                timer_hardware_alarm_claim
 .text.timer_time_us_64
                0x100011b0       0x10 CMakeFiles/hello_usb.dir/home/mkhuthir/.pico-sdk/sdk/2.0.0/src/rp2_common/hardware_timer/timer.c.obj
                0x100011b0                timer_time_us_64
 .text.timer_busy_wait_until
                0x100011c0       0x1a CMakeFiles/hello_usb.dir/home/mkhuthir/.pico-sdk/sdk/2.0.0/src/rp2_common/hardware_timer/timer.c.obj
                0x100011c0                timer_busy_wait_until
 *fill*         0x100011da        0x2 
 .text.time_us_64
                0x100011dc       0x10 CMakeFiles/hello_usb.dir/home/mkhuthir/.pico-sdk/sdk/2.0.0/src/rp2_common/hardware_timer/timer.c.obj
                0x100011dc                time_us_64
 .text.busy_wait_until
                0x100011ec       0x14 CMakeFiles/hello_usb.dir/home/mkhuthir/.pico-sdk/sdk/2.0.0/src/rp2_common/hardware_timer/timer.c.obj
                0x100011ec                busy_wait_until
 .text.clock_configure_internal
                0x10001200       0xc4 CMakeFiles/hello_usb.dir/home/mkhuthir/.pico-sdk/sdk/2.0.0/src/rp2_common/hardware_clocks/clocks.c.obj
 .text.clock_configure_int_divider
                0x100012c4       0x28 CMakeFiles/hello_usb.dir/home/mkhuthir/.pico-sdk/sdk/2.0.0/src/rp2_common/hardware_clocks/clocks.c.obj
                0x100012c4                clock_configure_int_divider
 .text.clock_configure_undivided
                0x100012ec       0x12 CMakeFiles/hello_usb.dir/home/mkhuthir/.pico-sdk/sdk/2.0.0/src/rp2_common/hardware_clocks/clocks.c.obj
                0x100012ec                clock_configure_undivided
 *fill*         0x100012fe        0x2 
 .text.clock_get_hz
                0x10001300        0xc CMakeFiles/hello_usb.dir/home/mkhuthir/.pico-sdk/sdk/2.0.0/src/rp2_common/hardware_clocks/clocks.c.obj
                0x10001300                clock_get_hz
 .text.pll_init
                0x1000130c      0x124 CMakeFiles/hello_usb.dir/home/mkhuthir/.pico-sdk/sdk/2.0.0/src/rp2_common/hardware_pll/pll.c.obj
                0x1000130c                pll_init
 .text.watchdog_update
                0x10001430       0x14 CMakeFiles/hello_usb.dir/home/mkhuthir/.pico-sdk/sdk/2.0.0/src/rp2_common/hardware_watchdog/watchdog.c.obj
                0x10001430                watchdog_update
 .text._watchdog_enable
                0x10001444       0x7c CMakeFiles/hello_usb.dir/home/mkhuthir/.pico-sdk/sdk/2.0.0/src/rp2_common/hardware_watchdog/watchdog.c.obj
                0x10001444                _watchdog_enable
 .text.watchdog_reboot
                0x100014c0       0x48 CMakeFiles/hello_usb.dir/home/mkhuthir/.pico-sdk/sdk/2.0.0/src/rp2_common/hardware_watchdog/watchdog.c.obj
                0x100014c0                watchdog_reboot
 .text.tick_start
                0x10001508       0x10 CMakeFiles/hello_usb.dir/home/mkhuthir/.pico-sdk/sdk/2.0.0/src/rp2_common/hardware_ticks/ticks.c.obj
                0x10001508                tick_start
 .text.xosc_init
                0x10001518       0x28 CMakeFiles/hello_usb.dir/home/mkhuthir/.pico-sdk/sdk/2.0.0/src/rp2_common/hardware_xosc/xosc.c.obj
                0x10001518                xosc_init
 .text.runtime_run_initializers_from
                0x10001540       0x18 CMakeFiles/hello_usb.dir/home/mkhuthir/.pico-sdk/sdk/2.0.0/src/rp2_common/pico_runtime/runtime.c.obj
 .text.first_per_core_initializer
                0x10001558        0x2 CMakeFiles/hello_usb.dir/home/mkhuthir/.pico-sdk/sdk/2.0.0/src/rp2_common/pico_runtime/runtime.c.obj
 *fill*         0x1000155a        0x2 
 .text.runtime_run_initializers
                0x1000155c       0x10 CMakeFiles/hello_usb.dir/home/mkhuthir/.pico-sdk/sdk/2.0.0/src/rp2_common/pico_runtime/runtime.c.obj
                0x1000155c                runtime_run_initializers
 .text.runtime_init_early_resets
                0x1000156c       0x2c CMakeFiles/hello_usb.dir/home/mkhuthir/.pico-sdk/sdk/2.0.0/src/rp2_common/pico_runtime_init/runtime_init.c.obj
                0x1000156c                runtime_init_early_resets
 .text.runtime_init_usb_power_down
                0x10001598       0x1c CMakeFiles/hello_usb.dir/home/mkhuthir/.pico-sdk/sdk/2.0.0/src/rp2_common/pico_runtime_init/runtime_init.c.obj
                0x10001598                runtime_init_usb_power_down
 .text.runtime_init_post_clock_resets
                0x100015b4       0x20 CMakeFiles/hello_usb.dir/home/mkhuthir/.pico-sdk/sdk/2.0.0/src/rp2_common/pico_runtime_init/runtime_init.c.obj
                0x100015b4                runtime_init_post_clock_resets
 .text.runtime_init_rp2040_gpio_ie_disable
                0x100015d4       0x14 CMakeFiles/hello_usb.dir/home/mkhuthir/.pico-sdk/sdk/2.0.0/src/rp2_common/pico_runtime_init/runtime_init.c.obj
                0x100015d4                runtime_init_rp2040_gpio_ie_disable
 .text.runtime_init_spin_locks_reset
                0x100015e8        0x8 CMakeFiles/hello_usb.dir/home/mkhuthir/.pico-sdk/sdk/2.0.0/src/rp2_common/pico_runtime_init/runtime_init.c.obj
                0x100015e8                runtime_init_spin_locks_reset
 .text.runtime_init_install_ram_vector_table
                0x100015f0       0x1c CMakeFiles/hello_usb.dir/home/mkhuthir/.pico-sdk/sdk/2.0.0/src/rp2_common/pico_runtime_init/runtime_init.c.obj
                0x100015f0                runtime_init_install_ram_vector_table
 .text.start_all_ticks
                0x1000160c       0x28 CMakeFiles/hello_usb.dir/home/mkhuthir/.pico-sdk/sdk/2.0.0/src/rp2_common/pico_runtime_init/runtime_init_clocks.c.obj
 .text.runtime_init_clocks
                0x10001634       0xcc CMakeFiles/hello_usb.dir/home/mkhuthir/.pico-sdk/sdk/2.0.0/src/rp2_common/pico_runtime_init/runtime_init_clocks.c.obj
                0x10001634                runtime_init_clocks
 .text          0x10001700       0x10 CMakeFiles/hello_usb.dir/home/mkhuthir/.pico-sdk/sdk/2.0.0/src/rp2_common/pico_bit_ops/bit_ops_aeabi.S.obj
 .text.rom_func_lookup
                0x10001710       0x10 CMakeFiles/hello_usb.dir/home/mkhuthir/.pico-sdk/sdk/2.0.0/src/rp2_common/pico_bootrom/bootrom.c.obj
                0x10001710                rom_func_lookup
 .text.rom_data_lookup
                0x10001720       0x10 CMakeFiles/hello_usb.dir/home/mkhuthir/.pico-sdk/sdk/2.0.0/src/rp2_common/pico_bootrom/bootrom.c.obj
                0x10001720                rom_data_lookup
 .text.rom_funcs_lookup
                0x10001730       0x36 CMakeFiles/hello_usb.dir/home/mkhuthir/.pico-sdk/sdk/2.0.0/src/rp2_common/pico_bootrom/bootrom.c.obj
                0x10001730                rom_funcs_lookup
 *fill*         0x10001766        0x2 
 .text.rom_reset_usb_boot
                0x10001768       0x18 CMakeFiles/hello_usb.dir/home/mkhuthir/.pico-sdk/sdk/2.0.0/src/rp2_common/pico_bootrom/bootrom.c.obj
                0x10001768                rom_reset_usb_boot
 .text.__wrap___aeabi_idiv
                0x10001780       0x50 CMakeFiles/hello_usb.dir/home/mkhuthir/.pico-sdk/sdk/2.0.0/src/rp2_common/pico_divider/divider_hardware.S.obj
                0x10001780                __wrap___aeabi_idivmod
                0x10001780                divmod_s32s32
                0x10001780                div_s32s32
                0x10001780                __wrap___aeabi_idiv
                0x10001788                divmod_s32s32_unsafe
                0x100017b4                divmod_s32s32_savestate
 .text.__wrap___aeabi_uidiv
                0x100017d0       0x4c CMakeFiles/hello_usb.dir/home/mkhuthir/.pico-sdk/sdk/2.0.0/src/rp2_common/pico_divider/divider_hardware.S.obj
                0x100017d0                __wrap___aeabi_uidiv
                0x100017d0                __wrap___aeabi_uidivmod
                0x100017d0                div_u32u32
                0x100017d0                divmod_u32u32
                0x100017d8                divmod_u32u32_unsafe
                0x10001800                divmod_u32u32_savestate
 .text.__wrap___aeabi_ldiv
                0x1000181c      0x424 CMakeFiles/hello_usb.dir/home/mkhuthir/.pico-sdk/sdk/2.0.0/src/rp2_common/pico_divider/divider_hardware.S.obj
                0x1000181c                div_s64s64
                0x1000181c                divmod_s64s64
                0x1000181c                __wrap___aeabi_ldivmod
                0x1000184c                div_u64u64
                0x1000184c                divmod_u64u64
                0x1000184c                __wrap___aeabi_uldivmod
                0x1000185c                divmod_u64u64_savestate
                0x1000187c                divmod_s64s64_unsafe
                0x10001904                divmod_u64u64_unsafe
 .text.__wrap___aeabi_darithmetic
                0x10001c40       0x60 CMakeFiles/hello_usb.dir/home/mkhuthir/.pico-sdk/sdk/2.0.0/src/rp2_common/pico_double/double_aeabi_rp2040.S.obj
                0x10001c40                __wrap___aeabi_drsub
                0x10001c46                __wrap___aeabi_dsub
                0x10001c50                __wrap___aeabi_dadd
                0x10001c5a                __wrap___aeabi_ddiv
                0x10001c8e                __wrap___aeabi_dmul
 .text.__wrap___aeabi_cdcmple
                0x10001ca0       0x6c CMakeFiles/hello_usb.dir/home/mkhuthir/.pico-sdk/sdk/2.0.0/src/rp2_common/pico_double/double_aeabi_rp2040.S.obj
                0x10001ca0                __wrap___aeabi_cdrcmple
                0x10001cb0                __wrap___aeabi_cdcmple
                0x10001cb0                __wrap___aeabi_cdcmpeq
 .text.__wrap___aeabi_dcmplt
                0x10001d0c        0xc CMakeFiles/hello_usb.dir/home/mkhuthir/.pico-sdk/sdk/2.0.0/src/rp2_common/pico_double/double_aeabi_rp2040.S.obj
                0x10001d0c                __wrap___aeabi_dcmplt
 .text.__wrap___aeabi_dcmple
                0x10001d18       0x10 CMakeFiles/hello_usb.dir/home/mkhuthir/.pico-sdk/sdk/2.0.0/src/rp2_common/pico_double/double_aeabi_rp2040.S.obj
                0x10001d18                __wrap___aeabi_dcmple
 .text.__wrap___aeabi_dcmpge
                0x10001d28       0x10 CMakeFiles/hello_usb.dir/home/mkhuthir/.pico-sdk/sdk/2.0.0/src/rp2_common/pico_double/double_aeabi_rp2040.S.obj
                0x10001d28                __wrap___aeabi_dcmpge
 .text.__wrap___aeabi_dcmpgt
                0x10001d38        0xa CMakeFiles/hello_usb.dir/home/mkhuthir/.pico-sdk/sdk/2.0.0/src/rp2_common/pico_double/double_aeabi_rp2040.S.obj
                0x10001d38                __wrap___aeabi_dcmpgt
 .text.__wrap___aeabi_dcmpun
                0x10001d42       0x18 CMakeFiles/hello_usb.dir/home/mkhuthir/.pico-sdk/sdk/2.0.0/src/rp2_common/pico_double/double_aeabi_rp2040.S.obj
                0x10001d42                __wrap___aeabi_dcmpun
 *fill*         0x10001d5a        0x2 
 .text.__wrap___aeabi_i2d
                0x10001d5c       0x38 CMakeFiles/hello_usb.dir/home/mkhuthir/.pico-sdk/sdk/2.0.0/src/rp2_common/pico_double/double_aeabi_rp2040.S.obj
                0x10001d5c                __wrap___aeabi_ui2d
                0x10001d64                __wrap___aeabi_i2d
 .text.__wrap___aeabi_d2iz
                0x10001d94       0x48 CMakeFiles/hello_usb.dir/home/mkhuthir/.pico-sdk/sdk/2.0.0/src/rp2_common/pico_double/double_aeabi_rp2040.S.obj
                0x10001d94                __wrap___aeabi_d2iz
                0x10001d94                double2int_z
 .text.__wrap___aeabi_d2uiz
                0x10001ddc       0x10 CMakeFiles/hello_usb.dir/home/mkhuthir/.pico-sdk/sdk/2.0.0/src/rp2_common/pico_double/double_aeabi_rp2040.S.obj
                0x10001ddc                double2uint
                0x10001ddc                __wrap___aeabi_d2uiz
 .text.missing_double_func_shim
                0x10001dec        0xc CMakeFiles/hello_usb.dir/home/mkhuthir/.pico-sdk/sdk/2.0.0/src/rp2_common/pico_double/double_init_rom_rp2040.c.obj
 .text.__aeabi_double_init
                0x10001df8       0xd0 CMakeFiles/hello_usb.dir/home/mkhuthir/.pico-sdk/sdk/2.0.0/src/rp2_common/pico_double/double_init_rom_rp2040.c.obj
                0x10001df8                __aeabi_double_init
 .text.double_table_shim_on_use_helper
                0x10001ec8       0x34 CMakeFiles/hello_usb.dir/home/mkhuthir/.pico-sdk/sdk/2.0.0/src/rp2_common/pico_double/double_v1_rom_shim_rp2040.S.obj
                0x10001ec8                double_table_shim_on_use_helper
 .text.__aeabi_lmul
                0x10001efc       0x32 CMakeFiles/hello_usb.dir/home/mkhuthir/.pico-sdk/sdk/2.0.0/src/rp2_common/pico_int64_ops/pico_int64_ops_aeabi.S.obj
                0x10001efc                __wrap___aeabi_lmul
 *fill*         0x10001f2e        0x2 
 .text.missing_float_func_shim
                0x10001f30        0xc CMakeFiles/hello_usb.dir/home/mkhuthir/.pico-sdk/sdk/2.0.0/src/rp2_common/pico_float/float_init_rom_rp2040.c.obj
 .text.__aeabi_float_init
                0x10001f3c       0x88 CMakeFiles/hello_usb.dir/home/mkhuthir/.pico-sdk/sdk/2.0.0/src/rp2_common/pico_float/float_init_rom_rp2040.c.obj
                0x10001f3c                __aeabi_float_init
 .text          0x10001fc4       0x10 CMakeFiles/hello_usb.dir/home/mkhuthir/.pico-sdk/sdk/2.0.0/src/rp2_common/pico_mem_ops/mem_ops_aeabi.S.obj
                0x10001fc4                __aeabi_mem_init
 .text.memset   0x10001fd4        0xc CMakeFiles/hello_usb.dir/home/mkhuthir/.pico-sdk/sdk/2.0.0/src/rp2_common/pico_mem_ops/mem_ops_aeabi.S.obj
                0x10001fd4                __wrap_memset
 .text.memcpy   0x10001fe0        0xc CMakeFiles/hello_usb.dir/home/mkhuthir/.pico-sdk/sdk/2.0.0/src/rp2_common/pico_mem_ops/mem_ops_aeabi.S.obj
                0x10001fe0                __wrap___aeabi_memcpy
                0x10001fe0                __wrap_memcpy
 .text._out_null
                0x10001fec        0x2 CMakeFiles/hello_usb.dir/home/mkhuthir/.pico-sdk/sdk/2.0.0/src/rp2_common/pico_printf/printf.c.obj
 .text._out_fct
                0x10001fee        0xe CMakeFiles/hello_usb.dir/home/mkhuthir/.pico-sdk/sdk/2.0.0/src/rp2_common/pico_printf/printf.c.obj
 .text._atoi    0x10001ffc       0x24 CMakeFiles/hello_usb.dir/home/mkhuthir/.pico-sdk/sdk/2.0.0/src/rp2_common/pico_printf/printf.c.obj
 .text._out_rev
                0x10002020       0xae CMakeFiles/hello_usb.dir/home/mkhuthir/.pico-sdk/sdk/2.0.0/src/rp2_common/pico_printf/printf.c.obj
 .text._ntoa_format
                0x100020ce      0x110 CMakeFiles/hello_usb.dir/home/mkhuthir/.pico-sdk/sdk/2.0.0/src/rp2_common/pico_printf/printf.c.obj
 .text._ntoa_long
                0x100021de       0xbc CMakeFiles/hello_usb.dir/home/mkhuthir/.pico-sdk/sdk/2.0.0/src/rp2_common/pico_printf/printf.c.obj
 .text._ntoa_long_long
                0x1000229a      0x10e CMakeFiles/hello_usb.dir/home/mkhuthir/.pico-sdk/sdk/2.0.0/src/rp2_common/pico_printf/printf.c.obj
 .text._etoa    0x100023a8      0x420 CMakeFiles/hello_usb.dir/home/mkhuthir/.pico-sdk/sdk/2.0.0/src/rp2_common/pico_printf/printf.c.obj
 .text._ftoa    0x100027c8      0x354 CMakeFiles/hello_usb.dir/home/mkhuthir/.pico-sdk/sdk/2.0.0/src/rp2_common/pico_printf/printf.c.obj
 .text._vsnprintf
                0x10002b1c      0x668 CMakeFiles/hello_usb.dir/home/mkhuthir/.pico-sdk/sdk/2.0.0/src/rp2_common/pico_printf/printf.c.obj
 .text.vfctprintf
                0x10003184       0x20 CMakeFiles/hello_usb.dir/home/mkhuthir/.pico-sdk/sdk/2.0.0/src/rp2_common/pico_printf/printf.c.obj
                0x10003184                vfctprintf
 .text._exit    0x100031a4        0x4 CMakeFiles/hello_usb.dir/home/mkhuthir/.pico-sdk/sdk/2.0.0/src/rp2_common/pico_clib_interface/newlib_interface.c.obj
                0x100031a4                _exit
 .text.exit     0x100031a8        0x6 CMakeFiles/hello_usb.dir/home/mkhuthir/.pico-sdk/sdk/2.0.0/src/rp2_common/pico_clib_interface/newlib_interface.c.obj
                0x100031a8                exit
 *fill*         0x100031ae        0x2 
 .text.__assert_func
                0x100031b0       0x38 CMakeFiles/hello_usb.dir/home/mkhuthir/.pico-sdk/sdk/2.0.0/src/rp2_common/pico_clib_interface/newlib_interface.c.obj
                0x100031b0                __assert_func
 .text.runtime_init
                0x100031e8       0x28 CMakeFiles/hello_usb.dir/home/mkhuthir/.pico-sdk/sdk/2.0.0/src/rp2_common/pico_clib_interface/newlib_interface.c.obj
                0x100031e8                runtime_init
 .text.stdio_out_chars_no_crlf
                0x10003210        0xe CMakeFiles/hello_usb.dir/home/mkhuthir/.pico-sdk/sdk/2.0.0/src/rp2_common/pico_stdio/stdio.c.obj
 *fill*         0x1000321e        0x2 
 .text.stdio_out_chars_crlf
                0x10003220       0x80 CMakeFiles/hello_usb.dir/home/mkhuthir/.pico-sdk/sdk/2.0.0/src/rp2_common/pico_stdio/stdio.c.obj
 .text.stdio_stack_buffer_flush
                0x100032a0       0x44 CMakeFiles/hello_usb.dir/home/mkhuthir/.pico-sdk/sdk/2.0.0/src/rp2_common/pico_stdio/stdio.c.obj
 .text.stdio_buffered_printer
                0x100032e4       0x20 CMakeFiles/hello_usb.dir/home/mkhuthir/.pico-sdk/sdk/2.0.0/src/rp2_common/pico_stdio/stdio.c.obj
 .text.stdout_serialize_begin
                0x10003304       0x30 CMakeFiles/hello_usb.dir/home/mkhuthir/.pico-sdk/sdk/2.0.0/src/rp2_common/pico_stdio/stdio.c.obj
                0x10003304                stdout_serialize_begin
 .text.stdout_serialize_end
                0x10003334       0x10 CMakeFiles/hello_usb.dir/home/mkhuthir/.pico-sdk/sdk/2.0.0/src/rp2_common/pico_stdio/stdio.c.obj
                0x10003334                stdout_serialize_end
 .text.stdio_put_string
                0x10003344       0x94 CMakeFiles/hello_usb.dir/home/mkhuthir/.pico-sdk/sdk/2.0.0/src/rp2_common/pico_stdio/stdio.c.obj
                0x10003344                stdio_put_string
 .text.stdio_set_driver_enabled
                0x100033d8       0x2c CMakeFiles/hello_usb.dir/home/mkhuthir/.pico-sdk/sdk/2.0.0/src/rp2_common/pico_stdio/stdio.c.obj
                0x100033d8                stdio_set_driver_enabled
 .text.stdio_flush
                0x10003404       0x20 CMakeFiles/hello_usb.dir/home/mkhuthir/.pico-sdk/sdk/2.0.0/src/rp2_common/pico_stdio/stdio.c.obj
                0x10003404                stdio_flush
 .text.stdio_init_all
                0x10003424        0x8 CMakeFiles/hello_usb.dir/home/mkhuthir/.pico-sdk/sdk/2.0.0/src/rp2_common/pico_stdio/stdio.c.obj
                0x10003424                stdio_init_all
 .text.__wrap_puts
                0x1000342c       0x1e CMakeFiles/hello_usb.dir/home/mkhuthir/.pico-sdk/sdk/2.0.0/src/rp2_common/pico_stdio/stdio.c.obj
                0x1000342c                __wrap_puts
                0x1000342c                stdio_puts
 *fill*         0x1000344a        0x2 
 .text.__wrap_vprintf
                0x1000344c       0x40 CMakeFiles/hello_usb.dir/home/mkhuthir/.pico-sdk/sdk/2.0.0/src/rp2_common/pico_stdio/stdio.c.obj
                0x1000344c                __wrap_vprintf
                0x1000344c                stdio_vprintf
 .text.__wrap_printf
                0x1000348c       0x18 CMakeFiles/hello_usb.dir/home/mkhuthir/.pico-sdk/sdk/2.0.0/src/rp2_common/pico_stdio/stdio.c.obj
                0x1000348c                stdio_printf
                0x1000348c                __wrap_printf
 .text.resetd_init
                0x100034a4        0x2 CMakeFiles/hello_usb.dir/home/mkhuthir/.pico-sdk/sdk/2.0.0/src/rp2_common/pico_stdio_usb/reset_interface.c.obj
 *fill*         0x100034a6        0x2 
 .text.resetd_reset
                0x100034a8        0xc CMakeFiles/hello_usb.dir/home/mkhuthir/.pico-sdk/sdk/2.0.0/src/rp2_common/pico_stdio_usb/reset_interface.c.obj
 .text.resetd_open
                0x100034b4       0x34 CMakeFiles/hello_usb.dir/home/mkhuthir/.pico-sdk/sdk/2.0.0/src/rp2_common/pico_stdio_usb/reset_interface.c.obj
 .text.resetd_xfer_cb
                0x100034e8        0x4 CMakeFiles/hello_usb.dir/home/mkhuthir/.pico-sdk/sdk/2.0.0/src/rp2_common/pico_stdio_usb/reset_interface.c.obj
 .text.resetd_control_xfer_cb
                0x100034ec       0x5c CMakeFiles/hello_usb.dir/home/mkhuthir/.pico-sdk/sdk/2.0.0/src/rp2_common/pico_stdio_usb/reset_interface.c.obj
 .text.tud_descriptor_bos_cb
                0x10003548        0x8 CMakeFiles/hello_usb.dir/home/mkhuthir/.pico-sdk/sdk/2.0.0/src/rp2_common/pico_stdio_usb/reset_interface.c.obj
                0x10003548                tud_descriptor_bos_cb
 .text.tud_vendor_control_xfer_cb
                0x10003550       0x38 CMakeFiles/hello_usb.dir/home/mkhuthir/.pico-sdk/sdk/2.0.0/src/rp2_common/pico_stdio_usb/reset_interface.c.obj
                0x10003550                tud_vendor_control_xfer_cb
 .text.usbd_app_driver_get_cb
                0x10003588        0xc CMakeFiles/hello_usb.dir/home/mkhuthir/.pico-sdk/sdk/2.0.0/src/rp2_common/pico_stdio_usb/reset_interface.c.obj
                0x10003588                usbd_app_driver_get_cb
 .text.tud_cdc_line_coding_cb
                0x10003594       0x28 CMakeFiles/hello_usb.dir/home/mkhuthir/.pico-sdk/sdk/2.0.0/src/rp2_common/pico_stdio_usb/reset_interface.c.obj
                0x10003594                tud_cdc_line_coding_cb
 .text.stdio_usb_set_chars_available_callback
                0x100035bc       0x14 CMakeFiles/hello_usb.dir/home/mkhuthir/.pico-sdk/sdk/2.0.0/src/rp2_common/pico_stdio_usb/stdio_usb.c.obj
                0x100035bc                stdio_usb_set_chars_available_callback
 .text.stdio_usb_out_flush
                0x100035d0       0x4c CMakeFiles/hello_usb.dir/home/mkhuthir/.pico-sdk/sdk/2.0.0/src/rp2_common/pico_stdio_usb/stdio_usb.c.obj
 .text.usb_irq  0x1000361c       0x10 CMakeFiles/hello_usb.dir/home/mkhuthir/.pico-sdk/sdk/2.0.0/src/rp2_common/pico_stdio_usb/stdio_usb.c.obj
 .text.critical_section_enter_blocking
                0x1000362c       0x16 CMakeFiles/hello_usb.dir/home/mkhuthir/.pico-sdk/sdk/2.0.0/src/rp2_common/pico_stdio_usb/stdio_usb.c.obj
 *fill*         0x10003642        0x2 
 .text.timer_task
                0x10003644       0x60 CMakeFiles/hello_usb.dir/home/mkhuthir/.pico-sdk/sdk/2.0.0/src/rp2_common/pico_stdio_usb/stdio_usb.c.obj
 .text.alarm_pool_add_alarm_in_us
                0x100036a4       0x40 CMakeFiles/hello_usb.dir/home/mkhuthir/.pico-sdk/sdk/2.0.0/src/rp2_common/pico_stdio_usb/stdio_usb.c.obj
 .text.add_alarm_in_us
                0x100036e4       0x2e CMakeFiles/hello_usb.dir/home/mkhuthir/.pico-sdk/sdk/2.0.0/src/rp2_common/pico_stdio_usb/stdio_usb.c.obj
 *fill*         0x10003712        0x2 
 .text.low_priority_worker_irq
                0x10003714       0xa0 CMakeFiles/hello_usb.dir/home/mkhuthir/.pico-sdk/sdk/2.0.0/src/rp2_common/pico_stdio_usb/stdio_usb.c.obj
 .text.stdio_usb_init
                0x100037b4       0xdc CMakeFiles/hello_usb.dir/home/mkhuthir/.pico-sdk/sdk/2.0.0/src/rp2_common/pico_stdio_usb/stdio_usb.c.obj
                0x100037b4                stdio_usb_init
 .text.stdio_usb_connected
                0x10003890        0xa CMakeFiles/hello_usb.dir/home/mkhuthir/.pico-sdk/sdk/2.0.0/src/rp2_common/pico_stdio_usb/stdio_usb.c.obj
                0x10003890                stdio_usb_connected
 *fill*         0x1000389a        0x2 
 .text.stdio_usb_in_chars
                0x1000389c       0x98 CMakeFiles/hello_usb.dir/home/mkhuthir/.pico-sdk/sdk/2.0.0/src/rp2_common/pico_stdio_usb/stdio_usb.c.obj
                0x1000389c                stdio_usb_in_chars
 .text.stdio_usb_out_chars
                0x10003934       0xe8 CMakeFiles/hello_usb.dir/home/mkhuthir/.pico-sdk/sdk/2.0.0/src/rp2_common/pico_stdio_usb/stdio_usb.c.obj
 .text.tud_descriptor_device_cb
                0x10003a1c        0x8 CMakeFiles/hello_usb.dir/home/mkhuthir/.pico-sdk/sdk/2.0.0/src/rp2_common/pico_stdio_usb/stdio_usb_descriptors.c.obj
                0x10003a1c                tud_descriptor_device_cb
 .text.tud_descriptor_configuration_cb
                0x10003a24        0x8 CMakeFiles/hello_usb.dir/home/mkhuthir/.pico-sdk/sdk/2.0.0/src/rp2_common/pico_stdio_usb/stdio_usb_descriptors.c.obj
                0x10003a24                tud_descriptor_configuration_cb
 .text.tud_descriptor_string_cb
                0x10003a2c       0x6c CMakeFiles/hello_usb.dir/home/mkhuthir/.pico-sdk/sdk/2.0.0/src/rp2_common/pico_stdio_usb/stdio_usb_descriptors.c.obj
                0x10003a2c                tud_descriptor_string_cb
 .text._retrieve_unique_id_on_boot
                0x10003a98       0x10 CMakeFiles/hello_usb.dir/home/mkhuthir/.pico-sdk/sdk/2.0.0/src/rp2_common/pico_unique_id/unique_id.c.obj
 .text.pico_get_unique_board_id_string
                0x10003aa8       0x5c CMakeFiles/hello_usb.dir/home/mkhuthir/.pico-sdk/sdk/2.0.0/src/rp2_common/pico_unique_id/unique_id.c.obj
                0x10003aa8                pico_get_unique_board_id_string
 .text.flash_get_unique_id
                0x10003b04       0x40 CMakeFiles/hello_usb.dir/home/mkhuthir/.pico-sdk/sdk/2.0.0/src/rp2_common/hardware_flash/flash.c.obj
                0x10003b04                flash_get_unique_id
 .text._hw_endpoint_alloc
                0x10003b44       0x70 CMakeFiles/hello_usb.dir/home/mkhuthir/.pico-sdk/sdk/2.0.0/lib/tinyusb/src/portable/raspberrypi/rp2040/dcd_rp2040.c.obj
 .text.hw_endpoint_init
                0x10003bb4       0xbc CMakeFiles/hello_usb.dir/home/mkhuthir/.pico-sdk/sdk/2.0.0/lib/tinyusb/src/portable/raspberrypi/rp2040/dcd_rp2040.c.obj
 .text.hw_endpoint_xfer
                0x10003c70       0x20 CMakeFiles/hello_usb.dir/home/mkhuthir/.pico-sdk/sdk/2.0.0/lib/tinyusb/src/portable/raspberrypi/rp2040/dcd_rp2040.c.obj
 .text.dcd_int_enable
                0x10003c90       0x2c CMakeFiles/hello_usb.dir/home/mkhuthir/.pico-sdk/sdk/2.0.0/lib/tinyusb/src/portable/raspberrypi/rp2040/dcd_rp2040.c.obj
                0x10003c90                dcd_int_enable
 .text.dcd_set_address
                0x10003cbc       0x2c CMakeFiles/hello_usb.dir/home/mkhuthir/.pico-sdk/sdk/2.0.0/lib/tinyusb/src/portable/raspberrypi/rp2040/dcd_rp2040.c.obj
                0x10003cbc                dcd_set_address
 .text.dcd_connect
                0x10003ce8       0x10 CMakeFiles/hello_usb.dir/home/mkhuthir/.pico-sdk/sdk/2.0.0/lib/tinyusb/src/portable/raspberrypi/rp2040/dcd_rp2040.c.obj
                0x10003ce8                dcd_connect
 .text.dcd_init
                0x10003cf8       0x80 CMakeFiles/hello_usb.dir/home/mkhuthir/.pico-sdk/sdk/2.0.0/lib/tinyusb/src/portable/raspberrypi/rp2040/dcd_rp2040.c.obj
                0x10003cf8                dcd_init
 .text.dcd_sof_enable
                0x10003d78       0x1c CMakeFiles/hello_usb.dir/home/mkhuthir/.pico-sdk/sdk/2.0.0/lib/tinyusb/src/portable/raspberrypi/rp2040/dcd_rp2040.c.obj
                0x10003d78                dcd_sof_enable
 .text.dcd_edpt0_status_complete
                0x10003d94       0x1c CMakeFiles/hello_usb.dir/home/mkhuthir/.pico-sdk/sdk/2.0.0/lib/tinyusb/src/portable/raspberrypi/rp2040/dcd_rp2040.c.obj
                0x10003d94                dcd_edpt0_status_complete
 .text.dcd_edpt_open
                0x10003db0       0x40 CMakeFiles/hello_usb.dir/home/mkhuthir/.pico-sdk/sdk/2.0.0/lib/tinyusb/src/portable/raspberrypi/rp2040/dcd_rp2040.c.obj
                0x10003db0                dcd_edpt_open
 .text.dcd_edpt_close_all
                0x10003df0        0x8 CMakeFiles/hello_usb.dir/home/mkhuthir/.pico-sdk/sdk/2.0.0/lib/tinyusb/src/portable/raspberrypi/rp2040/dcd_rp2040.c.obj
                0x10003df0                dcd_edpt_close_all
 .text.dcd_edpt_xfer
                0x10003df8       0x30 CMakeFiles/hello_usb.dir/home/mkhuthir/.pico-sdk/sdk/2.0.0/lib/tinyusb/src/portable/raspberrypi/rp2040/dcd_rp2040.c.obj
                0x10003df8                dcd_edpt_xfer
 .text.dcd_edpt_stall
                0x10003e28       0x3c CMakeFiles/hello_usb.dir/home/mkhuthir/.pico-sdk/sdk/2.0.0/lib/tinyusb/src/portable/raspberrypi/rp2040/dcd_rp2040.c.obj
                0x10003e28                dcd_edpt_stall
 .text.dcd_edpt_clear_stall
                0x10003e64       0x30 CMakeFiles/hello_usb.dir/home/mkhuthir/.pico-sdk/sdk/2.0.0/lib/tinyusb/src/portable/raspberrypi/rp2040/dcd_rp2040.c.obj
                0x10003e64                dcd_edpt_clear_stall
 .text.unaligned_memcpy
                0x10003e94       0x14 CMakeFiles/hello_usb.dir/home/mkhuthir/.pico-sdk/sdk/2.0.0/lib/tinyusb/src/portable/raspberrypi/rp2040/rp2040_usb.c.obj
 .text.rp2040_usb_init
                0x10003ea8       0x44 CMakeFiles/hello_usb.dir/home/mkhuthir/.pico-sdk/sdk/2.0.0/lib/tinyusb/src/portable/raspberrypi/rp2040/rp2040_usb.c.obj
                0x10003ea8                rp2040_usb_init
 .text.hw_endpoint_xfer_start
                0x10003eec       0x60 CMakeFiles/hello_usb.dir/home/mkhuthir/.pico-sdk/sdk/2.0.0/lib/tinyusb/src/portable/raspberrypi/rp2040/rp2040_usb.c.obj
                0x10003eec                hw_endpoint_xfer_start
 .text.configuration_reset
                0x10003f4c       0x84 CMakeFiles/hello_usb.dir/home/mkhuthir/.pico-sdk/sdk/2.0.0/lib/tinyusb/src/device/usbd.c.obj
 .text.critical_section_enter_blocking
                0x10003fd0       0x16 CMakeFiles/hello_usb.dir/home/mkhuthir/.pico-sdk/sdk/2.0.0/lib/tinyusb/src/device/usbd.c.obj
 .text.usbd_reset
                0x10003fe6        0xc CMakeFiles/hello_usb.dir/home/mkhuthir/.pico-sdk/sdk/2.0.0/lib/tinyusb/src/device/usbd.c.obj
 .text.invoke_class_control
                0x10003ff2       0x1a CMakeFiles/hello_usb.dir/home/mkhuthir/.pico-sdk/sdk/2.0.0/lib/tinyusb/src/device/usbd.c.obj
 .text.process_set_config
                0x1000400c      0x1b0 CMakeFiles/hello_usb.dir/home/mkhuthir/.pico-sdk/sdk/2.0.0/lib/tinyusb/src/device/usbd.c.obj
 .text.tud_event_hook_cb
                0x100041bc        0x2 CMakeFiles/hello_usb.dir/home/mkhuthir/.pico-sdk/sdk/2.0.0/lib/tinyusb/src/device/usbd.c.obj
                0x100041bc                tud_event_hook_cb
 .text.tud_sof_cb
                0x100041be        0x2 CMakeFiles/hello_usb.dir/home/mkhuthir/.pico-sdk/sdk/2.0.0/lib/tinyusb/src/device/usbd.c.obj
                0x100041be                tud_sof_cb
 .text.tud_descriptor_device_qualifier_cb
                0x100041c0        0x4 CMakeFiles/hello_usb.dir/home/mkhuthir/.pico-sdk/sdk/2.0.0/lib/tinyusb/src/device/usbd.c.obj
                0x100041c0                tud_descriptor_device_qualifier_cb
 .text.tud_descriptor_other_speed_configuration_cb
                0x100041c4        0x4 CMakeFiles/hello_usb.dir/home/mkhuthir/.pico-sdk/sdk/2.0.0/lib/tinyusb/src/device/usbd.c.obj
                0x100041c4                tud_descriptor_other_speed_configuration_cb
 .text.process_get_descriptor
                0x100041c8       0xe0 CMakeFiles/hello_usb.dir/home/mkhuthir/.pico-sdk/sdk/2.0.0/lib/tinyusb/src/device/usbd.c.obj
 .text.tud_mount_cb
                0x100042a8        0x2 CMakeFiles/hello_usb.dir/home/mkhuthir/.pico-sdk/sdk/2.0.0/lib/tinyusb/src/device/usbd.c.obj
                0x100042a8                tud_mount_cb
 .text.tud_umount_cb
                0x100042aa        0x2 CMakeFiles/hello_usb.dir/home/mkhuthir/.pico-sdk/sdk/2.0.0/lib/tinyusb/src/device/usbd.c.obj
                0x100042aa                tud_umount_cb
 .text.tud_suspend_cb
                0x100042ac        0x2 CMakeFiles/hello_usb.dir/home/mkhuthir/.pico-sdk/sdk/2.0.0/lib/tinyusb/src/device/usbd.c.obj
                0x100042ac                tud_suspend_cb
 .text.tud_resume_cb
                0x100042ae        0x2 CMakeFiles/hello_usb.dir/home/mkhuthir/.pico-sdk/sdk/2.0.0/lib/tinyusb/src/device/usbd.c.obj
                0x100042ae                tud_resume_cb
 .text.tud_mounted
                0x100042b0       0x10 CMakeFiles/hello_usb.dir/home/mkhuthir/.pico-sdk/sdk/2.0.0/lib/tinyusb/src/device/usbd.c.obj
                0x100042b0                tud_mounted
 .text.tud_suspended
                0x100042c0       0x10 CMakeFiles/hello_usb.dir/home/mkhuthir/.pico-sdk/sdk/2.0.0/lib/tinyusb/src/device/usbd.c.obj
                0x100042c0                tud_suspended
 .text.tud_inited
                0x100042d0       0x14 CMakeFiles/hello_usb.dir/home/mkhuthir/.pico-sdk/sdk/2.0.0/lib/tinyusb/src/device/usbd.c.obj
                0x100042d0                tud_inited
 .text.tud_init
                0x100042e4       0xdc CMakeFiles/hello_usb.dir/home/mkhuthir/.pico-sdk/sdk/2.0.0/lib/tinyusb/src/device/usbd.c.obj
                0x100042e4                tud_init
 .text.usbd_edpt_open
                0x100043c0       0x60 CMakeFiles/hello_usb.dir/home/mkhuthir/.pico-sdk/sdk/2.0.0/lib/tinyusb/src/device/usbd.c.obj
                0x100043c0                usbd_edpt_open
 .text.usbd_open_edpt_pair
                0x10004420       0x8c CMakeFiles/hello_usb.dir/home/mkhuthir/.pico-sdk/sdk/2.0.0/lib/tinyusb/src/device/usbd.c.obj
                0x10004420                usbd_open_edpt_pair
 .text.usbd_edpt_claim
                0x100044ac       0x28 CMakeFiles/hello_usb.dir/home/mkhuthir/.pico-sdk/sdk/2.0.0/lib/tinyusb/src/device/usbd.c.obj
                0x100044ac                usbd_edpt_claim
 .text.usbd_edpt_release
                0x100044d4       0x28 CMakeFiles/hello_usb.dir/home/mkhuthir/.pico-sdk/sdk/2.0.0/lib/tinyusb/src/device/usbd.c.obj
                0x100044d4                usbd_edpt_release
 .text.usbd_edpt_xfer
                0x100044fc       0x88 CMakeFiles/hello_usb.dir/home/mkhuthir/.pico-sdk/sdk/2.0.0/lib/tinyusb/src/device/usbd.c.obj
                0x100044fc                usbd_edpt_xfer
 .text.usbd_edpt_stall
                0x10004584       0x34 CMakeFiles/hello_usb.dir/home/mkhuthir/.pico-sdk/sdk/2.0.0/lib/tinyusb/src/device/usbd.c.obj
                0x10004584                usbd_edpt_stall
 .text.usbd_edpt_clear_stall
                0x100045b8       0x34 CMakeFiles/hello_usb.dir/home/mkhuthir/.pico-sdk/sdk/2.0.0/lib/tinyusb/src/device/usbd.c.obj
                0x100045b8                usbd_edpt_clear_stall
 .text.usbd_edpt_stalled
                0x100045ec       0x1c CMakeFiles/hello_usb.dir/home/mkhuthir/.pico-sdk/sdk/2.0.0/lib/tinyusb/src/device/usbd.c.obj
                0x100045ec                usbd_edpt_stalled
 .text.process_control_request
                0x10004608      0x390 CMakeFiles/hello_usb.dir/home/mkhuthir/.pico-sdk/sdk/2.0.0/lib/tinyusb/src/device/usbd.c.obj
 .text.tud_task_ext
                0x10004998      0x1c8 CMakeFiles/hello_usb.dir/home/mkhuthir/.pico-sdk/sdk/2.0.0/lib/tinyusb/src/device/usbd.c.obj
                0x10004998                tud_task_ext
 .text._status_stage_xact
                0x10004b60       0x1a CMakeFiles/hello_usb.dir/home/mkhuthir/.pico-sdk/sdk/2.0.0/lib/tinyusb/src/device/usbd_control.c.obj
 *fill*         0x10004b7a        0x2 
 .text._data_stage_xact
                0x10004b7c       0x60 CMakeFiles/hello_usb.dir/home/mkhuthir/.pico-sdk/sdk/2.0.0/lib/tinyusb/src/device/usbd_control.c.obj
 .text.tud_control_status
                0x10004bdc       0x28 CMakeFiles/hello_usb.dir/home/mkhuthir/.pico-sdk/sdk/2.0.0/lib/tinyusb/src/device/usbd_control.c.obj
                0x10004bdc                tud_control_status
 .text.tud_control_xfer
                0x10004c04       0x98 CMakeFiles/hello_usb.dir/home/mkhuthir/.pico-sdk/sdk/2.0.0/lib/tinyusb/src/device/usbd_control.c.obj
                0x10004c04                tud_control_xfer
 .text.usbd_control_reset
                0x10004c9c       0x14 CMakeFiles/hello_usb.dir/home/mkhuthir/.pico-sdk/sdk/2.0.0/lib/tinyusb/src/device/usbd_control.c.obj
                0x10004c9c                usbd_control_reset
 .text.usbd_control_set_complete_callback
                0x10004cb0        0xc CMakeFiles/hello_usb.dir/home/mkhuthir/.pico-sdk/sdk/2.0.0/lib/tinyusb/src/device/usbd_control.c.obj
                0x10004cb0                usbd_control_set_complete_callback
 .text.usbd_control_set_request
                0x10004cbc       0x1c CMakeFiles/hello_usb.dir/home/mkhuthir/.pico-sdk/sdk/2.0.0/lib/tinyusb/src/device/usbd_control.c.obj
                0x10004cbc                usbd_control_set_request
 .text.usbd_control_xfer_cb
                0x10004cd8       0xe0 CMakeFiles/hello_usb.dir/home/mkhuthir/.pico-sdk/sdk/2.0.0/lib/tinyusb/src/device/usbd_control.c.obj
                0x10004cd8                usbd_control_xfer_cb
 .text._prep_out_transaction
                0x10004db8       0x72 CMakeFiles/hello_usb.dir/home/mkhuthir/.pico-sdk/sdk/2.0.0/lib/tinyusb/src/class/cdc/cdc_device.c.obj
 *fill*         0x10004e2a        0x2 
 .text.tud_cdc_n_connected
                0x10004e2c       0x38 CMakeFiles/hello_usb.dir/home/mkhuthir/.pico-sdk/sdk/2.0.0/lib/tinyusb/src/class/cdc/cdc_device.c.obj
                0x10004e2c                tud_cdc_n_connected
 .text.tud_cdc_n_available
                0x10004e64       0x18 CMakeFiles/hello_usb.dir/home/mkhuthir/.pico-sdk/sdk/2.0.0/lib/tinyusb/src/class/cdc/cdc_device.c.obj
                0x10004e64                tud_cdc_n_available
 .text.tud_cdc_n_read
                0x10004e7c       0x38 CMakeFiles/hello_usb.dir/home/mkhuthir/.pico-sdk/sdk/2.0.0/lib/tinyusb/src/class/cdc/cdc_device.c.obj
                0x10004e7c                tud_cdc_n_read
 .text.tud_cdc_n_write_flush
                0x10004eb4       0xcc CMakeFiles/hello_usb.dir/home/mkhuthir/.pico-sdk/sdk/2.0.0/lib/tinyusb/src/class/cdc/cdc_device.c.obj
                0x10004eb4                tud_cdc_n_write_flush
 .text.tud_cdc_n_write
                0x10004f80       0x48 CMakeFiles/hello_usb.dir/home/mkhuthir/.pico-sdk/sdk/2.0.0/lib/tinyusb/src/class/cdc/cdc_device.c.obj
                0x10004f80                tud_cdc_n_write
 .text.tud_cdc_n_write_available
                0x10004fc8       0x1c CMakeFiles/hello_usb.dir/home/mkhuthir/.pico-sdk/sdk/2.0.0/lib/tinyusb/src/class/cdc/cdc_device.c.obj
                0x10004fc8                tud_cdc_n_write_available
 .text.cdcd_init
                0x10004fe4       0xc0 CMakeFiles/hello_usb.dir/home/mkhuthir/.pico-sdk/sdk/2.0.0/lib/tinyusb/src/class/cdc/cdc_device.c.obj
                0x10004fe4                cdcd_init
 .text.cdcd_deinit
                0x100050a4       0x50 CMakeFiles/hello_usb.dir/home/mkhuthir/.pico-sdk/sdk/2.0.0/lib/tinyusb/src/class/cdc/cdc_device.c.obj
                0x100050a4                cdcd_deinit
 .text.cdcd_reset
                0x100050f4       0x78 CMakeFiles/hello_usb.dir/home/mkhuthir/.pico-sdk/sdk/2.0.0/lib/tinyusb/src/class/cdc/cdc_device.c.obj
                0x100050f4                cdcd_reset
 .text.cdcd_open
                0x1000516c       0xf0 CMakeFiles/hello_usb.dir/home/mkhuthir/.pico-sdk/sdk/2.0.0/lib/tinyusb/src/class/cdc/cdc_device.c.obj
                0x1000516c                cdcd_open
 .text.cdcd_control_xfer_cb
                0x1000525c      0x138 CMakeFiles/hello_usb.dir/home/mkhuthir/.pico-sdk/sdk/2.0.0/lib/tinyusb/src/class/cdc/cdc_device.c.obj
                0x1000525c                cdcd_control_xfer_cb
 .text.cdcd_xfer_cb
                0x10005394      0x144 CMakeFiles/hello_usb.dir/home/mkhuthir/.pico-sdk/sdk/2.0.0/lib/tinyusb/src/class/cdc/cdc_device.c.obj
                0x10005394                cdcd_xfer_cb
 .text._prep_out_transaction
                0x100054d8       0x3a CMakeFiles/hello_usb.dir/home/mkhuthir/.pico-sdk/sdk/2.0.0/lib/tinyusb/src/class/vendor/vendor_device.c.obj
 *fill*         0x10005512        0x2 
 .text.tud_vendor_n_write_flush
                0x10005514       0xcc CMakeFiles/hello_usb.dir/home/mkhuthir/.pico-sdk/sdk/2.0.0/lib/tinyusb/src/class/vendor/vendor_device.c.obj
                0x10005514                tud_vendor_n_write_flush
 .text.vendord_init
                0x100055e0       0xa0 CMakeFiles/hello_usb.dir/home/mkhuthir/.pico-sdk/sdk/2.0.0/lib/tinyusb/src/class/vendor/vendor_device.c.obj
                0x100055e0                vendord_init
 .text.vendord_deinit
                0x10005680       0x50 CMakeFiles/hello_usb.dir/home/mkhuthir/.pico-sdk/sdk/2.0.0/lib/tinyusb/src/class/vendor/vendor_device.c.obj
                0x10005680                vendord_deinit
 .text.vendord_reset
                0x100056d0       0x38 CMakeFiles/hello_usb.dir/home/mkhuthir/.pico-sdk/sdk/2.0.0/lib/tinyusb/src/class/vendor/vendor_device.c.obj
                0x100056d0                vendord_reset
 .text.vendord_open
                0x10005708       0xd0 CMakeFiles/hello_usb.dir/home/mkhuthir/.pico-sdk/sdk/2.0.0/lib/tinyusb/src/class/vendor/vendor_device.c.obj
                0x10005708                vendord_open
 .text.vendord_xfer_cb
                0x100057d8       0xc8 CMakeFiles/hello_usb.dir/home/mkhuthir/.pico-sdk/sdk/2.0.0/lib/tinyusb/src/class/vendor/vendor_device.c.obj
                0x100057d8                vendord_xfer_cb
 .text.tusb_init
                0x100058a0       0x24 CMakeFiles/hello_usb.dir/home/mkhuthir/.pico-sdk/sdk/2.0.0/lib/tinyusb/src/tusb.c.obj
                0x100058a0                tusb_init
 .text.tu_edpt_claim
                0x100058c4       0x50 CMakeFiles/hello_usb.dir/home/mkhuthir/.pico-sdk/sdk/2.0.0/lib/tinyusb/src/tusb.c.obj
                0x100058c4                tu_edpt_claim
 .text.tu_edpt_release
                0x10005914       0x38 CMakeFiles/hello_usb.dir/home/mkhuthir/.pico-sdk/sdk/2.0.0/lib/tinyusb/src/tusb.c.obj
                0x10005914                tu_edpt_release
 .text.tu_edpt_validate
                0x1000594c       0xac CMakeFiles/hello_usb.dir/home/mkhuthir/.pico-sdk/sdk/2.0.0/lib/tinyusb/src/tusb.c.obj
                0x1000594c                tu_edpt_validate
 .text.tu_edpt_bind_driver
                0x100059f8       0x26 CMakeFiles/hello_usb.dir/home/mkhuthir/.pico-sdk/sdk/2.0.0/lib/tinyusb/src/tusb.c.obj
                0x100059f8                tu_edpt_bind_driver
 .text.advance_index
                0x10005a1e       0x1a CMakeFiles/hello_usb.dir/home/mkhuthir/.pico-sdk/sdk/2.0.0/lib/tinyusb/src/common/tusb_fifo.c.obj
 .text._tu_fifo_peek
                0x10005a38       0x56 CMakeFiles/hello_usb.dir/home/mkhuthir/.pico-sdk/sdk/2.0.0/lib/tinyusb/src/common/tusb_fifo.c.obj
 .text._ff_pull_n
                0x10005a8e       0x68 CMakeFiles/hello_usb.dir/home/mkhuthir/.pico-sdk/sdk/2.0.0/lib/tinyusb/src/common/tusb_fifo.c.obj
 .text._tu_fifo_peek_n
                0x10005af6       0x6a CMakeFiles/hello_usb.dir/home/mkhuthir/.pico-sdk/sdk/2.0.0/lib/tinyusb/src/common/tusb_fifo.c.obj
 .text._tu_fifo_read_n
                0x10005b60       0x4e CMakeFiles/hello_usb.dir/home/mkhuthir/.pico-sdk/sdk/2.0.0/lib/tinyusb/src/common/tusb_fifo.c.obj
 .text._ff_push_n
                0x10005bae       0x68 CMakeFiles/hello_usb.dir/home/mkhuthir/.pico-sdk/sdk/2.0.0/lib/tinyusb/src/common/tusb_fifo.c.obj
 .text._tu_fifo_write_n
                0x10005c16       0xf0 CMakeFiles/hello_usb.dir/home/mkhuthir/.pico-sdk/sdk/2.0.0/lib/tinyusb/src/common/tusb_fifo.c.obj
 .text.tu_fifo_config
                0x10005d06       0x7c CMakeFiles/hello_usb.dir/home/mkhuthir/.pico-sdk/sdk/2.0.0/lib/tinyusb/src/common/tusb_fifo.c.obj
                0x10005d06                tu_fifo_config
 .text.tu_fifo_count
                0x10005d82       0x2a CMakeFiles/hello_usb.dir/home/mkhuthir/.pico-sdk/sdk/2.0.0/lib/tinyusb/src/common/tusb_fifo.c.obj
                0x10005d82                tu_fifo_count
 .text.tu_fifo_empty
                0x10005dac        0xe CMakeFiles/hello_usb.dir/home/mkhuthir/.pico-sdk/sdk/2.0.0/lib/tinyusb/src/common/tusb_fifo.c.obj
                0x10005dac                tu_fifo_empty
 .text.tu_fifo_full
                0x10005dba       0x28 CMakeFiles/hello_usb.dir/home/mkhuthir/.pico-sdk/sdk/2.0.0/lib/tinyusb/src/common/tusb_fifo.c.obj
                0x10005dba                tu_fifo_full
 .text.tu_fifo_remaining
                0x10005de2       0x2c CMakeFiles/hello_usb.dir/home/mkhuthir/.pico-sdk/sdk/2.0.0/lib/tinyusb/src/common/tusb_fifo.c.obj
                0x10005de2                tu_fifo_remaining
 .text.tu_fifo_read
                0x10005e0e       0x42 CMakeFiles/hello_usb.dir/home/mkhuthir/.pico-sdk/sdk/2.0.0/lib/tinyusb/src/common/tusb_fifo.c.obj
                0x10005e0e                tu_fifo_read
 .text.tu_fifo_read_n
                0x10005e50        0xa CMakeFiles/hello_usb.dir/home/mkhuthir/.pico-sdk/sdk/2.0.0/lib/tinyusb/src/common/tusb_fifo.c.obj
                0x10005e50                tu_fifo_read_n
 .text.tu_fifo_write
                0x10005e5a       0x64 CMakeFiles/hello_usb.dir/home/mkhuthir/.pico-sdk/sdk/2.0.0/lib/tinyusb/src/common/tusb_fifo.c.obj
                0x10005e5a                tu_fifo_write
 .text.tu_fifo_write_n
                0x10005ebe        0xa CMakeFiles/hello_usb.dir/home/mkhuthir/.pico-sdk/sdk/2.0.0/lib/tinyusb/src/common/tusb_fifo.c.obj
                0x10005ebe                tu_fifo_write_n
 .text.tu_fifo_clear
                0x10005ec8       0x3e CMakeFiles/hello_usb.dir/home/mkhuthir/.pico-sdk/sdk/2.0.0/lib/tinyusb/src/common/tusb_fifo.c.obj
                0x10005ec8                tu_fifo_clear
 .text.tu_fifo_set_overwritable
                0x10005f06       0x46 CMakeFiles/hello_usb.dir/home/mkhuthir/.pico-sdk/sdk/2.0.0/lib/tinyusb/src/common/tusb_fifo.c.obj
                0x10005f06                tu_fifo_set_overwritable
 .text.strlen   0x10005f4c       0x5c /home/mkhuthir/.pico-sdk/toolchain/13_2_Rel1/bin/../lib/gcc/arm-none-eabi/13.2.1/../../../../arm-none-eabi/lib/thumb/v6-m/nofp/libg.a(libc_a-strlen-stub.o)
                0x10005f4c                strlen
 *(.fini)
 .fini          0x10005fa8        0x4 /home/mkhuthir/.pico-sdk/toolchain/13_2_Rel1/bin/../lib/gcc/arm-none-eabi/13.2.1/thumb/v6-m/nofp/crti.o
                0x10005fa8                _fini
 *fill*         0x10005fac        0x4 
 .fini.__stub   0x10005fb0       0xd0 linker stubs
 *crtbegin.o(.ctors)
 *crtbegin?.o(.ctors)
 *(EXCLUDE_FILE(*crtend.o *crtend?.o) .ctors)
 *(SORT_BY_NAME(.ctors.*))
 *(.ctors)
 *crtbegin.o(.dtors)
 *crtbegin?.o(.dtors)
 *(EXCLUDE_FILE(*crtend.o *crtend?.o) .dtors)
 *(SORT_BY_NAME(.dtors.*))
 *(.dtors)
                0x10006080                        . = ALIGN (0x4)
                0x10006080                        PROVIDE (__preinit_array_start = .)
 *(SORT_BY_NAME(.preinit_array.*))
 .preinit_array.00100
                0x10006080        0x4 CMakeFiles/hello_usb.dir/home/mkhuthir/.pico-sdk/sdk/2.0.0/src/rp2_common/pico_runtime_init/runtime_init.c.obj
                0x10006080                __pre_init_runtime_init_early_resets
 .preinit_array.00101
                0x10006084        0x4 CMakeFiles/hello_usb.dir/home/mkhuthir/.pico-sdk/sdk/2.0.0/src/rp2_common/pico_runtime_init/runtime_init.c.obj
                0x10006084                __pre_init_runtime_init_usb_power_down
 .preinit_array.00275
                0x10006088        0x4 CMakeFiles/hello_usb.dir/home/mkhuthir/.pico-sdk/sdk/2.0.0/src/rp2_common/pico_bit_ops/bit_ops_aeabi.S.obj
 .preinit_array.00300
                0x1000608c        0x4 CMakeFiles/hello_usb.dir/home/mkhuthir/.pico-sdk/sdk/2.0.0/src/rp2_common/pico_mem_ops/mem_ops_aeabi.S.obj
 .preinit_array.00350
                0x10006090        0x4 CMakeFiles/hello_usb.dir/home/mkhuthir/.pico-sdk/sdk/2.0.0/src/rp2_common/pico_double/double_aeabi_rp2040.S.obj
 .preinit_array.00350
                0x10006094        0x4 CMakeFiles/hello_usb.dir/home/mkhuthir/.pico-sdk/sdk/2.0.0/src/rp2_common/pico_float/float_aeabi_rp2040.S.obj
 .preinit_array.00500
                0x10006098        0x4 CMakeFiles/hello_usb.dir/home/mkhuthir/.pico-sdk/sdk/2.0.0/src/rp2_common/pico_runtime_init/runtime_init.c.obj
                0x10006098                __pre_init_runtime_init_clocks
 .preinit_array.00600
                0x1000609c        0x4 CMakeFiles/hello_usb.dir/home/mkhuthir/.pico-sdk/sdk/2.0.0/src/rp2_common/pico_runtime_init/runtime_init.c.obj
                0x1000609c                __pre_init_runtime_init_post_clock_resets
 .preinit_array.00700
                0x100060a0        0x4 CMakeFiles/hello_usb.dir/home/mkhuthir/.pico-sdk/sdk/2.0.0/src/rp2_common/pico_runtime_init/runtime_init.c.obj
                0x100060a0                __pre_init_runtime_init_rp2040_gpio_ie_disable
 .preinit_array.01000
                0x100060a4        0x4 CMakeFiles/hello_usb.dir/home/mkhuthir/.pico-sdk/sdk/2.0.0/src/rp2_common/pico_runtime_init/runtime_init.c.obj
                0x100060a4                __pre_init_runtime_init_spin_locks_reset
 .preinit_array.01100
                0x100060a8        0x4 CMakeFiles/hello_usb.dir/home/mkhuthir/.pico-sdk/sdk/2.0.0/src/common/pico_sync/mutex.c.obj
                0x100060a8                __pre_init_runtime_init_mutex
 .preinit_array.10080
                0x100060ac        0x4 CMakeFiles/hello_usb.dir/home/mkhuthir/.pico-sdk/sdk/2.0.0/src/rp2_common/pico_runtime_init/runtime_init.c.obj
                0x100060ac                __pre_init_runtime_init_install_ram_vector_table
 .preinit_array.11000
                0x100060b0        0x4 CMakeFiles/hello_usb.dir/home/mkhuthir/.pico-sdk/sdk/2.0.0/src/common/pico_time/time.c.obj
                0x100060b0                __pre_init_runtime_init_default_alarm_pool
 .preinit_array.YYYYY
                0x100060b4        0x4 CMakeFiles/hello_usb.dir/home/mkhuthir/.pico-sdk/sdk/2.0.0/src/rp2_common/pico_runtime/runtime.c.obj
                0x100060b4                __pre_init_first_per_core_initializer
 .preinit_array.ZZZZZ.01200
                0x100060b8        0x4 CMakeFiles/hello_usb.dir/home/mkhuthir/.pico-sdk/sdk/2.0.0/src/rp2_common/hardware_irq/irq.c.obj
                0x100060b8                __pre_init_runtime_init_per_core_irq_priorities
 *(.preinit_array)
                0x100060bc                        PROVIDE (__preinit_array_end = .)
                0x100060bc                        . = ALIGN (0x4)
                0x100060bc                        PROVIDE (__init_array_start = .)
 *(SORT_BY_NAME(.init_array.*))
 *(.init_array)
 .init_array    0x100060bc        0x4 /home/mkhuthir/.pico-sdk/toolchain/13_2_Rel1/bin/../lib/gcc/arm-none-eabi/13.2.1/thumb/v6-m/nofp/crtbegin.o
 .init_array    0x100060c0        0x4 CMakeFiles/hello_usb.dir/home/mkhuthir/.pico-sdk/sdk/2.0.0/src/rp2_common/pico_unique_id/unique_id.c.obj
                0x100060c4                        PROVIDE (__init_array_end = .)
                0x100060c4                        . = ALIGN (0x4)
                [!provide]                        PROVIDE (__fini_array_start = .)
 *(SORT_BY_NAME(.fini_array.*))
 *(.fini_array)
                [!provide]                        PROVIDE (__fini_array_end = .)
 *(.eh_frame*)
 .eh_frame      0x100060c4        0x0 /home/mkhuthir/.pico-sdk/toolchain/13_2_Rel1/bin/../lib/gcc/arm-none-eabi/13.2.1/thumb/v6-m/nofp/crtbegin.o
                0x100060c4                        . = ALIGN (0x4)

.glue_7         0x100060c4        0x0
 .glue_7        0x100060c4        0x0 linker stubs

.glue_7t        0x100060c4        0x0
 .glue_7t       0x100060c4        0x0 linker stubs

.vfp11_veneer   0x100060c4        0x0
 .vfp11_veneer  0x100060c4        0x0 linker stubs

.v4_bx          0x100060c4        0x0
 .v4_bx         0x100060c4        0x0 linker stubs

.iplt           0x100060c4        0x0
 .iplt          0x100060c4        0x0 /home/mkhuthir/.pico-sdk/toolchain/13_2_Rel1/bin/../lib/gcc/arm-none-eabi/13.2.1/thumb/v6-m/nofp/crtbegin.o

.rodata         0x100060c8     0x13b4
 *(EXCLUDE_FILE(*libm.a: *libc.a:*lib_a-mem*.o *libgcc.a:) .rodata*)
 .rodata.main.str1.4
                0x100060c8      0xbef CMakeFiles/hello_usb.dir/hello_usb.c.obj
                                  0xe (size before relaxing)
 .rodata.rp2040_chip_version.str1.4
                0x10006cb7       0x7d CMakeFiles/hello_usb.dir/home/mkhuthir/.pico-sdk/sdk/2.0.0/src/rp2040/pico_platform/platform.c.obj
 *fill*         0x10006cb7        0x1 
 .rodata.__func__.0
                0x10006cb8       0x14 CMakeFiles/hello_usb.dir/home/mkhuthir/.pico-sdk/sdk/2.0.0/src/rp2040/pico_platform/platform.c.obj
 .rodata.panic.str1.4
                0x10006ccc       0x12 CMakeFiles/hello_usb.dir/home/mkhuthir/.pico-sdk/sdk/2.0.0/src/rp2_common/pico_platform_panic/panic.c.obj
 .rodata.spin_lock_claim_unused.str1.4
                0x10006ccc       0x1b CMakeFiles/hello_usb.dir/home/mkhuthir/.pico-sdk/sdk/2.0.0/src/rp2_common/hardware_sync/sync.c.obj
 .rodata.resolve_j_16.str1.4
                0x10006ccc       0x5d CMakeFiles/hello_usb.dir/home/mkhuthir/.pico-sdk/sdk/2.0.0/src/rp2_common/hardware_irq/irq.c.obj
 .rodata.make_j_16.str1.4
                0x10006ccc       0x30 CMakeFiles/hello_usb.dir/home/mkhuthir/.pico-sdk/sdk/2.0.0/src/rp2_common/hardware_irq/irq.c.obj
 .rodata.irq_set_exclusive_handler.str1.4
                0x10006ccc       0x36 CMakeFiles/hello_usb.dir/home/mkhuthir/.pico-sdk/sdk/2.0.0/src/rp2_common/hardware_irq/irq.c.obj
 .rodata.irq_add_shared_handler.str1.4
                0x10006ccc       0xd2 CMakeFiles/hello_usb.dir/home/mkhuthir/.pico-sdk/sdk/2.0.0/src/rp2_common/hardware_irq/irq.c.obj
 .rodata.irq_add_tail_to_free_list.str1.4
                0x10006ccc       0x3a CMakeFiles/hello_usb.dir/home/mkhuthir/.pico-sdk/sdk/2.0.0/src/rp2_common/hardware_irq/irq.c.obj
 .rodata.user_irq_claim_unused.str1.4
                0x10006ccc       0x1b CMakeFiles/hello_usb.dir/home/mkhuthir/.pico-sdk/sdk/2.0.0/src/rp2_common/hardware_irq/irq.c.obj
 .rodata.__func__.0
                0x10006ccc       0x1a CMakeFiles/hello_usb.dir/home/mkhuthir/.pico-sdk/sdk/2.0.0/src/rp2_common/hardware_irq/irq.c.obj
 *fill*         0x10006ce6        0x2 
 .rodata.__func__.3
                0x10006ce8        0xa CMakeFiles/hello_usb.dir/home/mkhuthir/.pico-sdk/sdk/2.0.0/src/rp2_common/hardware_irq/irq.c.obj
 *fill*         0x10006cf2        0x2 
 .rodata.__func__.4
                0x10006cf4        0xd CMakeFiles/hello_usb.dir/home/mkhuthir/.pico-sdk/sdk/2.0.0/src/rp2_common/hardware_irq/irq.c.obj
 *fill*         0x10006d01        0x3 
 .rodata.__func__.5
                0x10006d04       0x17 CMakeFiles/hello_usb.dir/home/mkhuthir/.pico-sdk/sdk/2.0.0/src/rp2_common/hardware_irq/irq.c.obj
 *fill*         0x10006d1b        0x1 
 .rodata.__func__.6
                0x10006d1c       0x1a CMakeFiles/hello_usb.dir/home/mkhuthir/.pico-sdk/sdk/2.0.0/src/rp2_common/hardware_irq/irq.c.obj
 .rodata.runtime_init_mutex.str1.4
                0x10006d36       0x60 CMakeFiles/hello_usb.dir/home/mkhuthir/.pico-sdk/sdk/2.0.0/src/common/pico_sync/mutex.c.obj
 .rodata.str1.4
                0x10006d36       0x51 CMakeFiles/hello_usb.dir/home/mkhuthir/.pico-sdk/sdk/2.0.0/src/common/pico_sync/mutex.c.obj
 *fill*         0x10006d36        0x2 
 .rodata.__func__.1
                0x10006d38        0xb CMakeFiles/hello_usb.dir/home/mkhuthir/.pico-sdk/sdk/2.0.0/src/common/pico_sync/mutex.c.obj
 *fill*         0x10006d43        0x1 
 .rodata.__func__.3
                0x10006d44       0x18 CMakeFiles/hello_usb.dir/home/mkhuthir/.pico-sdk/sdk/2.0.0/src/common/pico_sync/mutex.c.obj
 .rodata.__func__.6
                0x10006d5c       0x13 CMakeFiles/hello_usb.dir/home/mkhuthir/.pico-sdk/sdk/2.0.0/src/common/pico_sync/mutex.c.obj
 .rodata.alarm_pool_irq_handler.str1.4
                0x10006d6f       0x6b CMakeFiles/hello_usb.dir/home/mkhuthir/.pico-sdk/sdk/2.0.0/src/common/pico_time/time.c.obj
 .rodata.alarm_pool_get_default.str1.4
                0x10006d6f       0x21 CMakeFiles/hello_usb.dir/home/mkhuthir/.pico-sdk/sdk/2.0.0/src/common/pico_time/time.c.obj
 .rodata.sleep_until.str1.4
                0x10006d6f       0x4d CMakeFiles/hello_usb.dir/home/mkhuthir/.pico-sdk/sdk/2.0.0/src/common/pico_time/time.c.obj
 *fill*         0x10006d6f        0x1 
 .rodata.__func__.1
                0x10006d70       0x17 CMakeFiles/hello_usb.dir/home/mkhuthir/.pico-sdk/sdk/2.0.0/src/common/pico_time/time.c.obj
 *fill*         0x10006d87        0x1 
 .rodata.__func__.2
                0x10006d88       0x17 CMakeFiles/hello_usb.dir/home/mkhuthir/.pico-sdk/sdk/2.0.0/src/common/pico_time/time.c.obj
 .rodata.timer_hardware_alarm_claim.str1.4
                0x10006d9f       0x22 CMakeFiles/hello_usb.dir/home/mkhuthir/.pico-sdk/sdk/2.0.0/src/rp2_common/hardware_timer/timer.c.obj
 .rodata.pll_init.str1.4
                0x10006d9f      0x11c CMakeFiles/hello_usb.dir/home/mkhuthir/.pico-sdk/sdk/2.0.0/src/rp2_common/hardware_pll/pll.c.obj
 *fill*         0x10006d9f        0x1 
 .rodata.__func__.0
                0x10006da0        0x9 CMakeFiles/hello_usb.dir/home/mkhuthir/.pico-sdk/sdk/2.0.0/src/rp2_common/hardware_pll/pll.c.obj
 .rodata.missing_double_func_shim.str1.4
                0x10006da9       0x18 CMakeFiles/hello_usb.dir/home/mkhuthir/.pico-sdk/sdk/2.0.0/src/rp2_common/pico_double/double_init_rom_rp2040.c.obj
 .rodata.__aeabi_double_init.str1.4
                0x10006da9       0x9b CMakeFiles/hello_usb.dir/home/mkhuthir/.pico-sdk/sdk/2.0.0/src/rp2_common/pico_double/double_init_rom_rp2040.c.obj
 *fill*         0x10006da9        0x3 
 .rodata.__func__.0
                0x10006dac       0x14 CMakeFiles/hello_usb.dir/home/mkhuthir/.pico-sdk/sdk/2.0.0/src/rp2_common/pico_double/double_init_rom_rp2040.c.obj
 .rodata.missing_float_func_shim.str1.4
                0x10006dc0        0x1 CMakeFiles/hello_usb.dir/home/mkhuthir/.pico-sdk/sdk/2.0.0/src/rp2_common/pico_float/float_init_rom_rp2040.c.obj
 .rodata.__aeabi_float_init.str1.4
                0x10006dc0       0x89 CMakeFiles/hello_usb.dir/home/mkhuthir/.pico-sdk/sdk/2.0.0/src/rp2_common/pico_float/float_init_rom_rp2040.c.obj
 .rodata.__func__.0
                0x10006dc0       0x13 CMakeFiles/hello_usb.dir/home/mkhuthir/.pico-sdk/sdk/2.0.0/src/rp2_common/pico_float/float_init_rom_rp2040.c.obj
 .rodata.str1.4
                0x10006dd3       0x30 CMakeFiles/hello_usb.dir/home/mkhuthir/.pico-sdk/sdk/2.0.0/src/rp2_common/pico_standard_binary_info/standard_binary_info.c.obj
 *fill*         0x10006dd3        0x1 
 .rodata.__bi_84
                0x10006dd4        0xc CMakeFiles/hello_usb.dir/home/mkhuthir/.pico-sdk/sdk/2.0.0/src/rp2_common/pico_standard_binary_info/standard_binary_info.c.obj
 .rodata.__bi_54
                0x10006de0        0xc CMakeFiles/hello_usb.dir/home/mkhuthir/.pico-sdk/sdk/2.0.0/src/rp2_common/pico_standard_binary_info/standard_binary_info.c.obj
 .rodata.__bi_48
                0x10006dec        0xc CMakeFiles/hello_usb.dir/home/mkhuthir/.pico-sdk/sdk/2.0.0/src/rp2_common/pico_standard_binary_info/standard_binary_info.c.obj
 .rodata.__bi_42
                0x10006df8        0xc CMakeFiles/hello_usb.dir/home/mkhuthir/.pico-sdk/sdk/2.0.0/src/rp2_common/pico_standard_binary_info/standard_binary_info.c.obj
 .rodata.__bi_34
                0x10006e04        0xc CMakeFiles/hello_usb.dir/home/mkhuthir/.pico-sdk/sdk/2.0.0/src/rp2_common/pico_standard_binary_info/standard_binary_info.c.obj
 .rodata.__bi_26
                0x10006e10        0xc CMakeFiles/hello_usb.dir/home/mkhuthir/.pico-sdk/sdk/2.0.0/src/rp2_common/pico_standard_binary_info/standard_binary_info.c.obj
 .rodata._ftoa.str1.4
                0x10006e1c       0x15 CMakeFiles/hello_usb.dir/home/mkhuthir/.pico-sdk/sdk/2.0.0/src/rp2_common/pico_printf/printf.c.obj
 .rodata._vsnprintf
                0x10006e1c      0x19c CMakeFiles/hello_usb.dir/home/mkhuthir/.pico-sdk/sdk/2.0.0/src/rp2_common/pico_printf/printf.c.obj
 .rodata.pow10.0
                0x10006fb8       0x50 CMakeFiles/hello_usb.dir/home/mkhuthir/.pico-sdk/sdk/2.0.0/src/rp2_common/pico_printf/printf.c.obj
 .rodata.__assert_func.str1.4
                0x10007008       0x43 CMakeFiles/hello_usb.dir/home/mkhuthir/.pico-sdk/sdk/2.0.0/src/rp2_common/pico_clib_interface/newlib_interface.c.obj
 .rodata.crlf_str.0
                0x10007008        0x2 CMakeFiles/hello_usb.dir/home/mkhuthir/.pico-sdk/sdk/2.0.0/src/rp2_common/pico_stdio/stdio.c.obj
 *fill*         0x1000700a        0x2 
 .rodata._resetd_driver
                0x1000700c       0x20 CMakeFiles/hello_usb.dir/home/mkhuthir/.pico-sdk/sdk/2.0.0/src/rp2_common/pico_stdio_usb/reset_interface.c.obj
 .rodata.desc_ms_os_20
                0x1000702c       0xa6 CMakeFiles/hello_usb.dir/home/mkhuthir/.pico-sdk/sdk/2.0.0/src/rp2_common/pico_stdio_usb/reset_interface.c.obj
 *fill*         0x100070d2        0x2 
 .rodata.desc_bos
                0x100070d4       0x21 CMakeFiles/hello_usb.dir/home/mkhuthir/.pico-sdk/sdk/2.0.0/src/rp2_common/pico_stdio_usb/reset_interface.c.obj
                0x100070d4                desc_bos
 .rodata.stdio_usb_init.str1.4
                0x100070f5       0x55 CMakeFiles/hello_usb.dir/home/mkhuthir/.pico-sdk/sdk/2.0.0/src/rp2_common/pico_stdio_usb/stdio_usb.c.obj
 .rodata.str1.4
                0x100070f5       0x13 CMakeFiles/hello_usb.dir/home/mkhuthir/.pico-sdk/sdk/2.0.0/src/rp2_common/pico_stdio_usb/stdio_usb.c.obj
 *fill*         0x100070f5        0x3 
 .rodata.__bi_197.1
                0x100070f8        0xc CMakeFiles/hello_usb.dir/home/mkhuthir/.pico-sdk/sdk/2.0.0/src/rp2_common/pico_stdio_usb/stdio_usb.c.obj
 .rodata.__func__.2
                0x10007104        0xf CMakeFiles/hello_usb.dir/home/mkhuthir/.pico-sdk/sdk/2.0.0/src/rp2_common/pico_stdio_usb/stdio_usb.c.obj
 .rodata.str1.4
                0x10007113       0x2a CMakeFiles/hello_usb.dir/home/mkhuthir/.pico-sdk/sdk/2.0.0/src/rp2_common/pico_stdio_usb/stdio_usb_descriptors.c.obj
 *fill*         0x10007113        0x1 
 .rodata.usbd_desc_str
                0x10007114       0x18 CMakeFiles/hello_usb.dir/home/mkhuthir/.pico-sdk/sdk/2.0.0/src/rp2_common/pico_stdio_usb/stdio_usb_descriptors.c.obj
 .rodata.usbd_desc_cfg
                0x1000712c       0x54 CMakeFiles/hello_usb.dir/home/mkhuthir/.pico-sdk/sdk/2.0.0/src/rp2_common/pico_stdio_usb/stdio_usb_descriptors.c.obj
 .rodata.usbd_desc_device
                0x10007180       0x12 CMakeFiles/hello_usb.dir/home/mkhuthir/.pico-sdk/sdk/2.0.0/src/rp2_common/pico_stdio_usb/stdio_usb_descriptors.c.obj
 .rodata.pico_get_unique_board_id_string.str1.4
                0x10007192       0x55 CMakeFiles/hello_usb.dir/home/mkhuthir/.pico-sdk/sdk/2.0.0/src/rp2_common/pico_unique_id/unique_id.c.obj
 *fill*         0x10007192        0x2 
 .rodata.__func__.0
                0x10007194       0x20 CMakeFiles/hello_usb.dir/home/mkhuthir/.pico-sdk/sdk/2.0.0/src/rp2_common/pico_unique_id/unique_id.c.obj
 .rodata.str1.4
                0x100071b4      0x199 CMakeFiles/hello_usb.dir/home/mkhuthir/.pico-sdk/sdk/2.0.0/src/rp2_common/hardware_flash/flash.c.obj
 .rodata.__func__.0
                0x100071b4        0xd CMakeFiles/hello_usb.dir/home/mkhuthir/.pico-sdk/sdk/2.0.0/src/rp2_common/hardware_flash/flash.c.obj
 .rodata._hw_endpoint_alloc.str1.4
                0x100071c1       0xbd CMakeFiles/hello_usb.dir/home/mkhuthir/.pico-sdk/sdk/2.0.0/lib/tinyusb/src/portable/raspberrypi/rp2040/dcd_rp2040.c.obj
 .rodata.str1.4
                0x100071c1       0x14 CMakeFiles/hello_usb.dir/home/mkhuthir/.pico-sdk/sdk/2.0.0/lib/tinyusb/src/portable/raspberrypi/rp2040/dcd_rp2040.c.obj
 .rodata.dcd_int_enable.str1.4
                0x100071c1        0xc CMakeFiles/hello_usb.dir/home/mkhuthir/.pico-sdk/sdk/2.0.0/lib/tinyusb/src/portable/raspberrypi/rp2040/dcd_rp2040.c.obj
 *fill*         0x100071c1        0x3 
 .rodata.__func__.0
                0x100071c4        0xe CMakeFiles/hello_usb.dir/home/mkhuthir/.pico-sdk/sdk/2.0.0/lib/tinyusb/src/portable/raspberrypi/rp2040/dcd_rp2040.c.obj
 *fill*         0x100071d2        0x2 
 .rodata.__func__.1
                0x100071d4        0xe CMakeFiles/hello_usb.dir/home/mkhuthir/.pico-sdk/sdk/2.0.0/lib/tinyusb/src/portable/raspberrypi/rp2040/dcd_rp2040.c.obj
 *fill*         0x100071e2        0x2 
 .rodata.__func__.3
                0x100071e4       0x10 CMakeFiles/hello_usb.dir/home/mkhuthir/.pico-sdk/sdk/2.0.0/lib/tinyusb/src/portable/raspberrypi/rp2040/dcd_rp2040.c.obj
 .rodata.__func__.5
                0x100071f4        0xf CMakeFiles/hello_usb.dir/home/mkhuthir/.pico-sdk/sdk/2.0.0/lib/tinyusb/src/portable/raspberrypi/rp2040/dcd_rp2040.c.obj
 *fill*         0x10007203        0x1 
 .rodata.__func__.6
                0x10007204       0x13 CMakeFiles/hello_usb.dir/home/mkhuthir/.pico-sdk/sdk/2.0.0/lib/tinyusb/src/portable/raspberrypi/rp2040/dcd_rp2040.c.obj
 *fill*         0x10007217        0x1 
 .rodata.__func__.7
                0x10007218        0x9 CMakeFiles/hello_usb.dir/home/mkhuthir/.pico-sdk/sdk/2.0.0/lib/tinyusb/src/portable/raspberrypi/rp2040/dcd_rp2040.c.obj
 .rodata.str1.4
                0x10007221       0xe4 CMakeFiles/hello_usb.dir/home/mkhuthir/.pico-sdk/sdk/2.0.0/lib/tinyusb/src/portable/raspberrypi/rp2040/rp2040_usb.c.obj
 .rodata.hw_endpoint_xfer_start.str1.4
                0x10007221       0x38 CMakeFiles/hello_usb.dir/home/mkhuthir/.pico-sdk/sdk/2.0.0/lib/tinyusb/src/portable/raspberrypi/rp2040/rp2040_usb.c.obj
 *fill*         0x10007221        0x3 
 .rodata.__func__.0
                0x10007224        0xf CMakeFiles/hello_usb.dir/home/mkhuthir/.pico-sdk/sdk/2.0.0/lib/tinyusb/src/portable/raspberrypi/rp2040/rp2040_usb.c.obj
 .rodata.configuration_reset.str1.4
                0x10007233       0x17 CMakeFiles/hello_usb.dir/home/mkhuthir/.pico-sdk/sdk/2.0.0/lib/tinyusb/src/device/usbd.c.obj
 *fill*         0x10007233        0x1 
 .rodata.process_get_descriptor
                0x10007234       0x40 CMakeFiles/hello_usb.dir/home/mkhuthir/.pico-sdk/sdk/2.0.0/lib/tinyusb/src/device/usbd.c.obj
 .rodata        0x10007274       0x1c CMakeFiles/hello_usb.dir/home/mkhuthir/.pico-sdk/sdk/2.0.0/lib/tinyusb/src/device/usbd.c.obj
 .rodata.process_control_request
                0x10007290       0x28 CMakeFiles/hello_usb.dir/home/mkhuthir/.pico-sdk/sdk/2.0.0/lib/tinyusb/src/device/usbd.c.obj
 .rodata.tud_task_ext
                0x100072b8       0x24 CMakeFiles/hello_usb.dir/home/mkhuthir/.pico-sdk/sdk/2.0.0/lib/tinyusb/src/device/usbd.c.obj
 .rodata.__func__.4
                0x100072dc        0xf CMakeFiles/hello_usb.dir/home/mkhuthir/.pico-sdk/sdk/2.0.0/lib/tinyusb/src/device/usbd.c.obj
 *fill*         0x100072eb        0x1 
 .rodata.__func__.5
                0x100072ec        0xf CMakeFiles/hello_usb.dir/home/mkhuthir/.pico-sdk/sdk/2.0.0/lib/tinyusb/src/device/usbd.c.obj
 *fill*         0x100072fb        0x1 
 .rodata.__func__.6
                0x100072fc       0x14 CMakeFiles/hello_usb.dir/home/mkhuthir/.pico-sdk/sdk/2.0.0/lib/tinyusb/src/device/usbd.c.obj
 .rodata.__func__.7
                0x10007310        0xc CMakeFiles/hello_usb.dir/home/mkhuthir/.pico-sdk/sdk/2.0.0/lib/tinyusb/src/device/usbd.c.obj
 .rodata.__func__.8
                0x1000731c       0x17 CMakeFiles/hello_usb.dir/home/mkhuthir/.pico-sdk/sdk/2.0.0/lib/tinyusb/src/device/usbd.c.obj
 *fill*         0x10007333        0x1 
 .rodata.__func__.9
                0x10007334       0x13 CMakeFiles/hello_usb.dir/home/mkhuthir/.pico-sdk/sdk/2.0.0/lib/tinyusb/src/device/usbd.c.obj
 *fill*         0x10007347        0x1 
 .rodata.__func__.10
                0x10007348       0x18 CMakeFiles/hello_usb.dir/home/mkhuthir/.pico-sdk/sdk/2.0.0/lib/tinyusb/src/device/usbd.c.obj
 .rodata.__func__.11
                0x10007360       0x14 CMakeFiles/hello_usb.dir/home/mkhuthir/.pico-sdk/sdk/2.0.0/lib/tinyusb/src/device/usbd.c.obj
 .rodata.__func__.12
                0x10007374        0xd CMakeFiles/hello_usb.dir/home/mkhuthir/.pico-sdk/sdk/2.0.0/lib/tinyusb/src/device/usbd.c.obj
 *fill*         0x10007381        0x3 
 .rodata.__func__.13
                0x10007384        0x9 CMakeFiles/hello_usb.dir/home/mkhuthir/.pico-sdk/sdk/2.0.0/lib/tinyusb/src/device/usbd.c.obj
 *fill*         0x1000738d        0x3 
 .rodata._usbd_driver
                0x10007390       0x40 CMakeFiles/hello_usb.dir/home/mkhuthir/.pico-sdk/sdk/2.0.0/lib/tinyusb/src/device/usbd.c.obj
 .rodata.tud_control_xfer.str1.4
                0x100073d0       0x17 CMakeFiles/hello_usb.dir/home/mkhuthir/.pico-sdk/sdk/2.0.0/lib/tinyusb/src/device/usbd_control.c.obj
 .rodata.__func__.0
                0x100073d0       0x15 CMakeFiles/hello_usb.dir/home/mkhuthir/.pico-sdk/sdk/2.0.0/lib/tinyusb/src/device/usbd_control.c.obj
 *fill*         0x100073e5        0x3 
 .rodata.__func__.1
                0x100073e8       0x11 CMakeFiles/hello_usb.dir/home/mkhuthir/.pico-sdk/sdk/2.0.0/lib/tinyusb/src/device/usbd_control.c.obj
 .rodata.tud_cdc_n_write_flush.str1.4
                0x100073f9       0x17 CMakeFiles/hello_usb.dir/home/mkhuthir/.pico-sdk/sdk/2.0.0/lib/tinyusb/src/class/cdc/cdc_device.c.obj
 *fill*         0x100073f9        0x3 
 .rodata.__func__.0
                0x100073fc        0xd CMakeFiles/hello_usb.dir/home/mkhuthir/.pico-sdk/sdk/2.0.0/lib/tinyusb/src/class/cdc/cdc_device.c.obj
 *fill*         0x10007409        0x3 
 .rodata.__func__.1
                0x1000740c        0xa CMakeFiles/hello_usb.dir/home/mkhuthir/.pico-sdk/sdk/2.0.0/lib/tinyusb/src/class/cdc/cdc_device.c.obj
 *fill*         0x10007416        0x2 
 .rodata.__func__.3
                0x10007418       0x16 CMakeFiles/hello_usb.dir/home/mkhuthir/.pico-sdk/sdk/2.0.0/lib/tinyusb/src/class/cdc/cdc_device.c.obj
 .rodata.tud_vendor_n_write_flush.str1.4
                0x1000742e       0x17 CMakeFiles/hello_usb.dir/home/mkhuthir/.pico-sdk/sdk/2.0.0/lib/tinyusb/src/class/vendor/vendor_device.c.obj
 *fill*         0x1000742e        0x2 
 .rodata.__func__.0
                0x10007430        0xd CMakeFiles/hello_usb.dir/home/mkhuthir/.pico-sdk/sdk/2.0.0/lib/tinyusb/src/class/vendor/vendor_device.c.obj
 *fill*         0x1000743d        0x3 
 .rodata.__func__.2
                0x10007440       0x19 CMakeFiles/hello_usb.dir/home/mkhuthir/.pico-sdk/sdk/2.0.0/lib/tinyusb/src/class/vendor/vendor_device.c.obj
 .rodata.tusb_init.str1.4
                0x10007459       0x17 CMakeFiles/hello_usb.dir/home/mkhuthir/.pico-sdk/sdk/2.0.0/lib/tinyusb/src/tusb.c.obj
 *fill*         0x10007459        0x3 
 .rodata.__func__.3
                0x1000745c       0x11 CMakeFiles/hello_usb.dir/home/mkhuthir/.pico-sdk/sdk/2.0.0/lib/tinyusb/src/tusb.c.obj
 *fill*         0x1000746d        0x3 
 .rodata.__func__.4
                0x10007470        0xa CMakeFiles/hello_usb.dir/home/mkhuthir/.pico-sdk/sdk/2.0.0/lib/tinyusb/src/tusb.c.obj
                0x1000747c                        . = ALIGN (0x4)
 *fill*         0x1000747a        0x2 
 *(SORT_BY_ALIGNMENT(SORT_BY_NAME(.flashdata*)))
                0x1000747c                        . = ALIGN (0x4)

.ARM.extab
 *(.ARM.extab* .gnu.linkonce.armextab.*)
                0x1000747c                        __exidx_start = .

.ARM.exidx
 *(.ARM.exidx* .gnu.linkonce.armexidx.*)
                0x1000747c                        __exidx_end = .
                0x1000747c                        . = ALIGN (0x4)
                0x1000747c                        __binary_info_start = .

.binary_info    0x1000747c       0x1c
 *(.binary_info.keep.*)
 .binary_info.keep.__bi_ptr84
                0x1000747c        0x4 CMakeFiles/hello_usb.dir/home/mkhuthir/.pico-sdk/sdk/2.0.0/src/rp2_common/pico_standard_binary_info/standard_binary_info.c.obj
 .binary_info.keep.__bi_ptr54
                0x10007480        0x4 CMakeFiles/hello_usb.dir/home/mkhuthir/.pico-sdk/sdk/2.0.0/src/rp2_common/pico_standard_binary_info/standard_binary_info.c.obj
 .binary_info.keep.__bi_ptr48
                0x10007484        0x4 CMakeFiles/hello_usb.dir/home/mkhuthir/.pico-sdk/sdk/2.0.0/src/rp2_common/pico_standard_binary_info/standard_binary_info.c.obj
 .binary_info.keep.__bi_ptr42
                0x10007488        0x4 CMakeFiles/hello_usb.dir/home/mkhuthir/.pico-sdk/sdk/2.0.0/src/rp2_common/pico_standard_binary_info/standard_binary_info.c.obj
 .binary_info.keep.__bi_ptr34
                0x1000748c        0x4 CMakeFiles/hello_usb.dir/home/mkhuthir/.pico-sdk/sdk/2.0.0/src/rp2_common/pico_standard_binary_info/standard_binary_info.c.obj
 .binary_info.keep.__bi_ptr26
                0x10007490        0x4 CMakeFiles/hello_usb.dir/home/mkhuthir/.pico-sdk/sdk/2.0.0/src/rp2_common/pico_standard_binary_info/standard_binary_info.c.obj
 *(.binary_info.*)
 .binary_info.__bi_ptr197
                0x10007494        0x4 CMakeFiles/hello_usb.dir/home/mkhuthir/.pico-sdk/sdk/2.0.0/src/rp2_common/pico_stdio_usb/stdio_usb.c.obj
                0x10007498                        __binary_info_end = .

.rel.dyn        0x10007498        0x0
 .rel.iplt      0x10007498        0x0 /home/mkhuthir/.pico-sdk/toolchain/13_2_Rel1/bin/../lib/gcc/arm-none-eabi/13.2.1/thumb/v6-m/nofp/crtbegin.o
                0x10007498                        . = ALIGN (0x4)

.ram_vector_table
                0x20000000       0xc0
 *(.ram_vector_table)
 .ram_vector_table
                0x20000000       0xc0 CMakeFiles/hello_usb.dir/home/mkhuthir/.pico-sdk/sdk/2.0.0/src/rp2_common/pico_runtime_init/runtime_init.c.obj
                0x20000000                ram_vector_table

.uninitialized_data
                0x200000c0        0x0
                0x200000c0                        . = ALIGN (0x4)
 *(.uninitialized_data*)

.data           0x200000c0      0xbd0 load address 0x10007498
                0x200000c0                        __data_start__ = .
 *(vtable)
 *(.time_critical*)
 .time_critical.mutex_try_enter
                0x200000c0       0x48 CMakeFiles/hello_usb.dir/home/mkhuthir/.pico-sdk/sdk/2.0.0/src/common/pico_sync/mutex.c.obj
                0x200000c0                mutex_try_enter
 .time_critical.mutex_enter_block_until
                0x20000108       0x90 CMakeFiles/hello_usb.dir/home/mkhuthir/.pico-sdk/sdk/2.0.0/src/common/pico_sync/mutex.c.obj
                0x20000108                mutex_enter_block_until
 .time_critical.mutex_try_enter_block_until
                0x20000198       0x34 CMakeFiles/hello_usb.dir/home/mkhuthir/.pico-sdk/sdk/2.0.0/src/common/pico_sync/mutex.c.obj
                0x20000198                mutex_try_enter_block_until
 .time_critical.mutex_enter_timeout_ms
                0x200001cc       0x3c CMakeFiles/hello_usb.dir/home/mkhuthir/.pico-sdk/sdk/2.0.0/src/common/pico_sync/mutex.c.obj
                0x200001cc                mutex_enter_timeout_ms
 .time_critical.mutex_exit
                0x20000208       0x4c CMakeFiles/hello_usb.dir/home/mkhuthir/.pico-sdk/sdk/2.0.0/src/common/pico_sync/mutex.c.obj
                0x20000208                mutex_exit
 .time_critical.flash_init_boot2_copyout
                0x20000254       0x30 CMakeFiles/hello_usb.dir/home/mkhuthir/.pico-sdk/sdk/2.0.0/src/rp2_common/hardware_flash/flash.c.obj
 .time_critical.flash_enable_xip_via_boot2
                0x20000284        0xc CMakeFiles/hello_usb.dir/home/mkhuthir/.pico-sdk/sdk/2.0.0/src/rp2_common/hardware_flash/flash.c.obj
 .time_critical.flash_cs_force
                0x20000290       0x28 CMakeFiles/hello_usb.dir/home/mkhuthir/.pico-sdk/sdk/2.0.0/src/rp2_common/hardware_flash/flash.c.obj
 .time_critical.flash_do_cmd
                0x200002b8       0xd8 CMakeFiles/hello_usb.dir/home/mkhuthir/.pico-sdk/sdk/2.0.0/src/rp2_common/hardware_flash/flash.c.obj
                0x200002b8                flash_do_cmd
 .time_critical.reset_non_control_endpoints
                0x20000390       0x40 CMakeFiles/hello_usb.dir/home/mkhuthir/.pico-sdk/sdk/2.0.0/lib/tinyusb/src/portable/raspberrypi/rp2040/dcd_rp2040.c.obj
 .time_critical.hw_handle_buff_status
                0x200003d0       0xa4 CMakeFiles/hello_usb.dir/home/mkhuthir/.pico-sdk/sdk/2.0.0/lib/tinyusb/src/portable/raspberrypi/rp2040/dcd_rp2040.c.obj
 .time_critical.dcd_rp2040_irq
                0x20000474      0x22c CMakeFiles/hello_usb.dir/home/mkhuthir/.pico-sdk/sdk/2.0.0/lib/tinyusb/src/portable/raspberrypi/rp2040/dcd_rp2040.c.obj
 .time_critical.prepare_ep_buffer
                0x200006a0       0x6c CMakeFiles/hello_usb.dir/home/mkhuthir/.pico-sdk/sdk/2.0.0/lib/tinyusb/src/portable/raspberrypi/rp2040/rp2040_usb.c.obj
 .time_critical.e15_is_bulkin_ep
                0x2000070c       0x2c CMakeFiles/hello_usb.dir/home/mkhuthir/.pico-sdk/sdk/2.0.0/lib/tinyusb/src/portable/raspberrypi/rp2040/rp2040_usb.c.obj
 .time_critical.e15_is_critical_frame_period
                0x20000738       0x30 CMakeFiles/hello_usb.dir/home/mkhuthir/.pico-sdk/sdk/2.0.0/lib/tinyusb/src/portable/raspberrypi/rp2040/rp2040_usb.c.obj
 .time_critical.sync_ep_buffer
                0x20000768       0x78 CMakeFiles/hello_usb.dir/home/mkhuthir/.pico-sdk/sdk/2.0.0/lib/tinyusb/src/portable/raspberrypi/rp2040/rp2040_usb.c.obj
 .time_critical._hw_endpoint_xfer_sync
                0x200007e0       0x28 CMakeFiles/hello_usb.dir/home/mkhuthir/.pico-sdk/sdk/2.0.0/lib/tinyusb/src/portable/raspberrypi/rp2040/rp2040_usb.c.obj
 .time_critical.hw_endpoint_reset_transfer
                0x20000808        0xc CMakeFiles/hello_usb.dir/home/mkhuthir/.pico-sdk/sdk/2.0.0/lib/tinyusb/src/portable/raspberrypi/rp2040/rp2040_usb.c.obj
                0x20000808                hw_endpoint_reset_transfer
 .time_critical._hw_endpoint_buffer_control_update32
                0x20000814       0x4c CMakeFiles/hello_usb.dir/home/mkhuthir/.pico-sdk/sdk/2.0.0/lib/tinyusb/src/portable/raspberrypi/rp2040/rp2040_usb.c.obj
                0x20000814                _hw_endpoint_buffer_control_update32
 .time_critical.hw_endpoint_start_next_buffer
                0x20000860       0x88 CMakeFiles/hello_usb.dir/home/mkhuthir/.pico-sdk/sdk/2.0.0/lib/tinyusb/src/portable/raspberrypi/rp2040/rp2040_usb.c.obj
                0x20000860                hw_endpoint_start_next_buffer
 .time_critical.hw_endpoint_xfer_continue
                0x200008e8       0x40 CMakeFiles/hello_usb.dir/home/mkhuthir/.pico-sdk/sdk/2.0.0/lib/tinyusb/src/portable/raspberrypi/rp2040/rp2040_usb.c.obj
                0x200008e8                hw_endpoint_xfer_continue
 .time_critical.tinyusb
                0x20000928      0x1dc CMakeFiles/hello_usb.dir/home/mkhuthir/.pico-sdk/sdk/2.0.0/lib/tinyusb/src/device/usbd.c.obj
                0x20000928                dcd_event_handler
 *(.text*)
 .text          0x20000b04        0x4 /home/mkhuthir/.pico-sdk/toolchain/13_2_Rel1/bin/../lib/gcc/arm-none-eabi/13.2.1/thumb/v6-m/nofp/libgcc.a(_dvmd_tls.o)
                0x20000b04                __aeabi_ldiv0
                0x20000b04                __aeabi_idiv0
 .text.__stub   0x20000b08       0xc0 linker stubs
                0x20000bc8                        . = ALIGN (0x4)
 *(.rodata*)
                0x20000bc8                        . = ALIGN (0x4)
 *(.data*)
 .data.striped_spin_lock_num
                0x20000bc8        0x1 CMakeFiles/hello_usb.dir/home/mkhuthir/.pico-sdk/sdk/2.0.0/src/rp2_common/hardware_sync/sync.c.obj
 *fill*         0x20000bc9        0x3 
 .data          0x20000bcc       0x48 CMakeFiles/hello_usb.dir/home/mkhuthir/.pico-sdk/sdk/2.0.0/src/rp2_common/hardware_irq/irq_handler_chain.S.obj
                0x20000bcc                irq_handler_chain_slots
                0x20000bfc                irq_handler_chain_first_slot
                0x20000c06                irq_handler_chain_remove_tail
 .data.default_alarm_pool
                0x20000c14       0x18 CMakeFiles/hello_usb.dir/home/mkhuthir/.pico-sdk/sdk/2.0.0/src/common/pico_time/time.c.obj
 *fill*         0x20000c2c        0x4 
 .data.aeabi_bits_funcs
                0x20000c30       0x10 CMakeFiles/hello_usb.dir/home/mkhuthir/.pico-sdk/sdk/2.0.0/src/rp2_common/pico_bit_ops/bit_ops_aeabi.S.obj
                0x20000c30                aeabi_bits_funcs
                0x20000c40                aeabi_bits_funcs_end
 .data.aeabi_mem_funcs
                0x20000c40       0x10 CMakeFiles/hello_usb.dir/home/mkhuthir/.pico-sdk/sdk/2.0.0/src/rp2_common/pico_mem_ops/mem_ops_aeabi.S.obj