Archive member included to satisfy reference by file (symbol)

.pio/build/uno_r4_wifi/libFrameworkArduino.a(digital.cpp.o)
                              .pio/build/uno_r4_wifi/src/blink.cpp.o (pinMode)
.pio/build/uno_r4_wifi/libFrameworkArduino.a(time.cpp.o)
                              .pio/build/uno_r4_wifi/src/blink.cpp.o (delay)
.pio/build/uno_r4_wifi/libFrameworkArduino.a(FspTimer.cpp.o)
                              .pio/build/uno_r4_wifi/libFrameworkArduino.a(time.cpp.o) (FspTimer::FspTimer())
.pio/build/uno_r4_wifi/libFrameworkArduino.a(IRQManager.cpp.o)
                              .pio/build/uno_r4_wifi/libFrameworkArduino.a(FspTimer.cpp.o) (IRQManager::getInstance())
.pio/build/uno_r4_wifi/libFrameworkArduino.a(analog.cpp.o)
                              .pio/build/uno_r4_wifi/libFrameworkArduino.a(FspTimer.cpp.o) (__get_timer_for_channel(int))
.pio/build/uno_r4_wifi/libFrameworkArduino.a(Common.cpp.o)
                              .pio/build/uno_r4_wifi/libFrameworkArduino.a(analog.cpp.o) (map(long, long, long, long, long))
.pio/build/uno_r4_wifi/libFrameworkArduino.a(dac.cpp.o)
                              .pio/build/uno_r4_wifi/libFrameworkArduino.a(analog.cpp.o) (CDac::analogWrite(int))
.pio/build/uno_r4_wifi/libFrameworkArduino.a(main.cpp.o)
                              .pio/build/uno_r4_wifi/libFrameworkArduino.a(IRQManager.cpp.o) (atexit)
.pio/build/uno_r4_wifi/libFrameworkArduino.a(pinDefinitions.cpp.o)
                              .pio/build/uno_r4_wifi/libFrameworkArduino.a(analog.cpp.o) (pinPeripheral(e_bsp_io_port_pin_t, unsigned long))
.pio/build/uno_r4_wifi/libFrameworkArduino.a(pwm.cpp.o)
                              .pio/build/uno_r4_wifi/libFrameworkArduino.a(analog.cpp.o) (PwmOut::PwmOut(int))
.pio/build/uno_r4_wifi/libFrameworkArduino.a(variant_helper.cpp.o)
                              .pio/build/uno_r4_wifi/libFrameworkArduino.a(analog.cpp.o) (getPinCfgs(unsigned char, PinCfgReq_t))
.pio/build/uno_r4_wifi/libFrameworkArduino.a(vector_table.c.o)
                              .pio/build/uno_r4_wifi/libFrameworkArduino.a(main.cpp.o) (g_vector_table)
.pio/build/uno_r4_wifi/libFrameworkArduino.a(Serial.cpp.o)
                              .pio/build/uno_r4_wifi/libFrameworkArduino.a(main.cpp.o) (UART::write_raw(unsigned char*, unsigned int))
.pio/build/uno_r4_wifi/libFrameworkArduino.a(SerialObj1.cpp.o)
                              .pio/build/uno_r4_wifi/libFrameworkArduino.a(main.cpp.o) (_UART1_)
.pio/build/uno_r4_wifi/libFrameworkArduino.a(Print.cpp.o)
                              .pio/build/uno_r4_wifi/libFrameworkArduino.a(Serial.cpp.o) (arduino::Print::write(unsigned char const*, unsigned int))
.pio/build/uno_r4_wifi/libFrameworkArduino.a(cm_backtrace.c.o)
                              .pio/build/uno_r4_wifi/libFrameworkArduino.a(main.cpp.o) (cm_backtrace_init)
.pio/build/uno_r4_wifi/libFrameworkArduino.a(cortex_handlers.c.o)
                              .pio/build/uno_r4_wifi/libFrameworkArduino.a(main.cpp.o) (Stacktrace_Handler)
/home/mkhuthir/.platformio/packages/framework-arduinorenesas-uno/variants/UNOWIFIR4/libs/libfsp.a(r_spi.o)
                              .pio/build/uno_r4_wifi/libFrameworkArduino.a(IRQManager.cpp.o) (spi_rxi_isr)
/home/mkhuthir/.platformio/packages/framework-arduinorenesas-uno/variants/UNOWIFIR4/libs/libfsp.a(r_sci_uart.o)
                              .pio/build/uno_r4_wifi/libFrameworkArduino.a(Serial.cpp.o) (R_SCI_UART_Write)
/home/mkhuthir/.platformio/packages/framework-arduinorenesas-uno/variants/UNOWIFIR4/libs/libfsp.a(r_sci_spi.o)
                              .pio/build/uno_r4_wifi/libFrameworkArduino.a(IRQManager.cpp.o) (sci_spi_txi_isr)
/home/mkhuthir/.platformio/packages/framework-arduinorenesas-uno/variants/UNOWIFIR4/libs/libfsp.a(r_sci_i2c.o)
                              .pio/build/uno_r4_wifi/libFrameworkArduino.a(IRQManager.cpp.o) (sci_i2c_rxi_isr)
/home/mkhuthir/.platformio/packages/framework-arduinorenesas-uno/variants/UNOWIFIR4/libs/libfsp.a(r_rtc.o)
                              .pio/build/uno_r4_wifi/libFrameworkArduino.a(IRQManager.cpp.o) (rtc_alarm_periodic_isr)
/home/mkhuthir/.platformio/packages/framework-arduinorenesas-uno/variants/UNOWIFIR4/libs/libfsp.a(r_ioport.o)
                              .pio/build/uno_r4_wifi/libFrameworkArduino.a(digital.cpp.o) (R_IOPORT_PinRead)
/home/mkhuthir/.platformio/packages/framework-arduinorenesas-uno/variants/UNOWIFIR4/libs/libfsp.a(r_iic_slave.o)
                              .pio/build/uno_r4_wifi/libFrameworkArduino.a(IRQManager.cpp.o) (iic_slave_rxi_isr)
/home/mkhuthir/.platformio/packages/framework-arduinorenesas-uno/variants/UNOWIFIR4/libs/libfsp.a(r_iic_master.o)
                              .pio/build/uno_r4_wifi/libFrameworkArduino.a(IRQManager.cpp.o) (iic_master_rxi_isr)
/home/mkhuthir/.platformio/packages/framework-arduinorenesas-uno/variants/UNOWIFIR4/libs/libfsp.a(r_icu.o)
[...]
Memory Configuration

Name             Origin             Length             Attributes
FLASH            0x0000000000004000 0x000000000003c000 xr
RAM              0x0000000020000000 0x0000000000008000 xrw
DATA_FLASH       0x0000000040100000 0x0000000000002000 xr
OPTION_SETTING   0x0000000000000000 0x0000000000000000 r
OPTION_SETTING_S 0x0000000000000000 0x0000000000000000 r
ID_CODE          0x0000000001010018 0x0000000000000020 xr
*default*        0x0000000000000000 0xffffffffffffffff

Linker script and memory map

LOAD .pio/build/uno_r4_wifi/src/blink.cpp.o
START GROUP
LOAD .pio/build/uno_r4_wifi/libFrameworkArduinoVariant.a
LOAD .pio/build/uno_r4_wifi/libFrameworkArduino.a
LOAD /home/mkhuthir/.platformio/packages/framework-arduinorenesas-uno/variants/UNOWIFIR4/libs/libfsp.a
LOAD /home/mkhuthir/.platformio/packages/toolchain-gccarmnoneeabi/bin/../lib/gcc/arm-none-eabi/10.3.1/../../../../arm-none-eabi/lib/thumb/v7e-m+fp/hard/libstdc++_nano.a
LOAD /home/mkhuthir/.platformio/packages/toolchain-gccarmnoneeabi/bin/../lib/gcc/arm-none-eabi/10.3.1/../../../../arm-none-eabi/lib/thumb/v7e-m+fp/hard/libsupc++_nano.a
LOAD /home/mkhuthir/.platformio/packages/toolchain-gccarmnoneeabi/bin/../lib/gcc/arm-none-eabi/10.3.1/../../../../arm-none-eabi/lib/thumb/v7e-m+fp/hard/libm.a
LOAD /home/mkhuthir/.platformio/packages/toolchain-gccarmnoneeabi/bin/../lib/gcc/arm-none-eabi/10.3.1/../../../../arm-none-eabi/lib/thumb/v7e-m+fp/hard/libc_nano.a
LOAD /home/mkhuthir/.platformio/packages/toolchain-gccarmnoneeabi/bin/../lib/gcc/arm-none-eabi/10.3.1/thumb/v7e-m+fp/hard/libgcc.a
LOAD /home/mkhuthir/.platformio/packages/toolchain-gccarmnoneeabi/bin/../lib/gcc/arm-none-eabi/10.3.1/../../../../arm-none-eabi/lib/thumb/v7e-m+fp/hard/libnosys.a
END GROUP
                0x0000000020000000                RAM_START = 0x20000000
                0x0000000000008000                RAM_LENGTH = 0x8000
                0x0000000000000000                FLASH_START = 0x0
                0x0000000000040000                FLASH_LENGTH = 0x40000
                0x0000000040100000                DATA_FLASH_START = 0x40100000
                0x0000000000002000                DATA_FLASH_LENGTH = 0x2000
                0x0000000000000000                OPTION_SETTING_START = 0x0
                0x0000000000000000                OPTION_SETTING_LENGTH = 0x0
                0x0000000000000000                OPTION_SETTING_S_START = 0x0
                0x0000000000000000                OPTION_SETTING_S_LENGTH = 0x0
                0x0000000001010018                ID_CODE_START = 0x1010018
                0x0000000000000020                ID_CODE_LENGTH = 0x20
                0x0000000090000000                SDRAM_START = 0x90000000
                0x0000000000000000                SDRAM_LENGTH = 0x0
                0x0000000060000000                QSPI_FLASH_START = 0x60000000
                0x0000000000000000                QSPI_FLASH_LENGTH = 0x0
                0x0000000068000000                OSPI_DEVICE_0_START = 0x68000000
                0x0000000000000000                OSPI_DEVICE_0_LENGTH = 0x0
                0x0000000070000000                OSPI_DEVICE_1_START = 0x70000000
                0x0000000000000000                OSPI_DEVICE_1_LENGTH = 0x0
                0x0000000000004000                FLASH_IMAGE_START = 0x4000
                0x0000000000000100                VECTOR_TABLE_LENGTH = 0x100
                0x0000000000000400                BSP_CFG_STACK_MAIN_BYTES = 0x400
START GROUP
LOAD /home/mkhuthir/.platformio/packages/toolchain-gccarmnoneeabi/bin/../lib/gcc/arm-none-eabi/10.3.1/thumb/v7e-m+fp/hard/libgcc.a
LOAD /home/mkhuthir/.platformio/packages/toolchain-gccarmnoneeabi/bin/../lib/gcc/arm-none-eabi/10.3.1/../../../../arm-none-eabi/lib/thumb/v7e-m+fp/hard/libc.a
LOAD /home/mkhuthir/.platformio/packages/toolchain-gccarmnoneeabi/bin/../lib/gcc/arm-none-eabi/10.3.1/../../../../arm-none-eabi/lib/thumb/v7e-m+fp/hard/libm.a
LOAD /home/mkhuthir/.platformio/packages/toolchain-gccarmnoneeabi/bin/../lib/gcc/arm-none-eabi/10.3.1/../../../../arm-none-eabi/lib/thumb/v7e-m+fp/hard/libnosys.a
END GROUP

.text           0x0000000000004000     0x83b8
                0x0000000000000000                __tz_FLASH_S = ABSOLUTE (FLASH_START)
                0x0000000000004000                __ROM_Start = .
 *(.sketch_boot)
                0x0000000000004000                . = ALIGN (0x800)
 *(.fixed_vectors*)
 .fixed_vectors
                0x0000000000004000       0x40 /home/mkhuthir/.platformio/packages/framework-arduinorenesas-uno/variants/UNOWIFIR4/libs/libfsp.a(startup.o)
                0x0000000000004000                __Vectors
 *(.application_vectors*)
 .application_vectors
                0x0000000000004040       0x80 .pio/build/uno_r4_wifi/libFrameworkArduino.a(vector_table.c.o)
                0x0000000000004040                g_vector_table
                0x00000000000040c0                __Vectors_End = .
 *(.text*)
 .text.setup    0x00000000000040c0        0x8 .pio/build/uno_r4_wifi/src/blink.cpp.o
                0x00000000000040c0                setup
 .text.loop     0x00000000000040c8       0x26 .pio/build/uno_r4_wifi/src/blink.cpp.o
                0x00000000000040c8                loop
 *fill*         0x00000000000040ee        0x2 ff
 .text.pinMode  0x00000000000040f0       0x30 .pio/build/uno_r4_wifi/libFrameworkArduino.a(digital.cpp.o)
                0x00000000000040f0                pinMode
 .text.digitalWrite
                0x0000000000004120       0x18 .pio/build/uno_r4_wifi/libFrameworkArduino.a(digital.cpp.o)
                0x0000000000004120                digitalWrite
 .text._ZL21timer_micros_callbackP22st_timer_callback_args
                0x0000000000004138       0x10 .pio/build/uno_r4_wifi/libFrameworkArduino.a(time.cpp.o)
 .text.delay    0x0000000000004148        0x8 .pio/build/uno_r4_wifi/libFrameworkArduino.a(time.cpp.o)
                0x0000000000004148                delay
 .text.delayMicroseconds
                0x0000000000004150        0x6 .pio/build/uno_r4_wifi/libFrameworkArduino.a(time.cpp.o)
                0x0000000000004150                delayMicroseconds
 *fill*         0x0000000000004156        0x2 ff
 .text._Z8startAgtv
                0x0000000000004158       0x6c .pio/build/uno_r4_wifi/libFrameworkArduino.a(time.cpp.o)
                0x0000000000004158                startAgt()
 .text.startup._GLOBAL__sub_I_delayMicroseconds
                0x00000000000041c4        0xc .pio/build/uno_r4_wifi/libFrameworkArduino.a(time.cpp.o)
 .text.exit._GLOBAL__sub_D_delayMicroseconds
                0x00000000000041d0        0xc .pio/build/uno_r4_wifi/libFrameworkArduino.a(time.cpp.o)
 .text._ZN8FspTimerC2Ev
                0x00000000000041dc       0x12 .pio/build/uno_r4_wifi/libFrameworkArduino.a(FspTimer.cpp.o)
                0x00000000000041dc                FspTimer::FspTimer()
                0x00000000000041dc                FspTimer::FspTimer()
 *fill*         0x00000000000041ee        0x2 ff
 .text._ZN8FspTimer5beginE12e_timer_modehhmm18e_timer_source_divPFvP22st_timer_callback_argsEPv
                0x00000000000041f0      0x13c .pio/build/uno_r4_wifi/libFrameworkArduino.a(FspTimer.cpp.o)
                0x00000000000041f0                FspTimer::begin(e_timer_mode, unsigned char, unsigned char, unsigned long, unsigned long, e_timer_source_div, void (*)(st_timer_callback_args*), void*)
 .text._ZN8FspTimer4openEv
                0x000000000000432c       0x52 .pio/build/uno_r4_wifi/libFrameworkArduino.a(FspTimer.cpp.o)
                0x000000000000432c                FspTimer::open()
 .text._ZN8FspTimer5startEv
                0x000000000000437e       0x2e .pio/build/uno_r4_wifi/libFrameworkArduino.a(FspTimer.cpp.o)
                0x000000000000437e                FspTimer::start()
 .text._ZN8FspTimer5closeEv
                0x00000000000043ac       0x2e .pio/build/uno_r4_wifi/libFrameworkArduino.a(FspTimer.cpp.o)
                0x00000000000043ac                FspTimer::close()
 *fill*         0x00000000000043da        0x2 ff
 .text._ZN8FspTimer3endEv
                0x00000000000043dc       0x48 .pio/build/uno_r4_wifi/libFrameworkArduino.a(FspTimer.cpp.o)
                0x00000000000043dc                FspTimer::end()
 .text._ZN8FspTimerD2Ev
                0x0000000000004424        0xc .pio/build/uno_r4_wifi/libFrameworkArduino.a(FspTimer.cpp.o)
                0x0000000000004424                FspTimer::~FspTimer()
                0x0000000000004424                FspTimer::~FspTimer()
 .text._ZN8FspTimer15get_cfg_for_irqEv
                0x0000000000004430       0x14 .pio/build/uno_r4_wifi/libFrameworkArduino.a(FspTimer.cpp.o)
                0x0000000000004430                FspTimer::get_cfg_for_irq()
 .text._ZN8FspTimer9is_openedEv
                0x0000000000004444       0x18 .pio/build/uno_r4_wifi/libFrameworkArduino.a(FspTimer.cpp.o)
                0x0000000000004444                FspTimer::is_opened()
 .text._ZN8FspTimer18setup_overflow_irqEhPFvvE
                0x000000000000445c       0x4e .pio/build/uno_r4_wifi/libFrameworkArduino.a(FspTimer.cpp.o)
                0x000000000000445c                FspTimer::setup_overflow_irq(unsigned char, void (*)())
 *fill*         0x00000000000044aa        0x2 ff
 .text.R_BSP_IrqCfg
                0x00000000000044ac       0x1c .pio/build/uno_r4_wifi/libFrameworkArduino.a(IRQManager.cpp.o)
 .text.R_BSP_IrqEnable
                0x00000000000044c8       0x34 .pio/build/uno_r4_wifi/libFrameworkArduino.a(IRQManager.cpp.o)
 .text.R_BSP_IrqDisable
                0x00000000000044fc       0x24 .pio/build/uno_r4_wifi/libFrameworkArduino.a(IRQManager.cpp.o)
 .text.__tcf_0  0x0000000000004520        0x2 .pio/build/uno_r4_wifi/libFrameworkArduino.a(IRQManager.cpp.o)
 *fill*         0x0000000000004522        0x2 ff
 .text.__NVIC_SetPriority.constprop.0
                0x0000000000004524       0x24 .pio/build/uno_r4_wifi/libFrameworkArduino.a(IRQManager.cpp.o)
 .text._ZN10IRQManager11getInstanceEv
                0x0000000000004548       0x38 .pio/build/uno_r4_wifi/libFrameworkArduino.a(IRQManager.cpp.o)
                0x0000000000004548                IRQManager::getInstance()
 .text._ZN10IRQManager18set_ext_link_eventEii
                0x0000000000004580       0xc8 .pio/build/uno_r4_wifi/libFrameworkArduino.a(IRQManager.cpp.o)
                0x0000000000004580                IRQManager::set_ext_link_event(int, int)
 .text._ZN10IRQManager23set_gpt_over_link_eventEii
                0x0000000000004648       0x70 .pio/build/uno_r4_wifi/libFrameworkArduino.a(IRQManager.cpp.o)
                0x0000000000004648                IRQManager::set_gpt_over_link_event(int, int)
 .text._ZN10IRQManager18set_agt_link_eventEii
                0x00000000000046b8       0x28 .pio/build/uno_r4_wifi/libFrameworkArduino.a(IRQManager.cpp.o)
                0x00000000000046b8                IRQManager::set_agt_link_event(int, int)
 .text._ZN10IRQManager16addTimerOverflowER5timerPFvvE
                0x00000000000046e0       0x7c .pio/build/uno_r4_wifi/libFrameworkArduino.a(IRQManager.cpp.o)
                0x00000000000046e0                IRQManager::addTimerOverflow(timer&, void (*)())
 .text._ZN10IRQManager21set_iic_tx_link_eventEii
                0x000000000000475c       0x20 .pio/build/uno_r4_wifi/libFrameworkArduino.a(IRQManager.cpp.o)
                0x000000000000475c                IRQManager::set_iic_tx_link_event(int, int)
 .text._ZN10IRQManager21set_iic_rx_link_eventEii
                0x000000000000477c       0x20 .pio/build/uno_r4_wifi/libFrameworkArduino.a(IRQManager.cpp.o)
                0x000000000000477c                IRQManager::set_iic_rx_link_event(int, int)
 .text._ZN10IRQManager22set_iic_tei_link_eventEii
                0x000000000000479c       0x20 .pio/build/uno_r4_wifi/libFrameworkArduino.a(IRQManager.cpp.o)
                0x000000000000479c                IRQManager::set_iic_tei_link_event(int, int)
 .text._ZN10IRQManager22set_iic_eri_link_eventEii
                0x00000000000047bc       0x20 .pio/build/uno_r4_wifi/libFrameworkArduino.a(IRQManager.cpp.o)
                0x00000000000047bc                IRQManager::set_iic_eri_link_event(int, int)
 .text._ZN10IRQManager21set_sci_tx_link_eventEii
                0x00000000000047dc       0x38 .pio/build/uno_r4_wifi/libFrameworkArduino.a(IRQManager.cpp.o)
                0x00000000000047dc                IRQManager::set_sci_tx_link_event(int, int)
 .text._ZN10IRQManager21set_sci_rx_link_eventEii
                0x0000000000004814       0x38 .pio/build/uno_r4_wifi/libFrameworkArduino.a(IRQManager.cpp.o)
                0x0000000000004814                IRQManager::set_sci_rx_link_event(int, int)
 .text._ZN10IRQManager22set_sci_tei_link_eventEii
                0x000000000000484c       0x38 .pio/build/uno_r4_wifi/libFrameworkArduino.a(IRQManager.cpp.o)
                0x000000000000484c                IRQManager::set_sci_tei_link_event(int, int)
 .text._ZN10IRQManager22set_sci_eri_link_eventEii
                0x0000000000004884       0x38 .pio/build/uno_r4_wifi/libFrameworkArduino.a(IRQManager.cpp.o)
                0x0000000000004884                IRQManager::set_sci_eri_link_event(int, int)
 .text._ZN10IRQManager21set_spi_tx_link_eventEii
                0x00000000000048bc       0x20 .pio/build/uno_r4_wifi/libFrameworkArduino.a(IRQManager.cpp.o)
                0x00000000000048bc                IRQManager::set_spi_tx_link_event(int, int)
 .text._ZN10IRQManager21set_spi_rx_link_eventEii
                0x00000000000048dc       0x20 .pio/build/uno_r4_wifi/libFrameworkArduino.a(IRQManager.cpp.o)
                0x00000000000048dc                IRQManager::set_spi_rx_link_event(int, int)
 .text._ZN10IRQManager22set_spi_tei_link_eventEii
                0x00000000000048fc       0x20 .pio/build/uno_r4_wifi/libFrameworkArduino.a(IRQManager.cpp.o)
                0x00000000000048fc                IRQManager::set_spi_tei_link_event(int, int)
 .text._ZN10IRQManager22set_spi_eri_link_eventEii
                0x000000000000491c       0x20 .pio/build/uno_r4_wifi/libFrameworkArduino.a(IRQManager.cpp.o)
                0x000000000000491c                IRQManager::set_spi_eri_link_event(int, int)
 .text._ZN10IRQManager13addPeripheralE12Peripheral_tPv
                0x000000000000493c      0x7a8 .pio/build/uno_r4_wifi/libFrameworkArduino.a(IRQManager.cpp.o)
                0x000000000000493c                IRQManager::addPeripheral(Peripheral_t, void*)
 .text._ZL13readAllGroupAP13ADC_Container
                0x00000000000050e4       0x30 .pio/build/uno_r4_wifi/libFrameworkArduino.a(analog.cpp.o)
 .text._ZL11ADC_irq_cbkP20st_adc_callback_args
                0x0000000000005114       0x58 .pio/build/uno_r4_wifi/libFrameworkArduino.a(analog.cpp.o)
 .text._ZL10adcConvertP13ADC_Containert
                0x000000000000516c       0xa0 .pio/build/uno_r4_wifi/libFrameworkArduino.a(analog.cpp.o)
 .text._ZL21get_ADC_container_ptrlRt.constprop.0
                0x000000000000520c       0x38 .pio/build/uno_r4_wifi/libFrameworkArduino.a(analog.cpp.o)
 .text._ZN13ADC_ContainerC2EhPFvP20st_adc_callback_argsEPv
                0x0000000000005244       0x40 .pio/build/uno_r4_wifi/libFrameworkArduino.a(analog.cpp.o)
                0x0000000000005244                ADC_Container::ADC_Container(unsigned char, void (*)(st_adc_callback_args*), void*)
                0x0000000000005244                ADC_Container::ADC_Container(unsigned char, void (*)(st_adc_callback_args*), void*)
 .text._ZN13ADC_ContainerD2Ev
                0x0000000000005284       0x12 .pio/build/uno_r4_wifi/libFrameworkArduino.a(analog.cpp.o)
                0x0000000000005284                ADC_Container::~ADC_Container()
                0x0000000000005284                ADC_Container::~ADC_Container()
 *fill*         0x0000000000005296        0x2 ff
 .text.analogRead
                0x0000000000005298       0x40 .pio/build/uno_r4_wifi/libFrameworkArduino.a(analog.cpp.o)
                0x0000000000005298                analogRead
 .text.analogReference
                0x00000000000052d8       0x5c .pio/build/uno_r4_wifi/libFrameworkArduino.a(analog.cpp.o)
                0x00000000000052d8                analogReference
 *fill*         0x0000000000005334        0x4 ff
 .text._Z15analogReferencev
                0x0000000000005338      0x104 .pio/build/uno_r4_wifi/libFrameworkArduino.a(analog.cpp.o)
                0x0000000000005338                analogReference()
 .text._Z23__get_timer_for_channeli
                0x000000000000543c       0x2c .pio/build/uno_r4_wifi/libFrameworkArduino.a(analog.cpp.o)
                0x000000000000543c                __get_timer_for_channel(int)
 .text.startup._GLOBAL__sub_I__ZN13ADC_ContainerC2EhPFvP20st_adc_callback_argsEPv
                0x0000000000005468       0x48 .pio/build/uno_r4_wifi/libFrameworkArduino.a(analog.cpp.o)
 .text.exit._GLOBAL__sub_D__ZN13ADC_ContainerC2EhPFvP20st_adc_callback_argsEPv
                0x00000000000054b0       0x1c .pio/build/uno_r4_wifi/libFrameworkArduino.a(analog.cpp.o)
 .text._Z3maplllll
                0x00000000000054cc       0x14 .pio/build/uno_r4_wifi/libFrameworkArduino.a(Common.cpp.o)
                0x00000000000054cc                map(long, long, long, long, long)
 .text._ZN4CDacC2Eh
                0x00000000000054e0       0x68 .pio/build/uno_r4_wifi/libFrameworkArduino.a(dac.cpp.o)
                0x00000000000054e0                CDac::CDac(unsigned char)
                0x00000000000054e0                CDac::CDac(unsigned char)
 .text.startup._GLOBAL__sub_I__ZN4CDacC2Eh
                0x0000000000005548        0xc .pio/build/uno_r4_wifi/libFrameworkArduino.a(dac.cpp.o)
 .text.R_BSP_PinAccessEnable
                0x0000000000005554       0x2c .pio/build/uno_r4_wifi/libFrameworkArduino.a(main.cpp.o)
 .text._Z12arduino_mainv
                0x0000000000005580       0x90 .pio/build/uno_r4_wifi/libFrameworkArduino.a(main.cpp.o)
                0x0000000000005580                arduino_main()
 .text._write   0x0000000000005610        0xc .pio/build/uno_r4_wifi/libFrameworkArduino.a(main.cpp.o)
                0x0000000000005610                _write
 .text.hal_entry
                0x000000000000561c        0x6 .pio/build/uno_r4_wifi/libFrameworkArduino.a(main.cpp.o)
                0x000000000000561c                hal_entry
 .text.atexit   0x0000000000005622        0x4 .pio/build/uno_r4_wifi/libFrameworkArduino.a(main.cpp.o)
                0x0000000000005622                atexit
 *fill*         0x0000000000005626        0x2 ff
 .text._Z13pinPeripheral19e_bsp_io_port_pin_tm
                0x0000000000005628       0x10 .pio/build/uno_r4_wifi/libFrameworkArduino.a(pinDefinitions.cpp.o)
                0x0000000000005628                pinPeripheral(e_bsp_io_port_pin_t, unsigned long)
 .text._Z10getPinCfgsh11PinCfgReq_t
                0x0000000000005638       0xe0 .pio/build/uno_r4_wifi/libFrameworkArduino.a(variant_helper.cpp.o)
                0x0000000000005638                getPinCfgs(unsigned char, PinCfgReq_t)
 .text._ZN7arduino5Print17availableForWriteEv
                0x0000000000005718        0x4 .pio/build/uno_r4_wifi/libFrameworkArduino.a(Serial.cpp.o)
                0x0000000000005718                arduino::Print::availableForWrite()
 .text._ZN4UARTcvbEv
                0x000000000000571c        0x4 .pio/build/uno_r4_wifi/libFrameworkArduino.a(Serial.cpp.o)
                0x000000000000571c                UART::operator bool()
 .text._ZN4UART5beginEm
                0x0000000000005720        0xa .pio/build/uno_r4_wifi/libFrameworkArduino.a(Serial.cpp.o)
                0x0000000000005720                UART::begin(unsigned long)
 .text._ZN4UART4peekEv
                0x000000000000572a       0x18 .pio/build/uno_r4_wifi/libFrameworkArduino.a(Serial.cpp.o)
                0x000000000000572a                UART::peek()
 .text._ZN4UART5writeEh
                0x0000000000005742       0x30 .pio/build/uno_r4_wifi/libFrameworkArduino.a(Serial.cpp.o)
                0x0000000000005742                UART::write(unsigned char)
 .text._ZN4UART3endEv
                0x0000000000005772       0x22 .pio/build/uno_r4_wifi/libFrameworkArduino.a(Serial.cpp.o)
                0x0000000000005772                UART::end()
 .text._ZN7__GuardD2Ev
                0x0000000000005794        0xc .pio/build/uno_r4_wifi/libFrameworkArduino.a(Serial.cpp.o)
                0x0000000000005794                __Guard::~__Guard()
                0x0000000000005794                __Guard::~__Guard()
 .text._ZN4UART15WrapperCallbackEP20st_uart_callback_arg
                0x00000000000057a0       0x88 .pio/build/uno_r4_wifi/libFrameworkArduino.a(Serial.cpp.o)
                0x00000000000057a0                UART::WrapperCallback(st_uart_callback_arg*)
 .text._ZN4UART4readEv
                0x0000000000005828       0x5c .pio/build/uno_r4_wifi/libFrameworkArduino.a(Serial.cpp.o)
                0x0000000000005828                UART::read()
 .text._ZN4UARTC2Eiiii
                0x0000000000005884       0x70 .pio/build/uno_r4_wifi/libFrameworkArduino.a(Serial.cpp.o)
                0x0000000000005884                UART::UART(int, int, int, int)
                0x0000000000005884                UART::UART(int, int, int, int)
 .text._ZN4UART13setUpUartIrqsER11st_uart_cfg
                0x00000000000058f4       0x16 .pio/build/uno_r4_wifi/libFrameworkArduino.a(Serial.cpp.o)
                0x00000000000058f4                UART::setUpUartIrqs(st_uart_cfg&)
 *fill*         0x000000000000590a        0x2 ff
 .text._ZN4UART8cfg_pinsEi
                0x000000000000590c       0xf0 .pio/build/uno_r4_wifi/libFrameworkArduino.a(Serial.cpp.o)
                0x000000000000590c                UART::cfg_pins(int)
 .text._ZN4UART5beginEmt
                0x00000000000059fc      0x194 .pio/build/uno_r4_wifi/libFrameworkArduino.a(Serial.cpp.o)
                0x00000000000059fc                UART::begin(unsigned long, unsigned short)
 .text._ZN4UART9write_rawEPhj
                0x0000000000005b90       0x1e .pio/build/uno_r4_wifi/libFrameworkArduino.a(Serial.cpp.o)
                0x0000000000005b90                UART::write_raw(unsigned char*, unsigned int)
 .text._ZN7arduino15SafeRingBufferNILi512EE9availableEv
                0x0000000000005bae       0x32 .pio/build/uno_r4_wifi/libFrameworkArduino.a(Serial.cpp.o)
                0x0000000000005bae                arduino::SafeRingBufferN<512>::available()
 .text._ZN4UART9availableEv
                0x0000000000005be0        0xa .pio/build/uno_r4_wifi/libFrameworkArduino.a(Serial.cpp.o)
                0x0000000000005be0                UART::available()
 .text._ZN4UART5flushEv
                0x0000000000005bea       0x12 .pio/build/uno_r4_wifi/libFrameworkArduino.a(Serial.cpp.o)
                0x0000000000005bea                UART::flush()
 .text.startup._GLOBAL__sub_I__UART1_
                0x0000000000005bfc       0x1c .pio/build/uno_r4_wifi/libFrameworkArduino.a(SerialObj1.cpp.o)
 .text._ZN7arduino5Print5writeEPKhj
                0x0000000000005c18       0x2a .pio/build/uno_r4_wifi/libFrameworkArduino.a(Print.cpp.o)
                0x0000000000005c18                arduino::Print::write(unsigned char const*, unsigned int)
 *fill*         0x0000000000005c42        0x2 ff
 .text.dump_stack
                0x0000000000005c44       0x7c .pio/build/uno_r4_wifi/libFrameworkArduino.a(cm_backtrace.c.o)
 .text.cm_backtrace_init
                0x0000000000005cc0       0x74 .pio/build/uno_r4_wifi/libFrameworkArduino.a(cm_backtrace.c.o)
                0x0000000000005cc0                cm_backtrace_init
 .text.cm_backtrace_firmware_info
                0x0000000000005d34       0x2c .pio/build/uno_r4_wifi/libFrameworkArduino.a(cm_backtrace.c.o)
                0x0000000000005d34                cm_backtrace_firmware_info
 .text.cm_backtrace_call_stack
                0x0000000000005d60       0xec .pio/build/uno_r4_wifi/libFrameworkArduino.a(cm_backtrace.c.o)
                0x0000000000005d60                cm_backtrace_call_stack
 .text.print_call_stack
                0x0000000000005e4c       0x94 .pio/build/uno_r4_wifi/libFrameworkArduino.a(cm_backtrace.c.o)
 .text.cm_backtrace_fault
                0x0000000000005ee0      0x45c .pio/build/uno_r4_wifi/libFrameworkArduino.a(cm_backtrace.c.o)
                0x0000000000005ee0                cm_backtrace_fault
 .text.Stacktrace_Handler
                0x000000000000633c        0xa .pio/build/uno_r4_wifi/libFrameworkArduino.a(cortex_handlers.c.o)
                0x000000000000633c                Stacktrace_Handler
 *fill*         0x0000000000006346        0x2 ff
 .text.r_spi_call_callback
                0x0000000000006348       0x40 /home/mkhuthir/.platformio/packages/framework-arduinorenesas-uno/variants/UNOWIFIR4/libs/libfsp.a(r_spi.o)
 .text.spi_rxi_isr
                0x0000000000006388       0x8c /home/mkhuthir/.platformio/packages/framework-arduinorenesas-uno/variants/UNOWIFIR4/libs/libfsp.a(r_spi.o)
                0x0000000000006388                spi_rxi_isr
 .text.spi_txi_isr
                0x0000000000006414       0xbc /home/mkhuthir/.platformio/packages/framework-arduinorenesas-uno/variants/UNOWIFIR4/libs/libfsp.a(r_spi.o)
                0x0000000000006414                spi_txi_isr
 .text.spi_tei_isr
                0x00000000000064d0       0xd8 /home/mkhuthir/.platformio/packages/framework-arduinorenesas-uno/variants/UNOWIFIR4/libs/libfsp.a(r_spi.o)
                0x00000000000064d0                spi_tei_isr
 .text.spi_eri_isr
                0x00000000000065a8       0xdc /home/mkhuthir/.platformio/packages/framework-arduinorenesas-uno/variants/UNOWIFIR4/libs/libfsp.a(r_spi.o)
                0x00000000000065a8                spi_eri_isr
 .text.R_SCI_UART_Write
                0x0000000000006684       0x7c /home/mkhuthir/.platformio/packages/framework-arduinorenesas-uno/variants/UNOWIFIR4/libs/libfsp.a(r_sci_uart.o)
                0x0000000000006684                R_SCI_UART_Write
 .text.R_SCI_UART_BaudSet
                0x0000000000006700       0x40 /home/mkhuthir/.platformio/packages/framework-arduinorenesas-uno/variants/UNOWIFIR4/libs/libfsp.a(r_sci_uart.o)
                0x0000000000006700                R_SCI_UART_BaudSet
 .text.r_sci_uart_call_callback
                0x0000000000006740       0x44 /home/mkhuthir/.platformio/packages/framework-arduinorenesas-uno/variants/UNOWIFIR4/libs/libfsp.a(r_sci_uart.o)
 .text.R_SCI_UART_Close
                0x0000000000006784       0xd0 /home/mkhuthir/.platformio/packages/framework-arduinorenesas-uno/variants/UNOWIFIR4/libs/libfsp.a(r_sci_uart.o)
                0x0000000000006784                R_SCI_UART_Close
 .text.R_SCI_UART_Open
                0x0000000000006854      0x488 /home/mkhuthir/.platformio/packages/framework-arduinorenesas-uno/variants/UNOWIFIR4/libs/libfsp.a(r_sci_uart.o)
                0x0000000000006854                R_SCI_UART_Open
 .text.R_SCI_UART_BaudCalculate
                0x0000000000006cdc      0x1ac /home/mkhuthir/.platformio/packages/framework-arduinorenesas-uno/variants/UNOWIFIR4/libs/libfsp.a(r_sci_uart.o)
                0x0000000000006cdc                R_SCI_UART_BaudCalculate
 .text.sci_uart_txi_isr
                0x0000000000006e88       0xe0 /home/mkhuthir/.platformio/packages/framework-arduinorenesas-uno/variants/UNOWIFIR4/libs/libfsp.a(r_sci_uart.o)
                0x0000000000006e88                sci_uart_txi_isr
 .text.sci_uart_rxi_isr
                0x0000000000006f68      0x17c /home/mkhuthir/.platformio/packages/framework-arduinorenesas-uno/variants/UNOWIFIR4/libs/libfsp.a(r_sci_uart.o)
                0x0000000000006f68                sci_uart_rxi_isr
 .text.sci_uart_tei_isr
                0x00000000000070e4       0x40 /home/mkhuthir/.platformio/packages/framework-arduinorenesas-uno/variants/UNOWIFIR4/libs/libfsp.a(r_sci_uart.o)
                0x00000000000070e4                sci_uart_tei_isr
 .text.sci_uart_eri_isr
                0x0000000000007124       0x6c /home/mkhuthir/.platformio/packages/framework-arduinorenesas-uno/variants/UNOWIFIR4/libs/libfsp.a(r_sci_uart.o)
                0x0000000000007124                sci_uart_eri_isr
 .text.r_sci_spi_call_callback
                0x0000000000007190       0x40 /home/mkhuthir/.platformio/packages/framework-arduinorenesas-uno/variants/UNOWIFIR4/libs/libfsp.a(r_sci_spi.o)
 .text.sci_spi_txi_isr
                0x00000000000071d0       0x68 /home/mkhuthir/.platformio/packages/framework-arduinorenesas-uno/variants/UNOWIFIR4/libs/libfsp.a(r_sci_spi.o)
                0x00000000000071d0                sci_spi_txi_isr
 .text.sci_spi_rxi_isr
                0x0000000000007238       0x74 /home/mkhuthir/.platformio/packages/framework-arduinorenesas-uno/variants/UNOWIFIR4/libs/libfsp.a(r_sci_spi.o)
                0x0000000000007238                sci_spi_rxi_isr
 .text.sci_spi_tei_isr
                0x00000000000072ac       0x3c /home/mkhuthir/.platformio/packages/framework-arduinorenesas-uno/variants/UNOWIFIR4/libs/libfsp.a(r_sci_spi.o)
                0x00000000000072ac                sci_spi_tei_isr
 .text.sci_spi_eri_isr
                0x00000000000072e8       0x40 /home/mkhuthir/.platformio/packages/framework-arduinorenesas-uno/variants/UNOWIFIR4/libs/libfsp.a(r_sci_spi.o)
                0x00000000000072e8                sci_spi_eri_isr
 .text.sci_i2c_enable_transfer_support_tx
                0x0000000000007328       0x34 /home/mkhuthir/.platformio/packages/framework-arduinorenesas-uno/variants/UNOWIFIR4/libs/libfsp.a(r_sci_i2c.o)
 .text.sci_i2c_notify
                0x000000000000735c       0x60 /home/mkhuthir/.platformio/packages/framework-arduinorenesas-uno/variants/UNOWIFIR4/libs/libfsp.a(r_sci_i2c.o)
                0x000000000000735c                sci_i2c_notify
 .text.sci_i2c_rxi_isr
                0x00000000000073bc       0x20 /home/mkhuthir/.platformio/packages/framework-arduinorenesas-uno/variants/UNOWIFIR4/libs/libfsp.a(r_sci_i2c.o)
                0x00000000000073bc                sci_i2c_rxi_isr
 .text.sci_i2c_txi_isr
                0x00000000000073dc      0x1a0 /home/mkhuthir/.platformio/packages/framework-arduinorenesas-uno/variants/UNOWIFIR4/libs/libfsp.a(r_sci_i2c.o)
                0x00000000000073dc                sci_i2c_txi_isr
 .text.sci_i2c_tei_isr
                0x000000000000757c       0xf0 /home/mkhuthir/.platformio/packages/framework-arduinorenesas-uno/variants/UNOWIFIR4/libs/libfsp.a(r_sci_i2c.o)
                0x000000000000757c                sci_i2c_tei_isr
 .text.rtc_alarm_periodic_isr
                0x000000000000766c       0x68 /home/mkhuthir/.platformio/packages/framework-arduinorenesas-uno/variants/UNOWIFIR4/libs/libfsp.a(r_rtc.o)
                0x000000000000766c                rtc_alarm_periodic_isr
 .text.rtc_carry_isr
                0x00000000000076d4       0x2c /home/mkhuthir/.platformio/packages/framework-arduinorenesas-uno/variants/UNOWIFIR4/libs/libfsp.a(r_rtc.o)
                0x00000000000076d4                rtc_carry_isr
 .text.R_IOPORT_PinWrite
                0x0000000000007700       0x28 /home/mkhuthir/.platformio/packages/framework-arduinorenesas-uno/variants/UNOWIFIR4/libs/libfsp.a(r_ioport.o)
                0x0000000000007700                R_IOPORT_PinWrite
 .text.bsp_vbatt_init.isra.0
                0x0000000000007728       0x8c /home/mkhuthir/.platformio/packages/framework-arduinorenesas-uno/variants/UNOWIFIR4/libs/libfsp.a(r_ioport.o)
 .text.R_IOPORT_PinCfg
                0x00000000000077b4       0xa8 /home/mkhuthir/.platformio/packages/framework-arduinorenesas-uno/variants/UNOWIFIR4/libs/libfsp.a(r_ioport.o)
                0x00000000000077b4                R_IOPORT_PinCfg
 .text.r_iic_slave_call_callback
                0x000000000000785c       0x3c /home/mkhuthir/.platformio/packages/framework-arduinorenesas-uno/variants/UNOWIFIR4/libs/libfsp.a(r_iic_slave.o)
 .text.iic_slave_initiate_transaction
                0x0000000000007898       0x70 /home/mkhuthir/.platformio/packages/framework-arduinorenesas-uno/variants/UNOWIFIR4/libs/libfsp.a(r_iic_slave.o)
 .text.iic_slave_notify
                0x0000000000007908       0x40 /home/mkhuthir/.platformio/packages/framework-arduinorenesas-uno/variants/UNOWIFIR4/libs/libfsp.a(r_iic_slave.o)
 .text.iic_slave_rxi_isr
                0x0000000000007948      0x120 /home/mkhuthir/.platformio/packages/framework-arduinorenesas-uno/variants/UNOWIFIR4/libs/libfsp.a(r_iic_slave.o)
                0x0000000000007948                iic_slave_rxi_isr
 .text.iic_slave_txi_isr
                0x0000000000007a68       0xa4 /home/mkhuthir/.platformio/packages/framework-arduinorenesas-uno/variants/UNOWIFIR4/libs/libfsp.a(r_iic_slave.o)
                0x0000000000007a68                iic_slave_txi_isr
 .text.iic_slave_tei_isr
                0x0000000000007b0c       0x94 /home/mkhuthir/.platformio/packages/framework-arduinorenesas-uno/variants/UNOWIFIR4/libs/libfsp.a(r_iic_slave.o)
                0x0000000000007b0c                iic_slave_tei_isr
 .text.iic_slave_eri_isr
                0x0000000000007ba0       0x9c /home/mkhuthir/.platformio/packages/framework-arduinorenesas-uno/variants/UNOWIFIR4/libs/libfsp.a(r_iic_slave.o)
                0x0000000000007ba0                iic_slave_eri_isr
 .text.iic_master_notify
                0x0000000000007c3c       0x40 /home/mkhuthir/.platformio/packages/framework-arduinorenesas-uno/variants/UNOWIFIR4/libs/libfsp.a(r_iic_master.o)
 .text.iic_master_open_hw_master.isra.0
                0x0000000000007c7c      0x190 /home/mkhuthir/.platformio/packages/framework-arduinorenesas-uno/variants/UNOWIFIR4/libs/libfsp.a(r_iic_master.o)
 .text.iic_master_abort_seq_master
                0x0000000000007e0c       0x64 /home/mkhuthir/.platformio/packages/framework-arduinorenesas-uno/variants/UNOWIFIR4/libs/libfsp.a(r_iic_master.o)
 .text.iic_master_rxi_isr
                0x0000000000007e70      0x138 /home/mkhuthir/.platformio/packages/framework-arduinorenesas-uno/variants/UNOWIFIR4/libs/libfsp.a(r_iic_master.o)
                0x0000000000007e70                iic_master_rxi_isr
 .text.iic_master_txi_isr
                0x0000000000007fa8       0xec /home/mkhuthir/.platformio/packages/framework-arduinorenesas-uno/variants/UNOWIFIR4/libs/libfsp.a(r_iic_master.o)
                0x0000000000007fa8                iic_master_txi_isr
 .text.iic_master_tei_isr
                0x0000000000008094       0xc0 /home/mkhuthir/.platformio/packages/framework-arduinorenesas-uno/variants/UNOWIFIR4/libs/libfsp.a(r_iic_master.o)
                0x0000000000008094                iic_master_tei_isr
 .text.iic_master_eri_isr
                0x0000000000008154       0xe4 /home/mkhuthir/.platformio/packages/framework-arduinorenesas-uno/variants/UNOWIFIR4/libs/libfsp.a(r_iic_master.o)
                0x0000000000008154                iic_master_eri_isr
 .text.r_icu_isr
                0x0000000000008238       0x6c /home/mkhuthir/.platformio/packages/framework-arduinorenesas-uno/variants/UNOWIFIR4/libs/libfsp.a(r_icu.o)
                0x0000000000008238                r_icu_isr
 .text.R_GPT_Start
                0x00000000000082a4        0xc /home/mkhuthir/.platformio/packages/framework-arduinorenesas-uno/variants/UNOWIFIR4/libs/libfsp.a(r_gpt.o)
                0x00000000000082a4                R_GPT_Start
 .text.R_GPT_Enable
                0x00000000000082b0       0x30 /home/mkhuthir/.platformio/packages/framework-arduinorenesas-uno/variants/UNOWIFIR4/libs/libfsp.a(r_gpt.o)
                0x00000000000082b0                R_GPT_Enable
 .text.r_gpt_enable_irq
                0x00000000000082e0       0x58 /home/mkhuthir/.platformio/packages/framework-arduinorenesas-uno/variants/UNOWIFIR4/libs/libfsp.a(r_gpt.o)
 .text.r_gpt_call_callback
                0x0000000000008338       0x3c /home/mkhuthir/.platformio/packages/framework-arduinorenesas-uno/variants/UNOWIFIR4/libs/libfsp.a(r_gpt.o)
 .text.r_gpt_disable_irq.part.3
                0x0000000000008374       0x34 /home/mkhuthir/.platformio/packages/framework-arduinorenesas-uno/variants/UNOWIFIR4/libs/libfsp.a(r_gpt.o)
 .text.R_GPT_Close
                0x00000000000083a8       0x4c /home/mkhuthir/.platformio/packages/framework-arduinorenesas-uno/variants/UNOWIFIR4/libs/libfsp.a(r_gpt.o)
                0x00000000000083a8                R_GPT_Close
 .text.gpt_calculate_duty_cycle.isra.4
                0x00000000000083f4       0x6c /home/mkhuthir/.platformio/packages/framework-arduinorenesas-uno/variants/UNOWIFIR4/libs/libfsp.a(r_gpt.o)
 .text.R_GPT_Open
                0x0000000000008460      0x26c /home/mkhuthir/.platformio/packages/framework-arduinorenesas-uno/variants/UNOWIFIR4/libs/libfsp.a(r_gpt.o)
                0x0000000000008460                R_GPT_Open
 .text.gpt_counter_overflow_isr
                0x00000000000086cc       0x74 /home/mkhuthir/.platformio/packages/framework-arduinorenesas-uno/variants/UNOWIFIR4/libs/libfsp.a(r_gpt.o)
                0x00000000000086cc                gpt_counter_overflow_isr
 .text.R_DAC_Open
                0x0000000000008740       0x80 /home/mkhuthir/.platformio/packages/framework-arduinorenesas-uno/variants/UNOWIFIR4/libs/libfsp.a(r_dac.o)
                0x0000000000008740                R_DAC_Open
 .text.R_DAC_Write
                0x00000000000087c0        0xc /home/mkhuthir/.platformio/packages/framework-arduinorenesas-uno/variants/UNOWIFIR4/libs/libfsp.a(r_dac.o)
                0x00000000000087c0                R_DAC_Write
 .text.R_DAC_Start
                0x00000000000087cc       0x30 /home/mkhuthir/.platformio/packages/framework-arduinorenesas-uno/variants/UNOWIFIR4/libs/libfsp.a(r_dac.o)
                0x00000000000087cc                R_DAC_Start
 .text.R_DAC_Stop
                0x00000000000087fc       0x34 /home/mkhuthir/.platformio/packages/framework-arduinorenesas-uno/variants/UNOWIFIR4/libs/libfsp.a(r_dac.o)
                0x00000000000087fc                R_DAC_Stop
 .text.R_DAC_Close
                0x0000000000008830       0x48 /home/mkhuthir/.platformio/packages/framework-arduinorenesas-uno/variants/UNOWIFIR4/libs/libfsp.a(r_dac.o)
                0x0000000000008830                R_DAC_Close
 .text.r_can_call_callback.isra.3
                0x0000000000008878       0x5c /home/mkhuthir/.platformio/packages/framework-arduinorenesas-uno/variants/UNOWIFIR4/libs/libfsp.a(r_can.o)
 .text.can_error_isr
                0x00000000000088d4       0xd4 /home/mkhuthir/.platformio/packages/framework-arduinorenesas-uno/variants/UNOWIFIR4/libs/libfsp.a(r_can.o)
                0x00000000000088d4                can_error_isr
 .text.can_rx_isr
                0x00000000000089a8      0x11c /home/mkhuthir/.platformio/packages/framework-arduinorenesas-uno/variants/UNOWIFIR4/libs/libfsp.a(r_can.o)
                0x00000000000089a8                can_rx_isr
 .text.can_tx_isr
                0x0000000000008ac4       0xa4 /home/mkhuthir/.platformio/packages/framework-arduinorenesas-uno/variants/UNOWIFIR4/libs/libfsp.a(r_can.o)
                0x0000000000008ac4                can_tx_isr
 .text.R_AGT_Open
                0x0000000000008b68      0x120 /home/mkhuthir/.platformio/packages/framework-arduinorenesas-uno/variants/UNOWIFIR4/libs/libfsp.a(r_agt.o)
                0x0000000000008b68                R_AGT_Open
 .text.R_AGT_Start
                0x0000000000008c88       0x44 /home/mkhuthir/.platformio/packages/framework-arduinorenesas-uno/variants/UNOWIFIR4/libs/libfsp.a(r_agt.o)
                0x0000000000008c88                R_AGT_Start
 .text.R_AGT_Enable
                0x0000000000008ccc       0x14 /home/mkhuthir/.platformio/packages/framework-arduinorenesas-uno/variants/UNOWIFIR4/libs/libfsp.a(r_agt.o)
                0x0000000000008ccc                R_AGT_Enable
 .text.R_AGT_Close
                0x0000000000008ce0       0x68 /home/mkhuthir/.platformio/packages/framework-arduinorenesas-uno/variants/UNOWIFIR4/libs/libfsp.a(r_agt.o)
                0x0000000000008ce0                R_AGT_Close
 .text.agt_int_isr
                0x0000000000008d48       0x88 /home/mkhuthir/.platformio/packages/framework-arduinorenesas-uno/variants/UNOWIFIR4/libs/libfsp.a(r_agt.o)
                0x0000000000008d48                agt_int_isr
 .text.R_ADC_ScanStart
                0x0000000000008dd0        0xc /home/mkhuthir/.platformio/packages/framework-arduinorenesas-uno/variants/UNOWIFIR4/libs/libfsp.a(r_adc.o)
                0x0000000000008dd0                R_ADC_ScanStart
 .text.R_ADC_StatusGet
                0x0000000000008ddc       0x10 /home/mkhuthir/.platformio/packages/framework-arduinorenesas-uno/variants/UNOWIFIR4/libs/libfsp.a(r_adc.o)
                0x0000000000008ddc                R_ADC_StatusGet
 .text.R_ADC_Read
                0x0000000000008dec       0x10 /home/mkhuthir/.platformio/packages/framework-arduinorenesas-uno/variants/UNOWIFIR4/libs/libfsp.a(r_adc.o)
                0x0000000000008dec                R_ADC_Read
 .text.R_ADC_ScanCfg
                0x0000000000008dfc      0x190 /home/mkhuthir/.platformio/packages/framework-arduinorenesas-uno/variants/UNOWIFIR4/libs/libfsp.a(r_adc.o)
                0x0000000000008dfc                R_ADC_ScanCfg
 .text.r_adc_irq_enable.part.1
                0x0000000000008f8c       0x54 /home/mkhuthir/.platformio/packages/framework-arduinorenesas-uno/variants/UNOWIFIR4/libs/libfsp.a(r_adc.o)
 .text.r_adc_irq_disable.part.2
                0x0000000000008fe0       0x34 /home/mkhuthir/.platformio/packages/framework-arduinorenesas-uno/variants/UNOWIFIR4/libs/libfsp.a(r_adc.o)
 .text.R_ADC_Close
                0x0000000000009014       0x70 /home/mkhuthir/.platformio/packages/framework-arduinorenesas-uno/variants/UNOWIFIR4/libs/libfsp.a(r_adc.o)
                0x0000000000009014                R_ADC_Close
 .text.R_ADC_Open
                0x0000000000009084      0x13c /home/mkhuthir/.platformio/packages/framework-arduinorenesas-uno/variants/UNOWIFIR4/libs/libfsp.a(r_adc.o)
                0x0000000000009084                R_ADC_Open
 .text.bsp_prv_software_delay_loop
                0x00000000000091c0        0xc /home/mkhuthir/.platformio/packages/framework-arduinorenesas-uno/variants/UNOWIFIR4/libs/libfsp.a(bsp_delay.o)
                0x00000000000091c0                bsp_prv_software_delay_loop
 .text.R_BSP_SoftwareDelay
                0x00000000000091cc       0x5c /home/mkhuthir/.platformio/packages/framework-arduinorenesas-uno/variants/UNOWIFIR4/libs/libfsp.a(bsp_delay.o)
                0x00000000000091cc                R_BSP_SoftwareDelay
 .text.bsp_irq_cfg
                0x0000000000009228       0x28 /home/mkhuthir/.platformio/packages/framework-arduinorenesas-uno/variants/UNOWIFIR4/libs/libfsp.a(bsp_irq.o)
                0x0000000000009228                bsp_irq_cfg
 .text.R_BSP_RegisterProtectEnable
                0x0000000000009250       0x60 /home/mkhuthir/.platformio/packages/framework-arduinorenesas-uno/variants/UNOWIFIR4/libs/libfsp.a(bsp_register_protection.o)
                0x0000000000009250                R_BSP_RegisterProtectEnable
 .text.R_BSP_RegisterProtectDisable
                0x00000000000092b0       0x4c /home/mkhuthir/.platformio/packages/framework-arduinorenesas-uno/variants/UNOWIFIR4/libs/libfsp.a(bsp_register_protection.o)
                0x00000000000092b0                R_BSP_RegisterProtectDisable
 .text.Default_Handler
                0x00000000000092fc        0x4 /home/mkhuthir/.platformio/packages/framework-arduinorenesas-uno/variants/UNOWIFIR4/libs/libfsp.a(startup.o)
                0x00000000000092fc                DebugMon_Handler
                0x00000000000092fc                HardFault_Handler
                0x00000000000092fc                SysTick_Handler
                0x00000000000092fc                PendSV_Handler
                0x00000000000092fc                UsageFault_Handler
                0x00000000000092fc                SecureFault_Handler
                0x00000000000092fc                Default_Handler
                0x00000000000092fc                MemManage_Handler
                0x00000000000092fc                SVC_Handler
                0x00000000000092fc                BusFault_Handler
 .text.Reset_Handler
                0x0000000000009300        0xc /home/mkhuthir/.platformio/packages/framework-arduinorenesas-uno/variants/UNOWIFIR4/libs/libfsp.a(startup.o)
                0x0000000000009300                Reset_Handler
 .text.R_BSP_WarmStart
                0x000000000000930c        0x4 /home/mkhuthir/.platformio/packages/framework-arduinorenesas-uno/variants/UNOWIFIR4/libs/libfsp.a(system.o)
                0x000000000000930c                R_BSP_WarmStart
 .text.SystemInit
                0x0000000000009310      0x150 /home/mkhuthir/.platformio/packages/framework-arduinorenesas-uno/variants/UNOWIFIR4/libs/libfsp.a(system.o)
                0x0000000000009310                SystemInit
 .text.bsp_prv_operating_mode_opccr_set.part.0
                0x0000000000009460       0x38 /home/mkhuthir/.platformio/packages/framework-arduinorenesas-uno/variants/UNOWIFIR4/libs/libfsp.a(bsp_clocks.o)
 .text.SystemCoreClockUpdate
                0x0000000000009498       0x28 /home/mkhuthir/.platformio/packages/framework-arduinorenesas-uno/variants/UNOWIFIR4/libs/libfsp.a(bsp_clocks.o)
                0x0000000000009498                SystemCoreClockUpdate
 .text.bsp_clock_init
                0x00000000000094c0       0xfc /home/mkhuthir/.platformio/packages/framework-arduinorenesas-uno/variants/UNOWIFIR4/libs/libfsp.a(bsp_clocks.o)
                0x00000000000094c0                bsp_clock_init
 .text.bsp_init_internal
                0x00000000000095bc        0x4 /home/mkhuthir/.platformio/packages/framework-arduinorenesas-uno/variants/UNOWIFIR4/libs/libfsp.a(bsp_common.o)
                0x00000000000095bc                bsp_init
                0x00000000000095bc                bsp_init_internal
 .text.NMI_Handler
                0x00000000000095c0       0x38 /home/mkhuthir/.platformio/packages/framework-arduinorenesas-uno/variants/UNOWIFIR4/libs/libfsp.a(bsp_group_irq.o)
                0x00000000000095c0                NMI_Handler
 .text._ZdlPvj  0x00000000000095f8        0x4 /home/mkhuthir/.platformio/packages/toolchain-gccarmnoneeabi/bin/../lib/gcc/arm-none-eabi/10.3.1/../../../../arm-none-eabi/lib/thumb/v7e-m+fp/hard/libstdc++_nano.a(del_ops.o)
                0x00000000000095f8                operator delete(void*, unsigned int)
 .text.__cxa_guard_acquire
                0x00000000000095fc       0x18 /home/mkhuthir/.platformio/packages/toolchain-gccarmnoneeabi/bin/../lib/gcc/arm-none-eabi/10.3.1/../../../../arm-none-eabi/lib/thumb/v7e-m+fp/hard/libstdc++_nano.a(guard.o)
                0x00000000000095fc                __cxa_guard_acquire
 .text.__cxa_guard_release
                0x0000000000009614        0x6 /home/mkhuthir/.platformio/packages/toolchain-gccarmnoneeabi/bin/../lib/gcc/arm-none-eabi/10.3.1/../../../../arm-none-eabi/lib/thumb/v7e-m+fp/hard/libstdc++_nano.a(guard.o)
                0x0000000000009614                __cxa_guard_release
 .text._Znwj    0x000000000000961a       0x22 /home/mkhuthir/.platformio/packages/toolchain-gccarmnoneeabi/bin/../lib/gcc/arm-none-eabi/10.3.1/../../../../arm-none-eabi/lib/thumb/v7e-m+fp/hard/libstdc++_nano.a(new_op.o)
                0x000000000000961a                operator new(unsigned int)
 .text._ZdlPv   0x000000000000963c        0x4 /home/mkhuthir/.platformio/packages/toolchain-gccarmnoneeabi/bin/../lib/gcc/arm-none-eabi/10.3.1/../../../../arm-none-eabi/lib/thumb/v7e-m+fp/hard/libstdc++_nano.a(del_op.o)
                0x000000000000963c                operator delete(void*)
 .text._ZSt15get_new_handlerv
                0x0000000000009640       0x10 /home/mkhuthir/.platformio/packages/toolchain-gccarmnoneeabi/bin/../lib/gcc/arm-none-eabi/10.3.1/../../../../arm-none-eabi/lib/thumb/v7e-m+fp/hard/libstdc++_nano.a(new_handler.o)
                0x0000000000009640                std::get_new_handler()
 .text.abort    0x0000000000009650        0xe /home/mkhuthir/.platformio/packages/toolchain-gccarmnoneeabi/bin/../lib/gcc/arm-none-eabi/10.3.1/../../../../arm-none-eabi/lib/thumb/v7e-m+fp/hard/libc_nano.a(lib_a-abort.o)
                0x0000000000009650                abort
 *fill*         0x000000000000965e        0x2 ff
 .text.malloc   0x0000000000009660       0x10 /home/mkhuthir/.platformio/packages/toolchain-gccarmnoneeabi/bin/../lib/gcc/arm-none-eabi/10.3.1/../../../../arm-none-eabi/lib/thumb/v7e-m+fp/hard/libc_nano.a(lib_a-malloc.o)
                0x0000000000009660                malloc
 .text.free     0x0000000000009670       0x10 /home/mkhuthir/.platformio/packages/toolchain-gccarmnoneeabi/bin/../lib/gcc/arm-none-eabi/10.3.1/../../../../arm-none-eabi/lib/thumb/v7e-m+fp/hard/libc_nano.a(lib_a-malloc.o)
                0x0000000000009670                free
 .text.memcpy   0x0000000000009680       0x1c /home/mkhuthir/.platformio/packages/toolchain-gccarmnoneeabi/bin/../lib/gcc/arm-none-eabi/10.3.1/../../../../arm-none-eabi/lib/thumb/v7e-m+fp/hard/libc_nano.a(lib_a-memcpy-stub.o)
                0x0000000000009680                memcpy
 .text.memset   0x000000000000969c       0x10 /home/mkhuthir/.platformio/packages/toolchain-gccarmnoneeabi/bin/../lib/gcc/arm-none-eabi/10.3.1/../../../../arm-none-eabi/lib/thumb/v7e-m+fp/hard/libc_nano.a(lib_a-memset.o)
                0x000000000000969c                memset
 .text._free_r  0x00000000000096ac       0x98 /home/mkhuthir/.platformio/packages/toolchain-gccarmnoneeabi/bin/../lib/gcc/arm-none-eabi/10.3.1/../../../../arm-none-eabi/lib/thumb/v7e-m+fp/hard/libc_nano.a(lib_a-nano-freer.o)
                0x00000000000096ac                _free_r
 .text.sbrk_aligned
                0x0000000000009744       0x40 /home/mkhuthir/.platformio/packages/toolchain-gccarmnoneeabi/bin/../lib/gcc/arm-none-eabi/10.3.1/../../../../arm-none-eabi/lib/thumb/v7e-m+fp/hard/libc_nano.a(lib_a-nano-mallocr.o)
 .text._malloc_r
                0x0000000000009784       0xe8 /home/mkhuthir/.platformio/packages/toolchain-gccarmnoneeabi/bin/../lib/gcc/arm-none-eabi/10.3.1/../../../../arm-none-eabi/lib/thumb/v7e-m+fp/hard/libc_nano.a(lib_a-nano-mallocr.o)
                0x0000000000009784                _malloc_r
 .text.printf   0x000000000000986c       0x30 /home/mkhuthir/.platformio/packages/toolchain-gccarmnoneeabi/bin/../lib/gcc/arm-none-eabi/10.3.1/../../../../arm-none-eabi/lib/thumb/v7e-m+fp/hard/libc_nano.a(lib_a-printf.o)
                0x000000000000986c                printf
                0x000000000000986c                iprintf
 .text._sbrk_r  0x000000000000989c       0x20 /home/mkhuthir/.platformio/packages/toolchain-gccarmnoneeabi/bin/../lib/gcc/arm-none-eabi/10.3.1/../../../../arm-none-eabi/lib/thumb/v7e-m+fp/hard/libc_nano.a(lib_a-sbrkr.o)
                0x000000000000989c                _sbrk_r
 .text._raise_r
                0x00000000000098bc       0x50 /home/mkhuthir/.platformio/packages/toolchain-gccarmnoneeabi/bin/../lib/gcc/arm-none-eabi/10.3.1/../../../../arm-none-eabi/lib/thumb/v7e-m+fp/hard/libc_nano.a(lib_a-signal.o)
                0x00000000000098bc                _raise_r
 .text.raise    0x000000000000990c       0x10 /home/mkhuthir/.platformio/packages/toolchain-gccarmnoneeabi/bin/../lib/gcc/arm-none-eabi/10.3.1/../../../../arm-none-eabi/lib/thumb/v7e-m+fp/hard/libc_nano.a(lib_a-signal.o)
                0x000000000000990c                raise
 .text._kill_r  0x000000000000991c       0x24 /home/mkhuthir/.platformio/packages/toolchain-gccarmnoneeabi/bin/../lib/gcc/arm-none-eabi/10.3.1/../../../../arm-none-eabi/lib/thumb/v7e-m+fp/hard/libc_nano.a(lib_a-signalr.o)
                0x000000000000991c                _kill_r
 .text._getpid_r
                0x0000000000009940        0x4 /home/mkhuthir/.platformio/packages/toolchain-gccarmnoneeabi/bin/../lib/gcc/arm-none-eabi/10.3.1/../../../../arm-none-eabi/lib/thumb/v7e-m+fp/hard/libc_nano.a(lib_a-signalr.o)
                0x0000000000009940                _getpid_r
 .text.sprintf  0x0000000000009944       0x40 /home/mkhuthir/.platformio/packages/toolchain-gccarmnoneeabi/bin/../lib/gcc/arm-none-eabi/10.3.1/../../../../arm-none-eabi/lib/thumb/v7e-m+fp/hard/libc_nano.a(lib_a-sprintf.o)
                0x0000000000009944                sprintf
                0x0000000000009944                siprintf
 .text.std      0x0000000000009984       0x48 /home/mkhuthir/.platformio/packages/toolchain-gccarmnoneeabi/bin/../lib/gcc/arm-none-eabi/10.3.1/../../../../arm-none-eabi/lib/thumb/v7e-m+fp/hard/libc_nano.a(lib_a-findfp.o)
 .text._cleanup_r
                0x00000000000099cc        0xc /home/mkhuthir/.platformio/packages/toolchain-gccarmnoneeabi/bin/../lib/gcc/arm-none-eabi/10.3.1/../../../../arm-none-eabi/lib/thumb/v7e-m+fp/hard/libc_nano.a(lib_a-findfp.o)
                0x00000000000099cc                _cleanup_r
 .text.__sfmoreglue
                0x00000000000099d8       0x2c /home/mkhuthir/.platformio/packages/toolchain-gccarmnoneeabi/bin/../lib/gcc/arm-none-eabi/10.3.1/../../../../arm-none-eabi/lib/thumb/v7e-m+fp/hard/libc_nano.a(lib_a-findfp.o)
                0x00000000000099d8                __sfmoreglue
 .text.__sfp_lock_acquire
                0x0000000000009a04        0xc /home/mkhuthir/.platformio/packages/toolchain-gccarmnoneeabi/bin/../lib/gcc/arm-none-eabi/10.3.1/../../../../arm-none-eabi/lib/thumb/v7e-m+fp/hard/libc_nano.a(lib_a-findfp.o)
                0x0000000000009a04                __sfp_lock_acquire
 .text.__sfp_lock_release
                0x0000000000009a10        0xc /home/mkhuthir/.platformio/packages/toolchain-gccarmnoneeabi/bin/../lib/gcc/arm-none-eabi/10.3.1/../../../../arm-none-eabi/lib/thumb/v7e-m+fp/hard/libc_nano.a(lib_a-findfp.o)
                0x0000000000009a10                __sfp_lock_release
 .text.__sinit_lock_acquire
                0x0000000000009a1c        0xc /home/mkhuthir/.platformio/packages/toolchain-gccarmnoneeabi/bin/../lib/gcc/arm-none-eabi/10.3.1/../../../../arm-none-eabi/lib/thumb/v7e-m+fp/hard/libc_nano.a(lib_a-findfp.o)
                0x0000000000009a1c                __sinit_lock_acquire
 .text.__sinit_lock_release
                0x0000000000009a28        0xc /home/mkhuthir/.platformio/packages/toolchain-gccarmnoneeabi/bin/../lib/gcc/arm-none-eabi/10.3.1/../../../../arm-none-eabi/lib/thumb/v7e-m+fp/hard/libc_nano.a(lib_a-findfp.o)
                0x0000000000009a28                __sinit_lock_release
 .text.__sinit  0x0000000000009a34       0x70 /home/mkhuthir/.platformio/packages/toolchain-gccarmnoneeabi/bin/../lib/gcc/arm-none-eabi/10.3.1/../../../../arm-none-eabi/lib/thumb/v7e-m+fp/hard/libc_nano.a(lib_a-findfp.o)
                0x0000000000009a34                __sinit
 .text.__sfp    0x0000000000009aa4       0x8c /home/mkhuthir/.platformio/packages/toolchain-gccarmnoneeabi/bin/../lib/gcc/arm-none-eabi/10.3.1/../../../../arm-none-eabi/lib/thumb/v7e-m+fp/hard/libc_nano.a(lib_a-findfp.o)
                0x0000000000009aa4                __sfp
 .text._fwalk_reent
                0x0000000000009b30       0x3e /home/mkhuthir/.platformio/packages/toolchain-gccarmnoneeabi/bin/../lib/gcc/arm-none-eabi/10.3.1/../../../../arm-none-eabi/lib/thumb/v7e-m+fp/hard/libc_nano.a(lib_a-fwalk.o)
                0x0000000000009b30                _fwalk_reent
 .text.__retarget_lock_init_recursive
                0x0000000000009b6e        0x2 /home/mkhuthir/.platformio/packages/toolchain-gccarmnoneeabi/bin/../lib/gcc/arm-none-eabi/10.3.1/../../../../arm-none-eabi/lib/thumb/v7e-m+fp/hard/libc_nano.a(lib_a-lock.o)
                0x0000000000009b6e                __retarget_lock_init_recursive
 .text.__retarget_lock_acquire_recursive
                0x0000000000009b70        0x2 /home/mkhuthir/.platformio/packages/toolchain-gccarmnoneeabi/bin/../lib/gcc/arm-none-eabi/10.3.1/../../../../arm-none-eabi/lib/thumb/v7e-m+fp/hard/libc_nano.a(lib_a-lock.o)
                0x0000000000009b70                __retarget_lock_acquire_recursive
 .text.__retarget_lock_release_recursive
                0x0000000000009b72        0x2 /home/mkhuthir/.platformio/packages/toolchain-gccarmnoneeabi/bin/../lib/gcc/arm-none-eabi/10.3.1/../../../../arm-none-eabi/lib/thumb/v7e-m+fp/hard/libc_nano.a(lib_a-lock.o)
                0x0000000000009b72                __retarget_lock_release_recursive
 .text.__malloc_lock
                0x0000000000009b74        0xc /home/mkhuthir/.platformio/packages/toolchain-gccarmnoneeabi/bin/../lib/gcc/arm-none-eabi/10.3.1/../../../../arm-none-eabi/lib/thumb/v7e-m+fp/hard/libc_nano.a(lib_a-mlock.o)
                0x0000000000009b74                __malloc_lock
 .text.__malloc_unlock
                0x0000000000009b80        0xc /home/mkhuthir/.platformio/packages/toolchain-gccarmnoneeabi/bin/../lib/gcc/arm-none-eabi/10.3.1/../../../../arm-none-eabi/lib/thumb/v7e-m+fp/hard/libc_nano.a(lib_a-mlock.o)
                0x0000000000009b80                __malloc_unlock
 .text.__ssputs_r
                0x0000000000009b8c       0xb6 /home/mkhuthir/.platformio/packages/toolchain-gccarmnoneeabi/bin/../lib/gcc/arm-none-eabi/10.3.1/../../../../arm-none-eabi/lib/thumb/v7e-m+fp/hard/libc_nano.a(lib_a-nano-svfprintf.o)
                0x0000000000009b8c                __ssputs_r
 *fill*         0x0000000000009c42        0x2 ff
 .text._svfprintf_r
                0x0000000000009c44      0x200 /home/mkhuthir/.platformio/packages/toolchain-gccarmnoneeabi/bin/../lib/gcc/arm-none-eabi/10.3.1/../../../../arm-none-eabi/lib/thumb/v7e-m+fp/hard/libc_nano.a(lib_a-nano-svfprintf.o)
                0x0000000000009c44                _svfprintf_r
                0x0000000000009c44                _svfiprintf_r
 .text._printf_common
                0x0000000000009e44       0xda /home/mkhuthir/.platformio/packages/toolchain-gccarmnoneeabi/bin/../lib/gcc/arm-none-eabi/10.3.1/../../../../arm-none-eabi/lib/thumb/v7e-m+fp/hard/libc_nano.a(lib_a-nano-vfprintf_i.o)
                0x0000000000009e44                _printf_common
 *fill*         0x0000000000009f1e        0x2 ff
 .text._printf_i
                0x0000000000009f20      0x24c /home/mkhuthir/.platformio/packages/toolchain-gccarmnoneeabi/bin/../lib/gcc/arm-none-eabi/10.3.1/../../../../arm-none-eabi/lib/thumb/v7e-m+fp/hard/libc_nano.a(lib_a-nano-vfprintf_i.o)
                0x0000000000009f20                _printf_i
 .text.__sfputc_r
                0x000000000000a16c       0x2e /home/mkhuthir/.platformio/packages/toolchain-gccarmnoneeabi/bin/../lib/gcc/arm-none-eabi/10.3.1/../../../../arm-none-eabi/lib/thumb/v7e-m+fp/hard/libc_nano.a(lib_a-nano-vfprintf.o)
 .text.__sfputs_r
                0x000000000000a19a       0x24 /home/mkhuthir/.platformio/packages/toolchain-gccarmnoneeabi/bin/../lib/gcc/arm-none-eabi/10.3.1/../../../../arm-none-eabi/lib/thumb/v7e-m+fp/hard/libc_nano.a(lib_a-nano-vfprintf.o)
                0x000000000000a19a                __sfputs_r
 *fill*         0x000000000000a1be        0x2 ff
 .text._vfprintf_r
                0x000000000000a1c0      0x260 /home/mkhuthir/.platformio/packages/toolchain-gccarmnoneeabi/bin/../lib/gcc/arm-none-eabi/10.3.1/../../../../arm-none-eabi/lib/thumb/v7e-m+fp/hard/libc_nano.a(lib_a-nano-vfprintf.o)
                0x000000000000a1c0                _vfiprintf_r
                0x000000000000a1c0                _vfprintf_r
 .text.__sread  0x000000000000a420       0x22 /home/mkhuthir/.platformio/packages/toolchain-gccarmnoneeabi/bin/../lib/gcc/arm-none-eabi/10.3.1/../../../../arm-none-eabi/lib/thumb/v7e-m+fp/hard/libc_nano.a(lib_a-stdio.o)
                0x000000000000a420                __sread
 .text.__swrite
                0x000000000000a442       0x38 /home/mkhuthir/.platformio/packages/toolchain-gccarmnoneeabi/bin/../lib/gcc/arm-none-eabi/10.3.1/../../../../arm-none-eabi/lib/thumb/v7e-m+fp/hard/libc_nano.a(lib_a-stdio.o)
                0x000000000000a442                __swrite
 .text.__sseek  0x000000000000a47a       0x24 /home/mkhuthir/.platformio/packages/toolchain-gccarmnoneeabi/bin/../lib/gcc/arm-none-eabi/10.3.1/../../../../arm-none-eabi/lib/thumb/v7e-m+fp/hard/libc_nano.a(lib_a-stdio.o)
                0x000000000000a47a                __sseek
 .text.__sclose
                0x000000000000a49e        0x8 /home/mkhuthir/.platformio/packages/toolchain-gccarmnoneeabi/bin/../lib/gcc/arm-none-eabi/10.3.1/../../../../arm-none-eabi/lib/thumb/v7e-m+fp/hard/libc_nano.a(lib_a-stdio.o)
                0x000000000000a49e                __sclose
 *fill*         0x000000000000a4a6        0x2 ff
 .text.__swbuf_r
                0x000000000000a4a8       0xa4 /home/mkhuthir/.platformio/packages/toolchain-gccarmnoneeabi/bin/../lib/gcc/arm-none-eabi/10.3.1/../../../../arm-none-eabi/lib/thumb/v7e-m+fp/hard/libc_nano.a(lib_a-wbuf.o)
                0x000000000000a4a8                __swbuf_r
 .text._write_r
                0x000000000000a54c       0x24 /home/mkhuthir/.platformio/packages/toolchain-gccarmnoneeabi/bin/../lib/gcc/arm-none-eabi/10.3.1/../../../../arm-none-eabi/lib/thumb/v7e-m+fp/hard/libc_nano.a(lib_a-writer.o)
                0x000000000000a54c                _write_r
 .text.__swsetup_r
                0x000000000000a570       0xdc /home/mkhuthir/.platformio/packages/toolchain-gccarmnoneeabi/bin/../lib/gcc/arm-none-eabi/10.3.1/../../../../arm-none-eabi/lib/thumb/v7e-m+fp/hard/libc_nano.a(lib_a-wsetup.o)
                0x000000000000a570                __swsetup_r
 .text._close_r
                0x000000000000a64c       0x20 /home/mkhuthir/.platformio/packages/toolchain-gccarmnoneeabi/bin/../lib/gcc/arm-none-eabi/10.3.1/../../../../arm-none-eabi/lib/thumb/v7e-m+fp/hard/libc_nano.a(lib_a-closer.o)
                0x000000000000a64c                _close_r
 .text.__sflush_r
                0x000000000000a66c      0x10c /home/mkhuthir/.platformio/packages/toolchain-gccarmnoneeabi/bin/../lib/gcc/arm-none-eabi/10.3.1/../../../../arm-none-eabi/lib/thumb/v7e-m+fp/hard/libc_nano.a(lib_a-fflush.o)
                0x000000000000a66c                __sflush_r
 .text._fflush_r
                0x000000000000a778       0x78 /home/mkhuthir/.platformio/packages/toolchain-gccarmnoneeabi/bin/../lib/gcc/arm-none-eabi/10.3.1/../../../../arm-none-eabi/lib/thumb/v7e-m+fp/hard/libc_nano.a(lib_a-fflush.o)
                0x000000000000a778                _fflush_r
 .text._lseek_r
                0x000000000000a7f0       0x24 /home/mkhuthir/.platformio/packages/toolchain-gccarmnoneeabi/bin/../lib/gcc/arm-none-eabi/10.3.1/../../../../arm-none-eabi/lib/thumb/v7e-m+fp/hard/libc_nano.a(lib_a-lseekr.o)
                0x000000000000a7f0                _lseek_r
 .text.__swhatbuf_r
                0x000000000000a814       0x4a /home/mkhuthir/.platformio/packages/toolchain-gccarmnoneeabi/bin/../lib/gcc/arm-none-eabi/10.3.1/../../../../arm-none-eabi/lib/thumb/v7e-m+fp/hard/libc_nano.a(lib_a-makebuf.o)
                0x000000000000a814                __swhatbuf_r
 *fill*         0x000000000000a85e        0x2 ff
 .text.__smakebuf_r
                0x000000000000a860       0x80 /home/mkhuthir/.platformio/packages/toolchain-gccarmnoneeabi/bin/../lib/gcc/arm-none-eabi/10.3.1/../../../../arm-none-eabi/lib/thumb/v7e-m+fp/hard/libc_nano.a(lib_a-makebuf.o)
                0x000000000000a860                __smakebuf_r
 .text          0x000000000000a8e0       0xa0 /home/mkhuthir/.platformio/packages/toolchain-gccarmnoneeabi/bin/../lib/gcc/arm-none-eabi/10.3.1/../../../../arm-none-eabi/lib/thumb/v7e-m+fp/hard/libc_nano.a(lib_a-memchr.o)
                0x000000000000a8e0                memchr
 .text.memmove  0x000000000000a980       0x34 /home/mkhuthir/.platformio/packages/toolchain-gccarmnoneeabi/bin/../lib/gcc/arm-none-eabi/10.3.1/../../../../arm-none-eabi/lib/thumb/v7e-m+fp/hard/libc_nano.a(lib_a-memmove.o)
                0x000000000000a980                memmove
 .text._realloc_r
                0x000000000000a9b4       0x5e /home/mkhuthir/.platformio/packages/toolchain-gccarmnoneeabi/bin/../lib/gcc/arm-none-eabi/10.3.1/../../../../arm-none-eabi/lib/thumb/v7e-m+fp/hard/libc_nano.a(lib_a-nano-reallocr.o)
                0x000000000000a9b4                _realloc_r
 *fill*         0x000000000000aa12        0x2 ff
 .text._read_r  0x000000000000aa14       0x24 /home/mkhuthir/.platformio/packages/toolchain-gccarmnoneeabi/bin/../lib/gcc/arm-none-eabi/10.3.1/../../../../arm-none-eabi/lib/thumb/v7e-m+fp/hard/libc_nano.a(lib_a-readr.o)
                0x000000000000aa14                _read_r
 .text._fstat_r
                0x000000000000aa38       0x24 /home/mkhuthir/.platformio/packages/toolchain-gccarmnoneeabi/bin/../lib/gcc/arm-none-eabi/10.3.1/../../../../arm-none-eabi/lib/thumb/v7e-m+fp/hard/libc_nano.a(lib_a-fstatr.o)
                0x000000000000aa38                _fstat_r
 .text._isatty_r
                0x000000000000aa5c       0x20 /home/mkhuthir/.platformio/packages/toolchain-gccarmnoneeabi/bin/../lib/gcc/arm-none-eabi/10.3.1/../../../../arm-none-eabi/lib/thumb/v7e-m+fp/hard/libc_nano.a(lib_a-isattyr.o)
                0x000000000000aa5c                _isatty_r
 .text._malloc_usable_size_r
                0x000000000000aa7c       0x10 /home/mkhuthir/.platformio/packages/toolchain-gccarmnoneeabi/bin/../lib/gcc/arm-none-eabi/10.3.1/../../../../arm-none-eabi/lib/thumb/v7e-m+fp/hard/libc_nano.a(lib_a-nano-msizer.o)
                0x000000000000aa7c                _malloc_usable_size_r
 .text          0x000000000000aa8c      0x378 /home/mkhuthir/.platformio/packages/toolchain-gccarmnoneeabi/bin/../lib/gcc/arm-none-eabi/10.3.1/thumb/v7e-m+fp/hard/libgcc.a(_arm_addsubdf3.o)
                0x000000000000aa8c                __aeabi_drsub
                0x000000000000aa94                __aeabi_dsub
                0x000000000000aa94                __subdf3
                0x000000000000aa98                __adddf3
                0x000000000000aa98                __aeabi_dadd
                0x000000000000ad10                __aeabi_ui2d
                0x000000000000ad10                __floatunsidf
                0x000000000000ad30                __floatsidf
                0x000000000000ad30                __aeabi_i2d
                0x000000000000ad54                __extendsfdf2
                0x000000000000ad54                __aeabi_f2d
                0x000000000000ad98                __aeabi_ul2d
                0x000000000000ad98                __floatundidf
                0x000000000000ada8                __floatdidf
                0x000000000000ada8                __aeabi_l2d
 .text          0x000000000000ae04      0x424 /home/mkhuthir/.platformio/packages/toolchain-gccarmnoneeabi/bin/../lib/gcc/arm-none-eabi/10.3.1/thumb/v7e-m+fp/hard/libgcc.a(_arm_muldivdf3.o)
                0x000000000000ae04                __aeabi_dmul
                0x000000000000ae04                __muldf3
                0x000000000000b058                __aeabi_ddiv
                0x000000000000b058                __divdf3
 .text          0x000000000000b228       0xa0 /home/mkhuthir/.platformio/packages/toolchain-gccarmnoneeabi/bin/../lib/gcc/arm-none-eabi/10.3.1/thumb/v7e-m+fp/hard/libgcc.a(_arm_truncdfsf2.o)
                0x000000000000b228                __aeabi_d2f
                0x000000000000b228                __truncdfsf2
 .text          0x000000000000b2c8       0xa0 /home/mkhuthir/.platformio/packages/toolchain-gccarmnoneeabi/bin/../lib/gcc/arm-none-eabi/10.3.1/thumb/v7e-m+fp/hard/libgcc.a(_aeabi_ldivmod.o)
                0x000000000000b2c8                __aeabi_ldivmod
 .text.__udivmoddi4
                0x000000000000b368      0x2d0 /home/mkhuthir/.platformio/packages/toolchain-gccarmnoneeabi/bin/../lib/gcc/arm-none-eabi/10.3.1/thumb/v7e-m+fp/hard/libgcc.a(_udivmoddi4.o)
                0x000000000000b368                __udivmoddi4
 .text          0x000000000000b638        0x4 /home/mkhuthir/.platformio/packages/toolchain-gccarmnoneeabi/bin/../lib/gcc/arm-none-eabi/10.3.1/thumb/v7e-m+fp/hard/libgcc.a(_dvmd_tls.o)
                0x000000000000b638                __aeabi_ldiv0
                0x000000000000b638                __aeabi_idiv0
 .text._close   0x000000000000b63c       0x10 /home/mkhuthir/.platformio/packages/toolchain-gccarmnoneeabi/bin/../lib/gcc/arm-none-eabi/10.3.1/../../../../arm-none-eabi/lib/thumb/v7e-m+fp/hard/libnosys.a(close.o)
                0x000000000000b63c                _close
 .text._fstat   0x000000000000b64c       0x10 /home/mkhuthir/.platformio/packages/toolchain-gccarmnoneeabi/bin/../lib/gcc/arm-none-eabi/10.3.1/../../../../arm-none-eabi/lib/thumb/v7e-m+fp/hard/libnosys.a(fstat.o)
                0x000000000000b64c                _fstat
 .text._getpid  0x000000000000b65c       0x10 /home/mkhuthir/.platformio/packages/toolchain-gccarmnoneeabi/bin/../lib/gcc/arm-none-eabi/10.3.1/../../../../arm-none-eabi/lib/thumb/v7e-m+fp/hard/libnosys.a(getpid.o)
                0x000000000000b65c                _getpid
 .text._isatty  0x000000000000b66c       0x10 /home/mkhuthir/.platformio/packages/toolchain-gccarmnoneeabi/bin/../lib/gcc/arm-none-eabi/10.3.1/../../../../arm-none-eabi/lib/thumb/v7e-m+fp/hard/libnosys.a(isatty.o)
                0x000000000000b66c                _isatty
 .text._kill    0x000000000000b67c       0x10 /home/mkhuthir/.platformio/packages/toolchain-gccarmnoneeabi/bin/../lib/gcc/arm-none-eabi/10.3.1/../../../../arm-none-eabi/lib/thumb/v7e-m+fp/hard/libnosys.a(kill.o)
                0x000000000000b67c                _kill
 .text._lseek   0x000000000000b68c       0x10 /home/mkhuthir/.platformio/packages/toolchain-gccarmnoneeabi/bin/../lib/gcc/arm-none-eabi/10.3.1/../../../../arm-none-eabi/lib/thumb/v7e-m+fp/hard/libnosys.a(lseek.o)
                0x000000000000b68c                _lseek
 .text._read    0x000000000000b69c       0x10 /home/mkhuthir/.platformio/packages/toolchain-gccarmnoneeabi/bin/../lib/gcc/arm-none-eabi/10.3.1/../../../../arm-none-eabi/lib/thumb/v7e-m+fp/hard/libnosys.a(read.o)
                0x000000000000b69c                _read
 .text._sbrk    0x000000000000b6ac       0x1c /home/mkhuthir/.platformio/packages/toolchain-gccarmnoneeabi/bin/../lib/gcc/arm-none-eabi/10.3.1/../../../../arm-none-eabi/lib/thumb/v7e-m+fp/hard/libnosys.a(sbrk.o)
                0x000000000000b6ac                _sbrk
 .text._exit    0x000000000000b6c8        0x4 /home/mkhuthir/.platformio/packages/toolchain-gccarmnoneeabi/bin/../lib/gcc/arm-none-eabi/10.3.1/../../../../arm-none-eabi/lib/thumb/v7e-m+fp/hard/libnosys.a(_exit.o)
                0x000000000000b6c8                _exit
 .text.startup.main
                0x000000000000b6cc        0xa .pio/build/uno_r4_wifi/libFrameworkArduinoVariant.a(main.c.o)
                0x000000000000b6cc                main
 .text.PINCOUNT_fn
                0x000000000000b6d6        0x4 .pio/build/uno_r4_wifi/libFrameworkArduinoVariant.a(variant.cpp.o)
                0x000000000000b6d6                PINCOUNT_fn
 .text._Z17__maybe_start_usbv
                0x000000000000b6da        0x2 .pio/build/uno_r4_wifi/libFrameworkArduinoVariant.a(variant.cpp.o)
                0x000000000000b6da                __maybe_start_usb()
 .text.initVariant
                0x000000000000b6dc       0x9c .pio/build/uno_r4_wifi/libFrameworkArduinoVariant.a(variant.cpp.o)
                0x000000000000b6dc                initVariant
 *(.version)
 .version       0x000000000000b778       0x50 /home/mkhuthir/.platformio/packages/framework-arduinorenesas-uno/variants/UNOWIFIR4/libs/libfsp.a(bsp_common.o)
 *(.init)
 *(.fini)
 *crtbegin.o(.ctors)
 *crtbegin?.o(.ctors)
 *(EXCLUDE_FILE(*crtend.o *crtend?.o) .ctors)
 *(SORT_BY_NAME(.ctors.*))
 *(.ctors)
 *crtbegin.o(.dtors)
 *crtbegin?.o(.dtors)
 *(EXCLUDE_FILE(*crtend.o *crtend?.o) .dtors)
 *(SORT_BY_NAME(.dtors.*))
 *(.dtors)
 *(.rodata*)
 .rodata.CSWTCH.44
                0x000000000000b7c8        0x6 .pio/build/uno_r4_wifi/libFrameworkArduino.a(analog.cpp.o)
 .rodata.CSWTCH.72
                0x000000000000b7ce        0x5 .pio/build/uno_r4_wifi/libFrameworkArduino.a(analog.cpp.o)
 .rodata._Z12arduino_mainv.str1.1
                0x000000000000b7d3       0x10 .pio/build/uno_r4_wifi/libFrameworkArduino.a(main.cpp.o)
 .rodata        0x000000000000b7e3        0xd .pio/build/uno_r4_wifi/libFrameworkArduino.a(main.cpp.o)
 .rodata.g_interrupt_event_link_select
                0x000000000000b7f0       0x20 .pio/build/uno_r4_wifi/libFrameworkArduino.a(vector_table.c.o)
                0x000000000000b7f0                g_interrupt_event_link_select
 .rodata._ZTV4UART
                0x000000000000b810       0x34 .pio/build/uno_r4_wifi/libFrameworkArduino.a(Serial.cpp.o)
                0x000000000000b810                vtable for UART
 .rodata.str1.1
                0x000000000000b844       0x20 .pio/build/uno_r4_wifi/libFrameworkArduino.a(cm_backtrace.c.o)
 .rodata.dump_stack.str1.1
                0x000000000000b864       0x68 .pio/build/uno_r4_wifi/libFrameworkArduino.a(cm_backtrace.c.o)
                                         0x8d (size before relaxing)
 .rodata.cm_backtrace_init.str1.1
                0x000000000000b8cc       0x62 .pio/build/uno_r4_wifi/libFrameworkArduino.a(cm_backtrace.c.o)
 .rodata.cm_backtrace_firmware_info.str1.1
                0x000000000000b92e       0x23 .pio/build/uno_r4_wifi/libFrameworkArduino.a(cm_backtrace.c.o)
 .rodata.print_call_stack.str1.1
                0x000000000000b951       0x65 .pio/build/uno_r4_wifi/libFrameworkArduino.a(cm_backtrace.c.o)
 .rodata.cm_backtrace_assert.str1.1
                0x000000000000b9b6       0x26 .pio/build/uno_r4_wifi/libFrameworkArduino.a(cm_backtrace.c.o)
                                         0x28 (size before relaxing)
 .rodata.cm_backtrace_fault.str1.1
                0x000000000000b9dc      0x6ae .pio/build/uno_r4_wifi/libFrameworkArduino.a(cm_backtrace.c.o)
 .rodata.__FUNCTION__.0
                0x000000000000c08a       0x13 .pio/build/uno_r4_wifi/libFrameworkArduino.a(cm_backtrace.c.o)
 *fill*         0x000000000000c09d        0x3 ff
 .rodata.g_async_baud
                0x000000000000c0a0        0xd /home/mkhuthir/.platformio/packages/framework-arduinorenesas-uno/variants/UNOWIFIR4/libs/libfsp.a(r_sci_uart.o)
 *fill*         0x000000000000c0ad        0x3 ff
 .rodata.g_div_coefficient
                0x000000000000c0b0       0x1a /home/mkhuthir/.platformio/packages/framework-arduinorenesas-uno/variants/UNOWIFIR4/libs/libfsp.a(r_sci_uart.o)
 *fill*         0x000000000000c0ca        0x2 ff
 .rodata.g_vbatt_pins_input
                0x000000000000c0cc        0x6 /home/mkhuthir/.platformio/packages/framework-arduinorenesas-uno/variants/UNOWIFIR4/libs/libfsp.a(r_ioport.o)
 *fill*         0x000000000000c0d2        0x2 ff
 .rodata.adc_elc_trigger_lut
                0x000000000000c0d4        0xc /home/mkhuthir/.platformio/packages/framework-arduinorenesas-uno/variants/UNOWIFIR4/libs/libfsp.a(r_adc.o)
 .rodata.g_prcr_masks
                0x000000000000c0e0        0x8 /home/mkhuthir/.platformio/packages/framework-arduinorenesas-uno/variants/UNOWIFIR4/libs/libfsp.a(bsp_register_protection.o)
 .rodata._global_impure_ptr
                0x000000000000c0e8        0x4 /home/mkhuthir/.platformio/packages/toolchain-gccarmnoneeabi/bin/../lib/gcc/arm-none-eabi/10.3.1/../../../../arm-none-eabi/lib/thumb/v7e-m+fp/hard/libc_nano.a(lib_a-impure.o)
                0x000000000000c0e8                _global_impure_ptr
 .rodata.__sf_fake_stderr
                0x000000000000c0ec       0x20 /home/mkhuthir/.platformio/packages/toolchain-gccarmnoneeabi/bin/../lib/gcc/arm-none-eabi/10.3.1/../../../../arm-none-eabi/lib/thumb/v7e-m+fp/hard/libc_nano.a(lib_a-findfp.o)
                0x000000000000c0ec                __sf_fake_stderr
 .rodata.__sf_fake_stdin
                0x000000000000c10c       0x20 /home/mkhuthir/.platformio/packages/toolchain-gccarmnoneeabi/bin/../lib/gcc/arm-none-eabi/10.3.1/../../../../arm-none-eabi/lib/thumb/v7e-m+fp/hard/libc_nano.a(lib_a-findfp.o)
                0x000000000000c10c                __sf_fake_stdin
 .rodata.__sf_fake_stdout
                0x000000000000c12c       0x20 /home/mkhuthir/.platformio/packages/toolchain-gccarmnoneeabi/bin/../lib/gcc/arm-none-eabi/10.3.1/../../../../arm-none-eabi/lib/thumb/v7e-m+fp/hard/libc_nano.a(lib_a-findfp.o)
                0x000000000000c12c                __sf_fake_stdout
 .rodata._svfprintf_r.str1.1
                0x000000000000c14c       0x11 /home/mkhuthir/.platformio/packages/toolchain-gccarmnoneeabi/bin/../lib/gcc/arm-none-eabi/10.3.1/../../../../arm-none-eabi/lib/thumb/v7e-m+fp/hard/libc_nano.a(lib_a-nano-svfprintf.o)
 .rodata._printf_i.str1.1
                0x000000000000c15d       0x22 /home/mkhuthir/.platformio/packages/toolchain-gccarmnoneeabi/bin/../lib/gcc/arm-none-eabi/10.3.1/../../../../arm-none-eabi/lib/thumb/v7e-m+fp/hard/libc_nano.a(lib_a-nano-vfprintf_i.o)
 .rodata._vfprintf_r.str1.1
                0x000000000000c17f       0x11 /home/mkhuthir/.platformio/packages/toolchain-gccarmnoneeabi/bin/../lib/gcc/arm-none-eabi/10.3.1/../../../../arm-none-eabi/lib/thumb/v7e-m+fp/hard/libc_nano.a(lib_a-nano-vfprintf.o)
 *fill*         0x000000000000c17f        0x1 ff
 .rodata._ZL4P000
                0x000000000000c180        0x4 .pio/build/uno_r4_wifi/libFrameworkArduinoVariant.a(variant.cpp.o)
 .rodata._ZL4P001
                0x000000000000c184        0x4 .pio/build/uno_r4_wifi/libFrameworkArduinoVariant.a(variant.cpp.o)
 .rodata._ZL4P002
                0x000000000000c188        0x4 .pio/build/uno_r4_wifi/libFrameworkArduinoVariant.a(variant.cpp.o)
 .rodata._ZL4P003
                0x000000000000c18c        0x2 .pio/build/uno_r4_wifi/libFrameworkArduinoVariant.a(variant.cpp.o)
 .rodata._ZL4P004
                0x000000000000c18e        0x4 .pio/build/uno_r4_wifi/libFrameworkArduinoVariant.a(variant.cpp.o)
 .rodata._ZL4P011
                0x000000000000c192        0x4 .pio/build/uno_r4_wifi/libFrameworkArduinoVariant.a(variant.cpp.o)
 .rodata._ZL4P012
                0x000000000000c196        0x2 .pio/build/uno_r4_wifi/libFrameworkArduinoVariant.a(variant.cpp.o)
 .rodata._ZL4P013
                0x000000000000c198        0x2 .pio/build/uno_r4_wifi/libFrameworkArduinoVariant.a(variant.cpp.o)
 .rodata._ZL4P015
                0x000000000000c19a        0x4 .pio/build/uno_r4_wifi/libFrameworkArduinoVariant.a(variant.cpp.o)
 .rodata._ZL4P100
                0x000000000000c19e        0xe .pio/build/uno_r4_wifi/libFrameworkArduinoVariant.a(variant.cpp.o)
 .rodata._ZL4P101
                0x000000000000c1ac        0xe .pio/build/uno_r4_wifi/libFrameworkArduinoVariant.a(variant.cpp.o)
 .rodata._ZL4P102
                0x000000000000c1ba        0xc .pio/build/uno_r4_wifi/libFrameworkArduinoVariant.a(variant.cpp.o)
 .rodata._ZL4P103
                0x000000000000c1c6        0x8 .pio/build/uno_r4_wifi/libFrameworkArduinoVariant.a(variant.cpp.o)
 .rodata._ZL4P104
                0x000000000000c1ce        0x6 .pio/build/uno_r4_wifi/libFrameworkArduinoVariant.a(variant.cpp.o)
 .rodata._ZL4P105
                0x000000000000c1d4        0x4 .pio/build/uno_r4_wifi/libFrameworkArduinoVariant.a(variant.cpp.o)
 .rodata._ZL4P106
                0x000000000000c1d8        0x2 .pio/build/uno_r4_wifi/libFrameworkArduinoVariant.a(variant.cpp.o)
 .rodata._ZL4P107
                0x000000000000c1da        0x2 .pio/build/uno_r4_wifi/libFrameworkArduinoVariant.a(variant.cpp.o)
 .rodata._ZL4P109
                0x000000000000c1dc        0xa .pio/build/uno_r4_wifi/libFrameworkArduinoVariant.a(variant.cpp.o)
 .rodata._ZL4P110
                0x000000000000c1e6        0xc .pio/build/uno_r4_wifi/libFrameworkArduinoVariant.a(variant.cpp.o)
 .rodata._ZL4P111
                0x000000000000c1f2        0xa .pio/build/uno_r4_wifi/libFrameworkArduinoVariant.a(variant.cpp.o)
 .rodata._ZL4P112
                0x000000000000c1fc        0x6 .pio/build/uno_r4_wifi/libFrameworkArduinoVariant.a(variant.cpp.o)
 .rodata._ZL4P204
                0x000000000000c202        0xa .pio/build/uno_r4_wifi/libFrameworkArduinoVariant.a(variant.cpp.o)
 .rodata._ZL4P205
                0x000000000000c20c        0xa .pio/build/uno_r4_wifi/libFrameworkArduinoVariant.a(variant.cpp.o)
 .rodata._ZL4P206
                0x000000000000c216        0x6 .pio/build/uno_r4_wifi/libFrameworkArduinoVariant.a(variant.cpp.o)
 .rodata._ZL4P212
                0x000000000000c21c        0x6 .pio/build/uno_r4_wifi/libFrameworkArduinoVariant.a(variant.cpp.o)
 .rodata._ZL4P213
                0x000000000000c222        0x6 .pio/build/uno_r4_wifi/libFrameworkArduinoVariant.a(variant.cpp.o)
 .rodata._ZL4P301
                0x000000000000c228        0x8 .pio/build/uno_r4_wifi/libFrameworkArduinoVariant.a(variant.cpp.o)
 .rodata._ZL4P302
                0x000000000000c230        0x6 .pio/build/uno_r4_wifi/libFrameworkArduinoVariant.a(variant.cpp.o)
 .rodata._ZL4P303
                0x000000000000c236        0x2 .pio/build/uno_r4_wifi/libFrameworkArduinoVariant.a(variant.cpp.o)
 .rodata._ZL4P304
                0x000000000000c238        0x4 .pio/build/uno_r4_wifi/libFrameworkArduinoVariant.a(variant.cpp.o)
 .rodata._ZL4P401
                0x000000000000c23c        0xa .pio/build/uno_r4_wifi/libFrameworkArduinoVariant.a(variant.cpp.o)
 .rodata._ZL4P410
                0x000000000000c246        0x8 .pio/build/uno_r4_wifi/libFrameworkArduinoVariant.a(variant.cpp.o)
 .rodata._ZL4P411
                0x000000000000c24e        0x8 .pio/build/uno_r4_wifi/libFrameworkArduinoVariant.a(variant.cpp.o)
 .rodata._ZL4P500
                0x000000000000c256        0x4 .pio/build/uno_r4_wifi/libFrameworkArduinoVariant.a(variant.cpp.o)
 .rodata._ZL4P501
                0x000000000000c25a        0x8 .pio/build/uno_r4_wifi/libFrameworkArduinoVariant.a(variant.cpp.o)
 .rodata._ZL4P502
                0x000000000000c262        0x8 .pio/build/uno_r4_wifi/libFrameworkArduinoVariant.a(variant.cpp.o)
 .rodata._ZL6P014_b
                0x000000000000c26a        0x4 .pio/build/uno_r4_wifi/libFrameworkArduinoVariant.a(variant.cpp.o)
 .rodata._ZL6P400_b
                0x000000000000c26e        0x8 .pio/build/uno_r4_wifi/libFrameworkArduinoVariant.a(variant.cpp.o)
 .rodata._ZL6P408_b
                0x000000000000c276        0x8 .pio/build/uno_r4_wifi/libFrameworkArduinoVariant.a(variant.cpp.o)
 *fill*         0x000000000000c27e        0x2 ff
 .rodata.g_pin_cfg
                0x000000000000c280      0x138 .pio/build/uno_r4_wifi/libFrameworkArduinoVariant.a(variant.cpp.o)
                0x000000000000c280                g_pin_cfg
 *(.eh_frame*)
                0x000000000000c3b8                __ROM_End = .
                0x00000000000000c0                __Vectors_Size = (__Vectors_End - __Vectors)

.glue_7         0x000000000000c3b8        0x0
 .glue_7        0x000000000000c3b8        0x0 linker stubs

.glue_7t        0x000000000000c3b8        0x0
 .glue_7t       0x000000000000c3b8        0x0 linker stubs

.vfp11_veneer   0x000000000000c3b8        0x0
 .vfp11_veneer  0x000000000000c3b8        0x0 linker stubs

.v4_bx          0x000000000000c3b8        0x0
 .v4_bx         0x000000000000c3b8        0x0 linker stubs

.iplt           0x000000000000c3b8        0x0
 .iplt          0x000000000000c3b8        0x0 .pio/build/uno_r4_wifi/src/blink.cpp.o

.ARM.extab
 *(.ARM.extab* .gnu.linkonce.armextab.*)
                0x000000000000c3b8                __exidx_start = .

.ARM.exidx      0x000000000000c3b8        0x8
 *(.ARM.exidx* .gnu.linkonce.armexidx.*)
 .ARM.exidx.text.__udivmoddi4
                0x000000000000c3b8        0x8 /home/mkhuthir/.platformio/packages/toolchain-gccarmnoneeabi/bin/../lib/gcc/arm-none-eabi/10.3.1/thumb/v7e-m+fp/hard/libgcc.a(_udivmoddi4.o)
 .ARM.exidx.text._close
                0x000000000000c3c0        0x0 /home/mkhuthir/.platformio/packages/toolchain-gccarmnoneeabi/bin/../lib/gcc/arm-none-eabi/10.3.1/../../../../arm-none-eabi/lib/thumb/v7e-m+fp/hard/libnosys.a(close.o)
                                          0x8 (size before relaxing)
 .ARM.exidx.text._fstat
                0x000000000000c3c0        0x0 /home/mkhuthir/.platformio/packages/toolchain-gccarmnoneeabi/bin/../lib/gcc/arm-none-eabi/10.3.1/../../../../arm-none-eabi/lib/thumb/v7e-m+fp/hard/libnosys.a(fstat.o)
                                          0x8 (size before relaxing)
 .ARM.exidx.text._getpid
                0x000000000000c3c0        0x0 /home/mkhuthir/.platformio/packages/toolchain-gccarmnoneeabi/bin/../lib/gcc/arm-none-eabi/10.3.1/../../../../arm-none-eabi/lib/thumb/v7e-m+fp/hard/libnosys.a(getpid.o)
                                          0x8 (size before relaxing)
 .ARM.exidx.text._isatty
                0x000000000000c3c0        0x0 /home/mkhuthir/.platformio/packages/toolchain-gccarmnoneeabi/bin/../lib/gcc/arm-none-eabi/10.3.1/../../../../arm-none-eabi/lib/thumb/v7e-m+fp/hard/libnosys.a(isatty.o)
                                          0x8 (size before relaxing)
 .ARM.exidx.text._kill
                0x000000000000c3c0        0x0 /home/mkhuthir/.platformio/packages/toolchain-gccarmnoneeabi/bin/../lib/gcc/arm-none-eabi/10.3.1/../../../../arm-none-eabi/lib/thumb/v7e-m+fp/hard/libnosys.a(kill.o)
                                          0x8 (size before relaxing)
 .ARM.exidx.text._lseek
                0x000000000000c3c0        0x0 /home/mkhuthir/.platformio/packages/toolchain-gccarmnoneeabi/bin/../lib/gcc/arm-none-eabi/10.3.1/../../../../arm-none-eabi/lib/thumb/v7e-m+fp/hard/libnosys.a(lseek.o)
                                          0x8 (size before relaxing)
 .ARM.exidx.text._read
                0x000000000000c3c0        0x0 /home/mkhuthir/.platformio/packages/toolchain-gccarmnoneeabi/bin/../lib/gcc/arm-none-eabi/10.3.1/../../../../arm-none-eabi/lib/thumb/v7e-m+fp/hard/libnosys.a(read.o)
                                          0x8 (size before relaxing)
 .ARM.exidx.text._sbrk
                0x000000000000c3c0        0x0 /home/mkhuthir/.platformio/packages/toolchain-gccarmnoneeabi/bin/../lib/gcc/arm-none-eabi/10.3.1/../../../../arm-none-eabi/lib/thumb/v7e-m+fp/hard/libnosys.a(sbrk.o)
                                          0x8 (size before relaxing)
 .ARM.exidx.text._exit
                0x000000000000c3c0        0x0 /home/mkhuthir/.platformio/packages/toolchain-gccarmnoneeabi/bin/../lib/gcc/arm-none-eabi/10.3.1/../../../../arm-none-eabi/lib/thumb/v7e-m+fp/hard/libnosys.a(_exit.o)
                                          0x8 (size before relaxing)
                0x000000000000c3c0                __exidx_end = .
                0x000000000000c3c0                __etext = .
                0x0000000020000000                __tz_RAM_S = ORIGIN (RAM)

.rel.dyn        0x000000000000c3c0        0x0
 .rel.iplt      0x000000000000c3c0        0x0 .pio/build/uno_r4_wifi/src/blink.cpp.o

.fsp_dtc_vector_table
                0x0000000020000000        0x0
                0x0000000020000000                . = ORIGIN (RAM)
 *(.fsp_dtc_vector_table)

.data           0x0000000020000000       0x80 load address 0x000000000000c3c0
                0x0000000020000000                __data_start__ = .
                0x0000000020000000                . = ALIGN (0x4)
                0x0000000020000000                __Code_In_RAM_Start = .
 *(.code_in_ram*)
                0x0000000020000000                __Code_In_RAM_End = .
 *(vtable)
 *(.data.*)
 .data._ZL30_analogRequestedReadResolution
                0x0000000020000000        0x4 .pio/build/uno_r4_wifi/libFrameworkArduino.a(analog.cpp.o)
 .data._impure_ptr
                0x0000000020000004        0x4 /home/mkhuthir/.platformio/packages/toolchain-gccarmnoneeabi/bin/../lib/gcc/arm-none-eabi/10.3.1/../../../../arm-none-eabi/lib/thumb/v7e-m+fp/hard/libc_nano.a(lib_a-impure.o)
                0x0000000020000004                _impure_ptr
 .data.impure_data
                0x0000000020000008       0x60 /home/mkhuthir/.platformio/packages/toolchain-gccarmnoneeabi/bin/../lib/gcc/arm-none-eabi/10.3.1/../../../../arm-none-eabi/lib/thumb/v7e-m+fp/hard/libc_nano.a(lib_a-impure.o)
 *(.data)
                0x0000000020000068                . = ALIGN (0x4)
                [!provide]                        PROVIDE (__preinit_array_start = .)
 *(.preinit_array)
                [!provide]                        PROVIDE (__preinit_array_end = .)
                0x0000000020000068                . = ALIGN (0x4)
                0x0000000020000068                PROVIDE (__init_array_start = .)
 *(SORT_BY_NAME(.init_array.*))
 *(.init_array)
 .init_array    0x0000000020000068        0x4 .pio/build/uno_r4_wifi/libFrameworkArduino.a(time.cpp.o)
 .init_array    0x000000002000006c        0x4 .pio/build/uno_r4_wifi/libFrameworkArduino.a(analog.cpp.o)
 .init_array    0x0000000020000070        0x4 .pio/build/uno_r4_wifi/libFrameworkArduino.a(dac.cpp.o)
 .init_array    0x0000000020000074        0x4 .pio/build/uno_r4_wifi/libFrameworkArduino.a(SerialObj1.cpp.o)
                0x0000000020000078                PROVIDE (__init_array_end = .)
                0x0000000020000078                . = ALIGN (0x4)
                [!provide]                        PROVIDE (__fini_array_start = .)
 *(SORT_BY_NAME(.fini_array.*))
 *(.fini_array)
 .fini_array    0x0000000020000078        0x4 .pio/build/uno_r4_wifi/libFrameworkArduino.a(time.cpp.o)
 .fini_array    0x000000002000007c        0x4 .pio/build/uno_r4_wifi/libFrameworkArduino.a(analog.cpp.o)
                [!provide]                        PROVIDE (__fini_array_end = .)
 *(.jcr*)
                0x0000000020000080                . = ALIGN (0x4)
                0x0000000020000080                __data_end__ = .

.igot.plt       0x0000000020000080        0x0 load address 0x000000000000c440
 .igot.plt      0x0000000020000080        0x0 .pio/build/uno_r4_wifi/src/blink.cpp.o

.noinit         0x0000000020000080       0x18 load address 0x000000000000c440
                0x0000000020000080                . = ALIGN (0x4)
                0x0000000020000080                __noinit_start = .
 *(.noinit*)
 .noinit        0x0000000020000080       0x18 /home/mkhuthir/.platformio/packages/framework-arduinorenesas-uno/variants/UNOWIFIR4/libs/libfsp.a(bsp_clocks.o)
                0x0000000020000098                . = ALIGN (0x8)
 *(.heap.*)
                0x0000000020000098                __noinit_end = .

.bss            0x0000000020000098      0x8c0 load address 0x000000000000c440
                0x0000000020000098                . = ALIGN (0x4)
                0x0000000020000098                __bss_start__ = .
 *(.bss*)
 .bss._ZL9agt_timer
                0x0000000020000098       0x38 .pio/build/uno_r4_wifi/libFrameworkArduino.a(time.cpp.o)
 .bss.agt_time_ms
                0x00000000200000d0        0x4 .pio/build/uno_r4_wifi/libFrameworkArduino.a(time.cpp.o)
                0x00000000200000d0                agt_time_ms
 .bss._ZN8FspTimer16agt_used_channelE
                0x00000000200000d4        0x2 .pio/build/uno_r4_wifi/libFrameworkArduino.a(FspTimer.cpp.o)
                0x00000000200000d4                FspTimer::agt_used_channel
 .bss._ZN8FspTimer16gpt_used_channelE
                0x00000000200000d6        0x8 .pio/build/uno_r4_wifi/libFrameworkArduino.a(FspTimer.cpp.o)
                0x00000000200000d6                FspTimer::gpt_used_channel
 .bss._ZN8FspTimer18force_pwm_reservedE
                0x00000000200000de        0x1 .pio/build/uno_r4_wifi/libFrameworkArduino.a(FspTimer.cpp.o)
                0x00000000200000de                FspTimer::force_pwm_reserved
 *fill*         0x00000000200000df        0x1 
 .bss._ZGVZN10IRQManager11getInstanceEvE8instance
                0x00000000200000e0        0x4 .pio/build/uno_r4_wifi/libFrameworkArduino.a(IRQManager.cpp.o)
 .bss._ZZN10IRQManager11getInstanceEvE8instance
                0x00000000200000e4        0x4 .pio/build/uno_r4_wifi/libFrameworkArduino.a(IRQManager.cpp.o)
 .bss._ZL17scan_complete_cbk
                0x00000000200000e8        0x4 .pio/build/uno_r4_wifi/libFrameworkArduino.a(analog.cpp.o)
 .bss._ZL20window_compare_a_cbk
                0x00000000200000ec        0x4 .pio/build/uno_r4_wifi/libFrameworkArduino.a(analog.cpp.o)
 .bss._ZL20window_compare_b_cbk
                0x00000000200000f0        0x4 .pio/build/uno_r4_wifi/libFrameworkArduino.a(analog.cpp.o)
 .bss._ZL25analog_values_by_channels
                0x00000000200000f4       0x3a .pio/build/uno_r4_wifi/libFrameworkArduino.a(analog.cpp.o)
 *fill*         0x000000002000012e        0x2 
 .bss._ZL3adc   0x0000000020000130       0x5c .pio/build/uno_r4_wifi/libFrameworkArduino.a(analog.cpp.o)
 .bss._ZL4adc1  0x000000002000018c       0x5c .pio/build/uno_r4_wifi/libFrameworkArduino.a(analog.cpp.o)
 .bss._ZL4aref  0x00000000200001e8        0x4 .pio/build/uno_r4_wifi/libFrameworkArduino.a(analog.cpp.o)
 .bss._ZL4pwms  0x00000000200001ec       0x68 .pio/build/uno_r4_wifi/libFrameworkArduino.a(analog.cpp.o)
 .bss._dac12    0x0000000020000254       0x3c .pio/build/uno_r4_wifi/libFrameworkArduino.a(dac.cpp.o)
                0x0000000020000254                _dac12
 .bss.irq_vector_table
                0x0000000020000290        0x4 .pio/build/uno_r4_wifi/libFrameworkArduino.a(main.cpp.o)
                0x0000000020000290                irq_vector_table
 .bss._ZN4UART7g_uartsE
                0x0000000020000294       0x28 .pio/build/uno_r4_wifi/libFrameworkArduino.a(Serial.cpp.o)
                0x0000000020000294                UART::g_uarts
 .bss._UART1_   0x00000000200002bc      0x4ac .pio/build/uno_r4_wifi/libFrameworkArduino.a(SerialObj1.cpp.o)
                0x00000000200002bc                _UART1_
 .bss.call_stack_info
                0x0000000020000768       0x90 .pio/build/uno_r4_wifi/libFrameworkArduino.a(cm_backtrace.c.o)
 .bss.code_size
                0x00000000200007f8        0x4 .pio/build/uno_r4_wifi/libFrameworkArduino.a(cm_backtrace.c.o)
 .bss.code_start_addr
                0x00000000200007fc        0x4 .pio/build/uno_r4_wifi/libFrameworkArduino.a(cm_backtrace.c.o)
 .bss.fw_name   0x0000000020000800        0x4 .pio/build/uno_r4_wifi/libFrameworkArduino.a(cm_backtrace.c.o)
 .bss.init_ok   0x0000000020000804        0x1 .pio/build/uno_r4_wifi/libFrameworkArduino.a(cm_backtrace.c.o)
 *fill*         0x0000000020000805        0x3 
 .bss.main_stack_size
                0x0000000020000808        0x4 .pio/build/uno_r4_wifi/libFrameworkArduino.a(cm_backtrace.c.o)
 .bss.main_stack_start_addr
                0x000000002000080c        0x4 .pio/build/uno_r4_wifi/libFrameworkArduino.a(cm_backtrace.c.o)
 .bss.on_fault  0x0000000020000810        0x1 .pio/build/uno_r4_wifi/libFrameworkArduino.a(cm_backtrace.c.o)
 *fill*         0x0000000020000811        0x3 
 .bss.regs      0x0000000020000814       0x44 .pio/build/uno_r4_wifi/libFrameworkArduino.a(cm_backtrace.c.o)